channels/builtin-discord.ts(69,11): error TS2322: Type 'string | undefined' is not assignable to type 'string'.
  Type 'undefined' is not assignable to type 'string'.
channels/builtin-qq.ts(192,37): error TS2339: Property 'id' does not exist on type '{}'.
channels/builtin-slack.ts(70,11): error TS2322: Type 'string | undefined' is not assignable to type 'string'.
  Type 'undefined' is not assignable to type 'string'.
channels/builtin-wechat.ts(183,59): error TS2339: Property 'startsWith' does not exist on type '{}'.
config/config-validator.ts(70,21): error TS2345: Argument of type 'ConfigSchema' is not assignable to parameter of type 'ConfigSchemaField'.
  Types of property 'required' are incompatible.
    Type 'string[] | undefined' is not assignable to type 'boolean | undefined'.
      Type 'string[]' is not assignable to type 'boolean | undefined'.
config/config-validator.ts(101,25): error TS2345: Argument of type 'ConfigSchema' is not assignable to parameter of type 'ConfigSchemaField'.
  Types of property 'required' are incompatible.
    Type 'string[] | undefined' is not assignable to type 'boolean | undefined'.
      Type 'string[]' is not assignable to type 'boolean | undefined'.
config/config-validator.ts(236,21): error TS2345: Argument of type 'ConfigSchema' is not assignable to parameter of type 'ConfigSchemaField'.
  Types of property 'required' are incompatible.
    Type 'string[] | undefined' is not assignable to type 'boolean | undefined'.
      Type 'string[]' is not assignable to type 'boolean | undefined'.
engine/agents/agent-lifecycle-manager.ts(127,43): error TS2339: Property 'map' does not exist on type 'MapIterator<[string, AgentLifecycleEntry]>'.
engine/agents/agent-lifecycle-manager.ts(127,49): error TS7031: Binding element 'agentId' implicitly has an 'any' type.
engine/agents/agent-lifecycle-manager.ts(127,58): error TS7031: Binding element 'entry' implicitly has an 'any' type.
engine/agents/channel-tools.ts(74,40): error TS2345: Argument of type 'string | null | undefined' is not assignable to parameter of type 'string'.
  Type 'undefined' is not assignable to type 'string'.
engine/agents/channel-tools.ts(78,35): error TS2554: Expected 0 arguments, but got 1.
engine/agents/channel-tools.ts(92,40): error TS2345: Argument of type 'string | null | undefined' is not assignable to parameter of type 'string'.
  Type 'undefined' is not assignable to type 'string'.
engine/agents/channel-tools.ts(96,35): error TS2554: Expected 0 arguments, but got 1.
engine/agents/channel-tools.ts(110,40): error TS2345: Argument of type 'string | null | undefined' is not assignable to parameter of type 'string'.
  Type 'undefined' is not assignable to type 'string'.
engine/agents/channel-tools.ts(114,35): error TS2554: Expected 0 arguments, but got 1.
engine/agents/extra-params.ts(75,10): error TS2790: The operand of a 'delete' operator must be optional.
engine/agents/images.ts(84,12): error TS2322: Type '{ type: string; data: string; mimeType: string; }[]' is not assignable to type 'ImageContent[]'.
  Type '{ type: string; data: string; mimeType: string; }' is not assignable to type 'ImageContent'.
    Types of property 'type' are incompatible.
      Type 'string' is not assignable to type '"image"'.
engine/agents/oauth-shared.ts(127,25): error TS2345: Argument of type 'Record<string, unknown>' is not assignable to parameter of type 'Pick<Record<string, unknown>, "accountId" | "email">'.
  Type 'Record<string, unknown>' is missing the following properties from type 'Pick<Record<string, unknown>, "accountId" | "email">': accountId, email
engine/agents/oauth-shared.ts(130,35): error TS2345: Argument of type 'Record<string, unknown>' is not assignable to parameter of type 'Pick<Record<string, unknown>, "accountId" | "email">'.
  Type 'Record<string, unknown>' is missing the following properties from type 'Pick<Record<string, unknown>, "accountId" | "email">': accountId, email
engine/agents/subagent-registry.ts(32,9): error TS2339: Property 'suppressAnnounceReason' does not exist on type '{}'.
engine/agents/subagent-registry.ts(40,13): error TS2339: Property 'suppressAnnounceReason' does not exist on type '{}'.
engine/agents/subagent-registry.ts(41,11): error TS2339: Property 'suppressAnnounceReason' does not exist on type '{}'.
engine/agents/subagent-registry.ts(63,61): error TS2339: Property 'runTimeoutSeconds' does not exist on type '{}'.
engine/agents/subagent-registry.ts(71,5): error TS18046: 'next' is of type 'unknown'.
engine/agents/subagent-registry.ts(71,27): error TS18046: 'next' is of type 'unknown'.
engine/agents/subagent-registry.ts(112,20): error TS18046: 'entry' is of type 'unknown'.
engine/agents/subagent-registry.ts(120,9): error TS2339: Property 'cleanupHandled' does not exist on type '{}'.
engine/agents/subagent-registry.ts(137,11): error TS18046: 'entry' is of type 'unknown'.
engine/agents/subagent-registry.ts(153,32): error TS2339: Property 'cleanupCompletedAt' does not exist on type '{}'.
engine/agents/subagent-registry.ts(156,11): error TS2339: Property 'endedAt' does not exist on type '{}'.
engine/agents/subagent-registry.ts(157,11): error TS2339: Property 'outcome' does not exist on type '{}'.
engine/agents/subagent-registry.ts(158,11): error TS2339: Property 'cleanupHandled' does not exist on type '{}'.
engine/agents/subagent-registry.ts(169,9): error TS18046: 'entry' is of type 'unknown'.
engine/agents/subagent-registry.ts(171,30): error TS18046: 'entry' is of type 'unknown'.
engine/agents/subagent-registry.ts(172,26): error TS18046: 'entry' is of type 'unknown'.
engine/agents/subagent-registry.ts(181,9): error TS18046: 'entry' is of type 'unknown'.
engine/agents/subagent-registry.ts(181,61): error TS18046: 'entry' is of type 'unknown'.
engine/agents/subagent-registry.ts(190,9): error TS18046: 'entry' is of type 'unknown'.
engine/agents/subagent-registry.ts(190,54): error TS18046: 'entry' is of type 'unknown'.
engine/agents/subagent-registry.ts(205,31): error TS2339: Property 'endedAt' does not exist on type '{}'.
engine/agents/subagent-registry.ts(206,13): error TS2339: Property 'endedAt' does not exist on type '{}'.
engine/agents/subagent-registry.ts(207,13): error TS2339: Property 'outcome' does not exist on type '{}'.
engine/agents/subagent-registry.ts(213,11): error TS18046: 'entry' is of type 'unknown'.
engine/agents/subagent-registry.ts(213,70): error TS18046: 'entry' is of type 'unknown'.
engine/agents/subagent-registry.ts(214,9): error TS18046: 'entry' is of type 'unknown'.
engine/agents/subagent-registry.ts(215,9): error TS18046: 'entry' is of type 'unknown'.
engine/agents/subagent-registry.ts(229,9): error TS18046: 'entry' is of type 'unknown'.
engine/agents/subagent-registry.ts(230,39): error TS18046: 'entry' is of type 'unknown'.
engine/agents/subagent-registry.ts(266,9): error TS18046: 'entry' is of type 'unknown'.
engine/agents/subagent-registry.ts(276,9): error TS18046: 'entry' is of type 'unknown'.
engine/agents/subagent-registry.ts(276,69): error TS18046: 'entry' is of type 'unknown'.
engine/agents/subagent-registry.ts(286,9): error TS18046: 'entry' is of type 'unknown'.
engine/agents/subagent-registry.ts(286,64): error TS18046: 'entry' is of type 'unknown'.
engine/agents/subagent-registry.ts(296,9): error TS18046: 'entry' is of type 'unknown'.
engine/agents/subagent-registry.ts(296,64): error TS18046: 'entry' is of type 'unknown'.
engine/agents/subagent-registry.ts(310,7): error TS18046: 'entry' is of type 'unknown'.
engine/agents/subagent-registry.ts(311,14): error TS18046: 'entry' is of type 'unknown'.
engine/agents/subagent-registry.ts(312,7): error TS18046: 'entry' is of type 'unknown'.
engine/agents/subagent-registry.ts(323,9): error TS18046: 'entry' is of type 'unknown'.
engine/agents/subagent-registry.ts(332,9): error TS18046: 'entry' is of type 'unknown'.
engine/agents/subagent-registry.ts(349,9): error TS18046: 'entry' is of type 'unknown'.
engine/agents/subagent-registry.ts(352,20): error TS18046: 'entry' is of type 'unknown'.
engine/agents/subagent-registry.ts(352,45): error TS2339: Property 'createdAt' does not exist on type '{}'.
engine/agents/thinking.ts(35,12): error TS2339: Property 'type' does not exist on type 'never'.
engine/agents/thinking.ts(35,41): error TS2339: Property 'type' does not exist on type 'never'.
engine/agents/thinking.ts(43,22): error TS2339: Property 'type' does not exist on type 'never'.
engine/agents/thinking.ts(48,18): error TS2339: Property 'content' does not exist on type 'never'.
engine/agents/thinking.ts(48,32): error TS7006: Parameter 'block' implicitly has an 'any' type.
engine/agents/thinking.ts(48,58): error TS2345: Argument of type 'any' is not assignable to parameter of type 'never'.
engine/agents/thinking.ts(56,11): error TS2339: Property 'type' does not exist on type 'never'.
engine/agents/thinking.ts(57,11): error TS2339: Property 'signature' does not exist on type 'never'.
engine/agents/thinking.ts(58,11): error TS2339: Property 'thinkingSignature' does not exist on type 'never'.
engine/agents/thinking.ts(59,11): error TS2339: Property 'thought_signature' does not exist on type 'never'.
engine/agents/thinking.ts(64,52): error TS2339: Property 'type' does not exist on type 'never'.
engine/agents/thinking.ts(67,23): error TS2339: Property 'text' does not exist on type 'never'.
engine/agents/thinking.ts(67,50): error TS2339: Property 'text' does not exist on type 'never'.
engine/agents/thinking.ts(111,31): error TS2339: Property 'content' does not exist on type 'never'.
engine/agents/thinking.ts(112,26): error TS2345: Argument of type 'any' is not assignable to parameter of type 'never'.
engine/agents/thinking.ts(113,23): error TS2345: Argument of type 'any' is not assignable to parameter of type 'never'.
engine/agents/thinking.ts(122,23): error TS2345: Argument of type 'any' is not assignable to parameter of type 'never'.
engine/agents/thinking.ts(125,59): error TS2345: Argument of type 'any' is not assignable to parameter of type 'never'.
engine/agents/thinking.ts(131,12): error TS2698: Spread types may only be created from object types.
engine/agents/thinking.ts(160,41): error TS2339: Property 'timestamp' does not exist on type 'never'.
engine/agents/thinking.ts(179,11): error TS2339: Property 'type' does not exist on type 'never'.
engine/agents/thinking.ts(180,16): error TS2339: Property 'data' does not exist on type 'never'.
engine/agents/thinking.ts(180,28): error TS2339: Property 'signature' does not exist on type 'never'.
engine/agents/thinking.ts(180,45): error TS2339: Property 'thinkingSignature' does not exist on type 'never'.
engine/agents/thinking.ts(180,70): error TS2339: Property 'thought_signature' does not exist on type 'never'.
engine/agents/thinking.ts(181,16): error TS2339: Property 'signature' does not exist on type 'never'.
engine/agents/thinking.ts(181,33): error TS2339: Property 'thinkingSignature' does not exist on type 'never'.
engine/agents/thinking.ts(181,58): error TS2339: Property 'thought_signature' does not exist on type 'never'.
engine/agents/thinking.ts(219,33): error TS2339: Property 'content' does not exist on type 'never'.
engine/agents/thinking.ts(220,28): error TS2345: Argument of type 'any' is not assignable to parameter of type 'never'.
engine/agents/thinking.ts(220,69): error TS2345: Argument of type 'any' is not assignable to parameter of type 'never'.
engine/agents/thinking.ts(221,26): error TS2345: Argument of type 'any' is not assignable to parameter of type 'never'.
engine/agents/thinking.ts(234,7): error TS2698: Spread types may only be created from object types.
engine/agents/thinking.ts(266,29): error TS2339: Property 'content' does not exist on type 'never'.
engine/agents/thinking.ts(267,27): error TS2345: Argument of type 'any' is not assignable to parameter of type 'never'.
engine/agents/thinking.ts(272,24): error TS2345: Argument of type 'any' is not assignable to parameter of type 'never'.
engine/agents/thinking.ts(279,16): error TS2698: Spread types may only be created from object types.
engine/agents/thinking.ts(351,31): error TS2339: Property 'content' does not exist on type 'never'.
engine/agents/thinking.ts(351,47): error TS7006: Parameter 'block' implicitly has an 'any' type.
engine/agents/thinking.ts(351,74): error TS2345: Argument of type 'any' is not assignable to parameter of type 'never'.
engine/agents/thinking.ts(352,38): error TS2339: Property 'content' does not exist on type 'never'.
engine/agents/thinking.ts(356,5): error TS2698: Spread types may only be created from object types.
engine/agents/thinking.ts(398,33): error TS2339: Property 'content' does not exist on type 'never'.
engine/agents/thinking.ts(398,49): error TS7006: Parameter 'block' implicitly has an 'any' type.
engine/agents/thinking.ts(398,76): error TS2345: Argument of type 'any' is not assignable to parameter of type 'never'.
engine/agents/thinking.ts(399,40): error TS2339: Property 'content' does not exist on type 'never'.
engine/agents/thinking.ts(406,7): error TS2698: Spread types may only be created from object types.
engine/agents/thinking.ts(417,15): error TS2339: Property 'content' does not exist on type 'never'.
engine/agents/thinking.ts(426,31): error TS2339: Property 'content' does not exist on type 'never'.
engine/agents/thinking.ts(430,25): error TS2345: Argument of type 'any' is not assignable to parameter of type 'never'.
engine/agents/thinking.ts(431,33): error TS2345: Argument of type 'any' is not assignable to parameter of type 'never'.
engine/agents/thinking.ts(439,53): error TS2345: Argument of type 'any' is not assignable to parameter of type 'never'.
engine/channels/catalog.ts(35,5): error TS2322: Type '{ provider: string; label: string | undefined; description: string | undefined; iconUrl: unknown; }[]' is not assignable to type 'ChannelUiMetaEntry[]'.
  Type '{ provider: string; label: string | undefined; description: string | undefined; iconUrl: unknown; }' is not assignable to type 'ChannelUiMetaEntry'.
    Types of property 'iconUrl' are incompatible.
      Type 'unknown' is not assignable to type 'string | undefined'.
engine/channels/config-writes.ts(32,43): error TS2345: Argument of type '{ cfg: OpenClawConfig; channelId?: unknown; accountId?: string | null | undefined; }' is not assignable to parameter of type '{ cfg: ConfigWritePolicyConfig; channelId?: string | null | undefined; accountId?: string | null | undefined; }'.
  Types of property 'channelId' are incompatible.
    Type 'unknown' is not assignable to type 'string | null | undefined'.
engine/channels/config-writes.ts(51,34): error TS2322: Type 'unknown' is not assignable to type 'string | null | undefined'.
engine/channels/config-writes.ts(69,47): error TS2345: Argument of type '{ result: { allowed: false; reason: "ambiguous-target" | "origin-disabled" | "target-disabled"; blockedScope?: { kind: "target" | "origin"; scope: ConfigWriteScopeLike<string>; } | undefined; }; fallbackChannelId?: unknown; }' is not assignable to parameter of type '{ result: { allowed: false; reason: "ambiguous-target" | "origin-disabled" | "target-disabled"; blockedScope?: { kind: "target" | "origin"; scope: ConfigWriteScopeLike<string>; } | undefined; }; fallbackChannelId?: string | ... 1 more ... | undefined; }'.
  Types of property 'fallbackChannelId' are incompatible.
    Type 'unknown' is not assignable to type 'string | null | undefined'.
engine/channels/configured-binding-match.ts(36,10): error TS18046: 'params.rule' is of type 'unknown'.
engine/channels/configured-binding-match.ts(37,14): error TS18046: 'params.rule' is of type 'unknown'.
engine/channels/configured-binding-match.ts(38,22): error TS18046: 'params.rule' is of type 'unknown'.
engine/channels/configured-binding-match.ts(55,49): error TS18046: 'conversation' is of type 'unknown'.
engine/channels/configured-binding-match.ts(56,26): error TS18046: 'conversation' is of type 'unknown'.
engine/channels/configured-binding-match.ts(62,35): error TS18046: 'conversation' is of type 'unknown'.
engine/channels/configured-binding-match.ts(64,51): error TS18046: 'conversation' is of type 'unknown'.
engine/channels/configured-binding-match.ts(73,10): error TS18046: 'params.rule' is of type 'unknown'.
engine/channels/configured-binding-match.ts(94,7): error TS18046: 'rule' is of type 'unknown'.
engine/channels/configured-binding-match.ts(104,33): error TS2339: Property 'matchPriority' does not exist on type '{}'.
engine/channels/configured-binding-match.ts(106,43): error TS18046: 'exactMatch.match' is of type 'unknown'.
engine/channels/configured-binding-match.ts(111,44): error TS18046: 'wildcardMatch.match' is of type 'unknown'.
engine/channels/configured-binding-registry.ts(28,17): error TS2571: Object is of type 'unknown'.
engine/channels/configured-binding-registry.ts(47,3): error TS2322: Type 'unknown' is not assignable to type '{ bindingCount: number; channelCount: number; }'.
engine/channels/configured-binding-registry.ts(86,5): error TS2698: Spread types may only be created from object types.
engine/channels/message-action-discovery.ts(10,10): error TS2305: Module '"../infra/_runtime-stubs.js"' has no exported member 'defaultRuntime'.
engine/channels/message-action-discovery.ts(11,10): error TS2305: Module '"./registry.js"' has no exported member 'normalizeAnyChannelId'.
engine/channels/message-action-discovery.ts(12,52): error TS2724: '"./plugins/index.js"' has no exported member named 'listChannelPlugins'. Did you mean 'getChannelPlugin'?
engine/channels/message-action-discovery.ts(19,3): error TS2305: Module '"./types.public.js"' has no exported member 'ChannelMessageActionDiscoveryContext'.
engine/channels/message-action-discovery.ts(21,3): error TS2305: Module '"./types.public.js"' has no exported member 'ChannelMessageToolDiscovery'.
engine/channels/message-action-discovery.ts(22,3): error TS2305: Module '"./types.public.js"' has no exported member 'ChannelMessageToolSchemaContribution'.
engine/channels/message-action-discovery.ts(95,71): error TS2339: Property 'describeMessageTool' does not exist on type 'unknown'.
engine/channels/message-action-discovery.ts(129,54): error TS2344: Type 'unknown' does not satisfy the constraint 'string | number | symbol'.
engine/channels/message-action-discovery.ts(143,44): error TS2538: Type '{}' cannot be used as an index type.
engine/channels/message-action-discovery.ts(205,34): error TS2339: Property 'describeMessageTool' does not exist on type '{}'.
engine/cli/command-registry-core.ts(60,7): error TS2322: Type 'CommandGroupDescriptorSpec<(args: CommandRegisterParams) => Promise<void>>[]' is not assignable to type 'readonly CommandGroupDescriptorSpec<(params: CommandRegisterParams) => void | Promise<void>>[]'.
  Type 'CommandGroupDescriptorSpec<(args: CommandRegisterParams) => Promise<void>>' is not assignable to type 'CommandGroupDescriptorSpec<(params: CommandRegisterParams) => void | Promise<void>>'.
    Types of property 'commandNames' are incompatible.
      The type 'readonly string[]' is 'readonly' and cannot be assigned to the mutable type 'string[]'.
engine/cli/command-registry-core.ts(64,5): error TS2345: Argument of type 'CommandGroupDescriptorSpec<(program: Command) => Promise<void>>[]' is not assignable to parameter of type 'readonly CommandGroupDescriptorSpec<(program: Command) => void | Promise<void>>[]'.
  Type 'CommandGroupDescriptorSpec<(program: Command) => Promise<void>>' is not assignable to type 'CommandGroupDescriptorSpec<(program: Command) => void | Promise<void>>'.
    Types of property 'commandNames' are incompatible.
      The type 'readonly string[]' is 'readonly' and cannot be assigned to the mutable type 'string[]'.
engine/cli/command-registry-core.ts(115,5): error TS2345: Argument of type 'CommandGroupDescriptorSpec<(program: Command) => Promise<void>>[]' is not assignable to parameter of type 'readonly CommandGroupDescriptorSpec<(program: Command) => void | Promise<void>>[]'.
  Type 'CommandGroupDescriptorSpec<(program: Command) => Promise<void>>' is not assignable to type 'CommandGroupDescriptorSpec<(program: Command) => void | Promise<void>>'.
    Types of property 'commandNames' are incompatible.
      The type 'readonly string[]' is 'readonly' and cannot be assigned to the mutable type 'string[]'.
engine/cli/command-registry-core.ts(132,45): error TS2554: Expected 1 arguments, but got 2.
engine/cli/command-registry-core.ts(145,5): error TS2345: Argument of type 'CommandGroupDescriptorSpec<(program: Command) => Promise<void>>[]' is not assignable to parameter of type 'readonly CommandGroupDescriptorSpec<(program: Command) => void | Promise<void>>[]'.
  Type 'CommandGroupDescriptorSpec<(program: Command) => Promise<void>>' is not assignable to type 'CommandGroupDescriptorSpec<(program: Command) => void | Promise<void>>'.
    Types of property 'commandNames' are incompatible.
      The type 'readonly string[]' is 'readonly' and cannot be assigned to the mutable type 'string[]'.
engine/gateway/skills.ts(72,39): error TS2345: Argument of type 'Promise<{ [key: string]: unknown; skill: { [key: string]: unknown; name: string; }; }[]>' is not assignable to parameter of type 'readonly SkillEntry[]'.
  Type 'Promise<{ [key: string]: unknown; skill: { [key: string]: unknown; name: string; }; }[]>' is missing the following properties from type 'readonly SkillEntry[]': length, concat, join, slice, and 26 more.
engine/gateway/skills.ts(73,39): error TS2345: Argument of type 'SkillStatusSummary' is not assignable to parameter of type 'SkillStatusReport'.
  Type 'SkillStatusSummary' is missing the following properties from type 'SkillStatusReport': workspaceDir, managedSkillsDir, skills
engine/gateway/skills.ts(82,34): error TS2345: Argument of type 'Promise<{ [key: string]: unknown; skill: { [key: string]: unknown; name: string; }; }[]>' is not assignable to parameter of type 'readonly SkillIndexEntry[]'.
  Type 'Promise<{ [key: string]: unknown; skill: { [key: string]: unknown; name: string; }; }[]>' is missing the following properties from type 'readonly SkillIndexEntry[]': length, concat, join, slice, and 26 more.
engine/gateway/skills.ts(85,17): error TS2339: Property 'skill' does not exist on type 'SkillIndexEntry'.
engine/gateway/skills.ts(86,19): error TS2339: Property 'skill' does not exist on type 'SkillIndexEntry'.
engine/gateway/skills.ts(87,26): error TS2339: Property 'skill' does not exist on type 'SkillIndexEntry'.
engine/gateway/skills.ts(88,22): error TS2339: Property 'skill' does not exist on type 'SkillIndexEntry'.
engine/gateway/skills.ts(107,27): error TS2339: Property 'find' does not exist on type 'Promise<{ [key: string]: unknown; skill: { [key: string]: unknown; name: string; }; }[]>'.
engine/gateway/skills.ts(107,33): error TS7006: Parameter 'e' implicitly has an 'any' type.
engine/gateway/skills.ts(133,41): error TS2345: Argument of type 'string' is not assignable to parameter of type 'SkillInstallSpec'.
engine/gateway/skills.ts(139,33): error TS2339: Property 'skill' does not exist on type 'InstallResult'.
engine/gateway/skills.ts(140,27): error TS2339: Property 'skill' does not exist on type 'InstallResult'.
engine/gateway/skills.ts(141,27): error TS2339: Property 'skill' does not exist on type 'InstallResult'.
engine/gateway/skills.ts(162,28): error TS2554: Expected 2 arguments, but got 1.
engine/gateway/skills.ts(187,27): error TS2339: Property 'find' does not exist on type 'Promise<{ [key: string]: unknown; skill: { [key: string]: unknown; name: string; }; }[]>'.
engine/gateway/skills.ts(187,33): error TS7006: Parameter 'e' implicitly has an 'any' type.
engine/gateway/skills.ts(206,27): error TS2339: Property 'find' does not exist on type 'Promise<{ [key: string]: unknown; skill: { [key: string]: unknown; name: string; }; }[]>'.
engine/gateway/skills.ts(206,33): error TS7006: Parameter 'e' implicitly has an 'any' type.
engine/infra/_fs-safe-stubs.ts(908,7): error TS2322: Type 'void' is not assignable to type 'Buffer<ArrayBufferLike> | null'.
engine/infra/_fs-safe-stubs.ts(908,23): error TS2554: Expected 2-3 arguments, but got 1.
engine/infra/_fs-safe-stubs.ts(918,27): error TS2353: Object literal may only specify known properties, and 'recursive' does not exist in type 'NoParamCallback'.
engine/infra/_fs-safe-stubs.ts(919,14): error TS2554: Expected 3-4 arguments, but got 2.
engine/infra/_fs-safe-stubs.ts(923,16): error TS2554: Expected 2 arguments, but got 1.
engine/infra/channel-target-prefix.ts(58,33): error TS2339: Property 'channels' does not exist on type '{}'.
engine/infra/channel-target-prefix.ts(65,10): error TS7006: Parameter 'candidate' implicitly has an 'any' type.
engine/infra/command-explainer/extract.ts(1,15): error TS2305: Module '"./types.js"' has no exported member 'CommandStep'.
engine/infra/delivery-queue-storage.ts(82,5): error TS2322: Type 'OutboundChannel' is not assignable to type 'string'.
engine/infra/exec-approval-reply.ts(78,5): error TS2345: Argument of type 'unknown' is not assignable to parameter of type 'readonly string[]'.
engine/infra/exec-approval-reply.ts(319,31): error TS2339: Property 'channelData' does not exist on type 'ReplyPayload'.
engine/infra/exec-approval-reply.ts(403,5): error TS2353: Object literal may only specify known properties, and 'presentation' does not exist in type 'ReplyPayload'.
engine/infra/exec-approval-reply.ts(450,18): error TS2345: Argument of type '{}' is not assignable to parameter of type 'string'.
engine/infra/exec-approvals-allowlist.ts(13,15): error TS2305: Module '"./command-explainer/types.js"' has no exported member 'CommandStep'.
engine/infra/exec-approvals-allowlist.ts(82,17): error TS18046: 'resolveCommandResolutionFromArgv' is of type 'unknown'.
engine/infra/exec-approvals-allowlist.ts(99,35): error TS2339: Property 'topLevelCommands' does not exist on type 'CommandStep[]'.
engine/infra/exec-approvals-allowlist.ts(99,68): error TS2339: Property 'nestedCommands' does not exist on type 'CommandStep[]'.
engine/infra/exec-approvals-allowlist.ts(132,7): error TS18046: 'isWindowsPlatform' is of type 'unknown'.
engine/infra/exec-approvals-allowlist.ts(139,65): error TS2339: Property 'executableName' does not exist on type '{}'.
engine/infra/exec-approvals-allowlist.ts(147,21): error TS18046: 'resolveExecutableTrustPath' is of type 'unknown'.
engine/infra/exec-approvals-allowlist.ts(166,45): error TS2554: Expected 2 arguments, but got 3.
engine/infra/exec-approvals-allowlist.ts(266,22): error TS18046: 'params.segment' is of type 'unknown'.
engine/infra/exec-approvals-allowlist.ts(267,21): error TS18046: 'resolveExecutionTargetResolution' is of type 'unknown'.
engine/infra/exec-approvals-allowlist.ts(268,21): error TS18046: 'resolveExecutionTargetTrustPath' is of type 'unknown'.
engine/infra/exec-approvals-allowlist.ts(310,17): error TS18046: 'matchAllowlist' is of type 'unknown'.
engine/infra/exec-approvals-allowlist.ts(337,10): error TS2339: Property 'rawExecutable' does not exist on type '{}'.
engine/infra/exec-approvals-allowlist.ts(337,34): error TS2339: Property 'rawExecutable' does not exist on type '{}'.
engine/infra/exec-approvals-allowlist.ts(338,10): error TS2339: Property 'resolvedPath' does not exist on type '{}'.
engine/infra/exec-approvals-allowlist.ts(338,33): error TS2339: Property 'resolvedPath' does not exist on type '{}'.
engine/infra/exec-approvals-allowlist.ts(339,10): error TS2339: Property 'resolvedRealPath' does not exist on type '{}'.
engine/infra/exec-approvals-allowlist.ts(339,37): error TS2339: Property 'resolvedRealPath' does not exist on type '{}'.
engine/infra/exec-approvals-allowlist.ts(340,10): error TS2339: Property 'executableName' does not exist on type '{}'.
engine/infra/exec-approvals-allowlist.ts(340,35): error TS2339: Property 'executableName' does not exist on type '{}'.
engine/infra/exec-approvals-allowlist.ts(374,23): error TS18046: 'normalizeExecutableToken' is of type 'unknown'.
engine/infra/exec-approvals-allowlist.ts(375,8): error TS18046: 'POWERSHELL_WRAPPERS' is of type 'unknown'.
engine/infra/exec-approvals-allowlist.ts(396,22): error TS18046: 'segment' is of type 'unknown'.
engine/infra/exec-approvals-allowlist.ts(398,12): error TS18046: 'segment' is of type 'unknown'.
engine/infra/exec-approvals-allowlist.ts(400,29): error TS18046: 'normalizeExecutableToken' is of type 'unknown'.
engine/infra/exec-approvals-allowlist.ts(400,54): error TS18046: 'segment' is of type 'unknown'.
engine/infra/exec-approvals-allowlist.ts(402,12): error TS18046: 'segment' is of type 'unknown'.
engine/infra/exec-approvals-allowlist.ts(404,7): error TS18046: 'normalizeExecutableToken' is of type 'unknown'.
engine/infra/exec-approvals-allowlist.ts(408,10): error TS18046: 'normalizeExecutableToken' is of type 'unknown'.
engine/infra/exec-approvals-allowlist.ts(410,7): error TS18046: 'segment' is of type 'unknown'.
engine/infra/exec-approvals-allowlist.ts(414,45): error TS2345: Argument of type 'unknown' is not assignable to parameter of type '(token: string) => boolean'.
engine/infra/exec-approvals-allowlist.ts(421,21): error TS18046: 'resolveExecutionTargetResolution' is of type 'unknown'.
engine/infra/exec-approvals-allowlist.ts(421,54): error TS18046: 'segment' is of type 'unknown'.
engine/infra/exec-approvals-allowlist.ts(422,76): error TS18046: 'segment' is of type 'unknown'.
engine/infra/exec-approvals-allowlist.ts(461,16): error TS18046: 'params.segment' is of type 'unknown'.
engine/infra/exec-approvals-allowlist.ts(465,23): error TS18046: 'normalizeExecutableToken' is of type 'unknown'.
engine/infra/exec-approvals-allowlist.ts(466,24): error TS18046: 'POWERSHELL_WRAPPERS' is of type 'unknown'.
engine/infra/exec-approvals-allowlist.ts(496,16): error TS18046: 'params.segment' is of type 'unknown'.
engine/infra/exec-approvals-allowlist.ts(498,19): error TS18046: 'normalizeExecutableToken' is of type 'unknown'.
engine/infra/exec-approvals-allowlist.ts(510,23): error TS18046: 'normalizeExecutableToken' is of type 'unknown'.
engine/infra/exec-approvals-allowlist.ts(511,51): error TS18046: 'isShellWrapperExecutable' is of type 'unknown'.
engine/infra/exec-approvals-allowlist.ts(512,22): error TS18046: 'resolveCommandResolutionFromArgv' is of type 'unknown'.
engine/infra/exec-approvals-allowlist.ts(518,10): error TS18046: 'resolveExecutionTargetCandidatePath' is of type 'unknown'.
engine/infra/exec-approvals-allowlist.ts(523,10): error TS18046: 'resolveExecutableTrustPath' is of type 'unknown'.
engine/infra/exec-approvals-allowlist.ts(535,5): error TS18046: 'params.segment' is of type 'unknown'.
engine/infra/exec-approvals-allowlist.ts(535,49): error TS18046: 'params.segment' is of type 'unknown'.
engine/infra/exec-approvals-allowlist.ts(536,9): error TS18046: 'params.segment' is of type 'unknown'.
engine/infra/exec-approvals-allowlist.ts(537,9): error TS18046: 'params.segment' is of type 'unknown'.
engine/infra/exec-approvals-allowlist.ts(539,23): error TS18046: 'params.segment' is of type 'unknown'.
engine/infra/exec-approvals-allowlist.ts(541,11): error TS2698: Spread types may only be created from object types.
engine/infra/exec-approvals-allowlist.ts(542,32): error TS18046: 'resolvePolicyTargetResolution' is of type 'unknown'.
engine/infra/exec-approvals-allowlist.ts(542,62): error TS18046: 'params.segment' is of type 'unknown'.
engine/infra/exec-approvals-allowlist.ts(543,31): error TS18046: 'resolveExecutionTargetResolution' is of type 'unknown'.
engine/infra/exec-approvals-allowlist.ts(543,64): error TS18046: 'params.segment' is of type 'unknown'.
engine/infra/exec-approvals-allowlist.ts(544,25): error TS18046: 'resolvePolicyTargetCandidatePath' is of type 'unknown'.
engine/infra/exec-approvals-allowlist.ts(545,5): error TS18046: 'params.segment' is of type 'unknown'.
engine/infra/exec-approvals-allowlist.ts(548,21): error TS18046: 'resolvePolicyTargetTrustPath' is of type 'unknown'.
engine/infra/exec-approvals-allowlist.ts(548,50): error TS18046: 'params.segment' is of type 'unknown'.
engine/infra/exec-approvals-allowlist.ts(553,25): error TS18046: 'extractBindableShellWrapperInlineCommand' is of type 'unknown'.
engine/infra/exec-approvals-allowlist.ts(584,7): error TS18046: 'matchAllowlist' is of type 'unknown'.
engine/infra/exec-approvals-allowlist.ts(614,9): error TS18046: 'matchAllowlist' is of type 'unknown'.
engine/infra/exec-approvals-allowlist.ts(644,17): error TS18046: 'resolveExecutionTargetResolution' is of type 'unknown'.
engine/infra/exec-approvals-allowlist.ts(644,50): error TS18046: 'params.segment' is of type 'unknown'.
engine/infra/exec-approvals-allowlist.ts(670,8): error TS18046: 'isWindowsPlatform' is of type 'unknown'.
engine/infra/exec-approvals-allowlist.ts(717,9): error TS18046: 'segment' is of type 'unknown'.
engine/infra/exec-approvals-allowlist.ts(746,7): error TS18046: 'analysis' is of type 'unknown'.
engine/infra/exec-approvals-allowlist.ts(746,33): error TS18046: 'analysis' is of type 'unknown'.
engine/infra/exec-approvals-allowlist.ts(747,11): error TS18046: 'analysis' is of type 'unknown'.
engine/infra/exec-approvals-allowlist.ts(761,7): error TS18046: 'params.candidate' is of type 'unknown'.
engine/infra/exec-approvals-allowlist.ts(765,14): error TS18046: 'params.candidate' is of type 'unknown'.
engine/infra/exec-approvals-allowlist.ts(770,21): error TS18046: 'params.candidate' is of type 'unknown'.
engine/infra/exec-approvals-allowlist.ts(796,40): error TS2339: Property 'candidates' does not exist on type 'never'.
engine/infra/exec-approvals-allowlist.ts(822,22): error TS18046: 'analysis' is of type 'unknown'.
engine/infra/exec-approvals-allowlist.ts(852,8): error TS18046: 'params.plan' is of type 'unknown'.
engine/infra/exec-approvals-allowlist.ts(856,51): error TS18046: 'params.plan' is of type 'unknown'.
engine/infra/exec-approvals-allowlist.ts(856,75): error TS7006: Parameter 'group' implicitly has an 'any' type.
engine/infra/exec-approvals-allowlist.ts(858,7): error TS2322: Type 'any' is not assignable to type 'never'.
engine/infra/exec-approvals-allowlist.ts(873,8): error TS18046: 'params.analysis' is of type 'unknown'.
engine/infra/exec-approvals-allowlist.ts(873,30): error TS18046: 'params.analysis' is of type 'unknown'.
engine/infra/exec-approvals-allowlist.ts(877,29): error TS18046: 'params.analysis' is of type 'unknown'.
engine/infra/exec-approvals-allowlist.ts(923,8): error TS18046: 'isWindowsPlatform' is of type 'unknown'.
engine/infra/exec-approvals-allowlist.ts(941,8): error TS18046: 'isWindowsPlatform' is of type 'unknown'.
engine/infra/exec-approvals-allowlist.ts(971,5): error TS18046: 'params.segment' is of type 'unknown'.
engine/infra/exec-approvals-allowlist.ts(977,24): error TS18046: 'params.segment' is of type 'unknown'.
engine/infra/exec-approvals-allowlist.ts(982,23): error TS18046: 'params.segment' is of type 'unknown'.
engine/infra/exec-approvals-allowlist.ts(983,23): error TS18046: 'resolveCommandResolutionFromArgv' is of type 'unknown'.
engine/infra/exec-approvals-allowlist.ts(990,25): error TS18046: 'resolveExecutionTargetTrustPath' is of type 'unknown'.
engine/infra/exec-approvals-allowlist.ts(990,57): error TS18046: 'segment' is of type 'unknown'.
engine/infra/exec-approvals-allowlist.ts(993,27): error TS18046: 'segment' is of type 'unknown'.
engine/infra/exec-approvals-allowlist.ts(993,64): error TS18046: 'segment' is of type 'unknown'.
engine/infra/exec-approvals-allowlist.ts(997,48): error TS18046: 'segment' is of type 'unknown'.
engine/infra/exec-approvals-allowlist.ts(1018,37): error TS18046: 'params.segment' is of type 'unknown'.
engine/infra/exec-approvals-allowlist.ts(1027,8): error TS18046: 'isWindowsPlatform' is of type 'unknown'.
engine/infra/exec-approvals-allowlist.ts(1089,8): error TS18046: 'isWindowsPlatform' is of type 'unknown'.
engine/infra/exec-approvals-allowlist.ts(1130,8): error TS18046: 'isWindowsPlatform' is of type 'unknown'.
engine/infra/exec-approvals-allowlist.ts(1137,10): error TS18046: 'authorizationPlan' is of type 'unknown'.
engine/infra/exec-approvals-allowlist.ts(1162,7): error TS18046: 'isWindowsPlatform' is of type 'unknown'.
engine/infra/exec-approvals-allowlist.ts(1172,8): error TS18046: 'authorizationPlan' is of type 'unknown'.
engine/infra/exec-approvals-allowlist.ts(1178,17): error TS18046: 'params.analysis' is of type 'unknown'.
engine/infra/exec-approvals-test-helpers.ts(60,33): error TS18046: 'params.execution' is of type 'unknown'.
engine/infra/exec-approvals-test-helpers.ts(61,32): error TS18046: 'params.execution' is of type 'unknown'.
engine/infra/exec-approvals-test-helpers.ts(62,36): error TS18046: 'params.execution' is of type 'unknown'.
engine/infra/exec-approvals-test-helpers.ts(63,34): error TS18046: 'params.execution' is of type 'unknown'.
engine/infra/exec-approvals.ts(1537,9): error TS18046: 'isShellWrapperInvocation' is of type 'unknown'.
engine/infra/exec-approvals.ts(1537,34): error TS18046: 'segment' is of type 'unknown'.
engine/infra/exec-approvals.ts(1624,25): error TS18046: 'extractBindableShellWrapperInlineCommand' is of type 'unknown'.
engine/infra/exec-approvals.ts(1640,13): error TS2339: Property 'ok' does not exist on type '{}'.
engine/infra/exec-approvals.ts(1645,27): error TS2339: Property 'groups' does not exist on type '{}'.
engine/infra/exec-approvals.ts(1645,43): error TS7006: Parameter 'group' implicitly has an 'any' type.
engine/infra/exec-policy.ts(14,10): error TS2678: Type '"auto-approve"' is not comparable to type 'ExecMode'.
engine/infra/exec-policy.ts(15,16): error TS2322: Type '"standard"' is not assignable to type 'ExecSecurity | undefined'.
engine/infra/exec-policy.ts(15,38): error TS2322: Type '"never"' is not assignable to type 'ExecAsk | undefined'.
engine/infra/exec-policy.ts(16,10): error TS2678: Type '"ask-each-time"' is not comparable to type 'ExecMode'.
engine/infra/exec-policy.ts(17,16): error TS2322: Type '"standard"' is not assignable to type 'ExecSecurity | undefined'.
engine/infra/exec-policy.ts(18,10): error TS2678: Type '"manual"' is not comparable to type 'ExecMode'.
engine/infra/exec-policy.ts(19,16): error TS2322: Type '"strict"' is not assignable to type 'ExecSecurity | undefined'.
engine/infra/install-flow.ts(9,48): error TS2724: '"node:fs/promises"' has no exported member named 'Stats'. Did you mean 'stat'?
engine/infra/install-flow.ts(20,38): error TS2353: Object literal may only specify known properties, and 'stat' does not exist in type '{ ok: true; resolvedPath: string; }'.
engine/infra/install-source-utils.ts(77,5): error TS2345: Argument of type 'string[]' is not assignable to parameter of type 'string'.
engine/infra/install-source-utils.ts(80,11): error TS2339: Property 'code' does not exist on type 'RunCommandResult'.
engine/infra/install-source-utils.ts(105,36): error TS2353: Object literal may only specify known properties, and 'rootDir' does not exist in type '(ws: TempWorkspace) => Promise<T>'.
engine/infra/install-source-utils.ts(105,75): error TS7006: Parameter 'tmp' implicitly has an 'any' type.
engine/infra/install-source-utils.ts(196,5): error TS2345: Argument of type 'string[]' is not assignable to parameter of type 'string'.
engine/infra/install-source-utils.ts(199,11): error TS2339: Property 'code' does not exist on type 'RunCommandResult'.
engine/infra/install-source-utils.ts(232,5): error TS2345: Argument of type 'string[]' is not assignable to parameter of type 'string'.
engine/infra/install-source-utils.ts(235,11): error TS2339: Property 'code' does not exist on type 'RunCommandResult'.
engine/infra/kysely-node-sqlite.ts(64,5): error TS2322: Type 'undefined' is not assignable to type 'Driver'.
engine/infra/node-pairing.ts(356,16): error TS2349: This expression is not callable.
  Type '{ run<R extends unknown>(fn: () => Promise<R>): Promise<R>; }' has no call signatures.
engine/infra/node-pairing.ts(391,9): error TS2349: This expression is not callable.
  Type '{ run<R extends unknown>(fn: () => Promise<R>): Promise<R>; }' has no call signatures.
engine/infra/node-pairing.ts(399,16): error TS2349: This expression is not callable.
  Type '{ run<R extends unknown>(fn: () => Promise<R>): Promise<R>; }' has no call signatures.
engine/infra/node-pairing.ts(437,16): error TS2349: This expression is not callable.
  Type '{ run<R extends unknown>(fn: () => Promise<R>): Promise<R>; }' has no call signatures.
engine/infra/node-pairing.ts(479,16): error TS2349: This expression is not callable.
  Type '{ run<R extends unknown>(fn: () => Promise<R>): Promise<R>; }' has no call signatures.
engine/infra/node-pairing.ts(509,16): error TS2349: This expression is not callable.
  Type '{ run<R extends unknown>(fn: () => Promise<R>): Promise<R>; }' has no call signatures.
engine/infra/node-pairing.ts(561,16): error TS2349: This expression is not callable.
  Type '{ run<R extends unknown>(fn: () => Promise<R>): Promise<R>; }' has no call signatures.
engine/infra/node-pairing.ts(580,16): error TS2349: This expression is not callable.
  Type '{ run<R extends unknown>(fn: () => Promise<R>): Promise<R>; }' has no call signatures.
engine/infra/node-pairing.ts(613,16): error TS2349: This expression is not callable.
  Type '{ run<R extends unknown>(fn: () => Promise<R>): Promise<R>; }' has no call signatures.
engine/infra/node-pairing.ts(653,16): error TS2349: This expression is not callable.
  Type '{ run<R extends unknown>(fn: () => Promise<R>): Promise<R>; }' has no call signatures.
engine/infra/outbound-policy.ts(7,3): error TS2305: Module '"../channels/types.public.js"' has no exported member 'ChannelId'.
engine/infra/outbound-policy.ts(9,3): error TS2305: Module '"../channels/types.public.js"' has no exported member 'ChannelThreadingToolContext'.
engine/infra/outbound-policy.ts(50,3): error TS2322: Type '{}' is not assignable to type 'string'.
engine/infra/outbound-policy.ts(82,35): error TS2339: Property 'message' does not exist on type '{}'.
engine/infra/outbound-policy.ts(84,35): error TS2339: Property 'list' does not exist on type '{}'.
engine/infra/outbound-policy.ts(84,47): error TS7006: Parameter 'entry' implicitly has an 'any' type.
engine/infra/outbound-policy.ts(113,61): error TS2339: Property 'actions' does not exist on type '{}'.
engine/infra/outbound-policy.ts(125,36): error TS2345: Argument of type 'unknown' is not assignable to parameter of type 'string'.
engine/infra/outbound-policy.ts(142,22): error TS2339: Property 'allowCrossContextSend' does not exist on type '{}'.
engine/infra/outbound-policy.ts(144,47): error TS2339: Property 'crossContext' does not exist on type '{}'.
engine/infra/outbound-policy.ts(151,46): error TS2339: Property 'crossContext' does not exist on type '{}'.
engine/infra/outbound-policy.ts(171,106): error TS2339: Property 'crossContext' does not exist on type '{}'.
engine/infra/proxy-lifecycle.ts(4,15): error TS2305: Module '"./_runtime-stubs.js"' has no exported member 'ProxyConfig'.
engine/infra/runtime-fetch.ts(10,55): error TS2352: Conversion of type '{ (input: URL | RequestInfo, init?: RequestInit | undefined): Promise<Response>; (input: string | URL | Request, init?: RequestInit | undefined): Promise<...>; }' to type 'Record<string, unknown>' may be a mistake because neither type sufficiently overlaps with the other. If this was intentional, convert the expression to 'unknown' first.
  Index signature for type 'string' is missing in type '{ (input: URL | RequestInfo, init?: RequestInit | undefined): Promise<Response>; (input: string | URL | Request, init?: RequestInit | undefined): Promise<...>; }'.
engine/infra/session-binding-service.ts(77,3): error TS2322: Type 'unknown' is not assignable to type 'string'.
engine/infra/session-binding-service.ts(85,10): error TS18046: 'ref' is of type 'unknown'.
engine/infra/session-binding-service.ts(131,5): error TS2698: Spread types may only be created from object types.
engine/infra/session-binding-service.ts(173,53): error TS18046: 'ref' is of type 'unknown'.
engine/infra/session-binding-service.ts(173,77): error TS18046: 'ref' is of type 'unknown'.
engine/infra/session-binding-service.ts(193,18): error TS2339: Property 'bindingId' does not exist on type '{}'.
engine/infra/session-binding-service.ts(194,21): error TS2339: Property 'bindingId' does not exist on type '{}'.
engine/infra/session-binding-service.ts(202,63): error TS18046: 'input' is of type 'unknown'.
engine/infra/session-binding-service.ts(207,54): error TS18046: 'normalizedConversation' is of type 'unknown'.
engine/infra/session-binding-service.ts(207,88): error TS18046: 'normalizedConversation' is of type 'unknown'.
engine/infra/session-binding-service.ts(208,22): error TS18046: 'normalizedConversation' is of type 'unknown'.
engine/infra/session-binding-service.ts(208,65): error TS18046: 'normalizedConversation' is of type 'unknown'.
engine/infra/session-binding-service.ts(214,67): error TS18046: 'normalizedConversation' is of type 'unknown'.
engine/infra/session-binding-service.ts(214,101): error TS18046: 'normalizedConversation' is of type 'unknown'.
engine/infra/session-binding-service.ts(215,22): error TS18046: 'normalizedConversation' is of type 'unknown'.
engine/infra/session-binding-service.ts(215,65): error TS18046: 'normalizedConversation' is of type 'unknown'.
engine/infra/session-binding-service.ts(219,28): error TS18046: 'input' is of type 'unknown'.
engine/infra/session-binding-service.ts(224,76): error TS18046: 'normalizedConversation' is of type 'unknown'.
engine/infra/session-binding-service.ts(224,110): error TS18046: 'normalizedConversation' is of type 'unknown'.
engine/infra/session-binding-service.ts(225,22): error TS18046: 'normalizedConversation' is of type 'unknown'.
engine/infra/session-binding-service.ts(225,65): error TS18046: 'normalizedConversation' is of type 'unknown'.
engine/infra/session-binding-service.ts(228,42): error TS2698: Spread types may only be created from object types.
engine/infra/session-binding-service.ts(233,22): error TS18046: 'normalizedConversation' is of type 'unknown'.
engine/infra/session-binding-service.ts(233,65): error TS18046: 'normalizedConversation' is of type 'unknown'.
engine/infra/session-binding-service.ts(254,12): error TS18046: 'normalized' is of type 'unknown'.
engine/infra/session-binding-service.ts(254,35): error TS18046: 'normalized' is of type 'unknown'.
engine/infra/session-cost-usage.ts(670,10): error TS18048: 'cost.input' is possibly 'undefined'.
engine/infra/session-cost-usage.ts(670,28): error TS18048: 'cost.output' is possibly 'undefined'.
engine/infra/session-cost-usage.ts(670,47): error TS18048: 'cost.cacheRead' is possibly 'undefined'.
engine/infra/session-cost-usage.ts(670,69): error TS18048: 'cost.cacheWrite' is possibly 'undefined'.
engine/infra/session-cost-usage.ts(680,3): error TS2322: Type '({ provider, model }: { provider?: string | undefined; model?: string | undefined; }) => ModelCostConfig | null | undefined' is not assignable to type 'UsageCostResolver'.
  Type 'ModelCostConfig | null | undefined' is not assignable to type 'ModelCostConfig | null'.
    Type 'undefined' is not assignable to type 'ModelCostConfig | null'.
engine/infra/session-cost-usage.ts(759,5): error TS2719: Type 'NormalizedUsage | undefined' is not assignable to type 'NormalizedUsage | undefined'. Two different types with this name exist, but they are unrelated.
  Type 'NormalizedUsage' has no properties in common with type 'NormalizedUsage'.
engine/infra/session-cost-usage.ts(847,47): error TS2559: Type 'NormalizedUsage' has no properties in common with type 'NormalizedUsage'.
engine/infra/session-cost-usage.ts(852,33): error TS2559: Type 'NormalizedUsage' has no properties in common with type 'NormalizedUsage'.
engine/infra/session-cost-usage.ts(857,47): error TS2559: Type 'NormalizedUsage' has no properties in common with type 'NormalizedUsage'.
engine/infra/session-cost-usage.ts(1210,39): error TS2559: Type 'NormalizedUsage' has no properties in common with type 'NormalizedUsage'.
engine/infra/session-cost-usage.ts(1439,34): error TS2559: Type 'NormalizedUsage' has no properties in common with type 'NormalizedUsage'.
engine/infra/session-cost-usage.ts(1443,34): error TS2559: Type 'NormalizedUsage' has no properties in common with type 'NormalizedUsage'.
engine/infra/session-cost-usage.ts(1812,32): error TS2559: Type 'NormalizedUsage' has no properties in common with type 'NormalizedUsage'.
engine/infra/session-cost-usage.ts(1817,58): error TS2559: Type 'NormalizedUsage' has no properties in common with type 'NormalizedUsage'.
engine/infra/session-cost-usage.ts(1832,43): error TS2559: Type 'NormalizedUsage' has no properties in common with type 'NormalizedUsage'.
engine/infra/session-cost-usage.ts(1889,93): error TS2559: Type 'NormalizedUsage' has no properties in common with type 'NormalizedUsage'.
engine/infra/system-run-approval-binding.ts(30,23): error TS2322: Type '{}' is not assignable to type 'string'.
engine/infra/system-run-approval-binding.ts(30,39): error TS2322: Type '{}' is not assignable to type 'string'.
engine/infra/system-run-approval-binding.ts(37,7): error TS18046: 'argv' is of type 'unknown'.
engine/infra/system-run-approval-binding.ts(44,5): error TS2322: Type 'unknown' is not assignable to type 'string[]'.
engine/infra/system-run-approval-binding.ts(45,5): error TS2322: Type 'unknown' is not assignable to type 'string | null'.
engine/infra/system-run-approval-binding.ts(46,5): error TS2322: Type '{}' is not assignable to type 'string'.
engine/infra/system-run-approval-binding.ts(47,5): error TS2322: Type 'unknown' is not assignable to type 'string | null | undefined'.
engine/infra/system-run-approval-binding.ts(48,5): error TS2322: Type 'unknown' is not assignable to type 'string | null'.
engine/infra/system-run-approval-binding.ts(49,5): error TS2322: Type 'unknown' is not assignable to type 'string | null'.
engine/infra/system-run-approval-binding.ts(93,7): error TS2322: Type 'unknown' is not assignable to type 'string[]'.
engine/infra/system-run-approval-binding.ts(94,7): error TS2322: Type 'unknown' is not assignable to type 'string | null'.
engine/infra/system-run-approval-binding.ts(95,7): error TS2322: Type 'unknown' is not assignable to type 'string | null'.
engine/infra/system-run-approval-binding.ts(96,7): error TS2322: Type 'unknown' is not assignable to type 'string | null'.
engine/llm/index.ts(6,30): error TS2724: '"./model-registry.js"' has no exported member named 'ModelRegistryEntry'. Did you mean 'ModelRegistry'?
engine/llm/index.ts(7,10): error TS2305: Module '"./model-registry.js"' has no exported member 'registerModel'.
engine/llm/index.ts(7,25): error TS2305: Module '"./model-registry.js"' has no exported member 'getModel'.
engine/llm/index.ts(7,35): error TS2305: Module '"./model-registry.js"' has no exported member 'listRegisteredModels'.
engine/llm/index.ts(7,57): error TS2305: Module '"./model-registry.js"' has no exported member 'findModel'.
engine/llm/index.ts(7,68): error TS2305: Module '"./model-registry.js"' has no exported member 'findModelsByProvider'.
engine/llm/index.ts(7,90): error TS2724: '"./model-registry.js"' has no exported member named 'clearModelRegistry'. Did you mean 'ModelRegistry'?
engine/llm/model-registry.ts(70,21): error TS2345: Argument of type '{ id: string; name: string; provider: string; apiType: string; contextWindow: number; capabilities: string[]; }' is not assignable to parameter of type 'Model'.
  Types of property 'apiType' are incompatible.
    Type 'string' is not assignable to type 'ModelApiType'.
engine/llm/model-registry.ts(95,11): error TS2740: Type '{ 'openai-chat': string; 'openai-responses': string; 'openai-completions': string; 'anthropic-messages': string; 'google-generative-ai': string; 'qwen-chat': string; 'moonshot-chat': string; 'azure-openai': string; ... 22 more ...; 'fal-generate': string; }' is missing the following properties from type 'Record<ModelApiType, string>': "nvidia-chat", "brave-chat", "exa-chat", "firecrawl-chat", and 25 more.
engine/llm/model-registry.ts(164,64): error TS18048: 'criteria.minContextWindow' is possibly 'undefined'.
engine/llm/stream.ts(5,10): error TS2305: Module '"./model-registry.js"' has no exported member 'getModel'.
engine/plugin-sdk/plugin-registry.ts(508,7): error TS2739: Type '{ tool: number; provider: number; embedding: number; 'memory-host': number; channel: number; hook: number; command: number; service: number; }' is missing the following properties from type 'Record<PluginCapabilityKind, number>': search, skill, media
engine/plugin-sdk/slots.ts(10,7): error TS2739: Type '{ tool: "contextEngine"; provider: "contextEngine"; embedding: "contextEngine"; 'memory-host': "memory"; channel: "contextEngine"; hook: "contextEngine"; command: "contextEngine"; service: "contextEngine"; }' is missing the following properties from type 'Record<PluginCapabilityKind, PluginSlotKey>': search, skill, media
engine/plugins/_openclaw__model_catalog_core__configured_model_refs.ts(1,15): error TS2305: Module '"./_openclaw__model_catalog_core__model_catalog_types.js"' has no exported member 'OpenClawConfig'.
engine/plugins/_openclaw__normalization_core__string_normalization.ts(28,3): error TS2322: Type 'string[][]' is not assignable to type '[string, string][]'.
  Type 'string[]' is not assignable to type '[string, string]'.
    Target requires 2 element(s) but source may have fewer.
engine/plugins/activation-context.ts(82,40): error TS2339: Property 'plugins' does not exist on type '{}'.
engine/plugins/activation-context.ts(87,23): error TS2339: Property 'plugins' does not exist on type '{}'.
engine/plugins/activation-context.ts(105,61): error TS2339: Property 'plugins' does not exist on type '{}'.
engine/plugins/activation-context.ts(107,5): error TS2698: Spread types may only be created from object types.
engine/plugins/activation-context.ts(109,25): error TS2339: Property 'plugins' does not exist on type '{}'.
engine/plugins/activation-context.ts(124,9): error TS2322: Type 'unknown' is not assignable to type 'OpenClawConfig | undefined'.
engine/plugins/activation-context.ts(130,9): error TS2322: Type 'unknown' is not assignable to type 'OpenClawConfig | undefined'.
engine/plugins/activation-context.ts(168,28): error TS18046: 'params.config' is of type 'unknown'.
engine/plugins/activation-context.ts(178,10): error TS18046: 'applyPluginAutoEnable' is of type 'unknown'.
engine/plugins/activation-context.ts(214,56): error TS2339: Property 'plugins' does not exist on type '{}'.
engine/plugins/activation-context.ts(252,48): error TS2339: Property 'plugins' does not exist on type '{}'.
engine/plugins/activation-planner.ts(286,26): error TS2339: Property 'hooks' does not exist on type 'PluginManifestRecord'.
engine/plugins/active-runtime-registry.ts(3,55): error TS2305: Module '"./loader.js"' has no exported member 'PluginLoadOptions'.
engine/plugins/active-runtime-registry.ts(22,3): error TS2322: Type '[string, string][]' is not assignable to type 'string[]'.
  Type '[string, string]' is not assignable to type 'string'.
engine/plugins/agent-event-emission.ts(56,54): error TS2339: Property 'runId' does not exist on type 'PluginAgentEventEmitParams'.
engine/plugins/agent-event-emission.ts(57,59): error TS2339: Property 'sessionKey' does not exist on type 'PluginAgentEventEmitParams'.
engine/plugins/agent-event-emission.ts(58,55): error TS2339: Property 'stream' does not exist on type 'PluginAgentEventEmitParams'.
engine/plugins/agent-event-emission.ts(60,14): error TS2353: Object literal may only specify known properties, and 'emitted' does not exist in type 'PluginAgentEventEmitResult'.
engine/plugins/agent-event-emission.ts(62,39): error TS2339: Property 'data' does not exist on type 'PluginAgentEventEmitParams'.
engine/plugins/agent-event-emission.ts(63,14): error TS2353: Object literal may only specify known properties, and 'emitted' does not exist in type 'PluginAgentEventEmitResult'.
engine/plugins/agent-event-emission.ts(66,14): error TS2353: Object literal may only specify known properties, and 'emitted' does not exist in type 'PluginAgentEventEmitResult'.
engine/plugins/agent-event-emission.ts(70,7): error TS2353: Object literal may only specify known properties, and 'emitted' does not exist in type 'PluginAgentEventEmitResult'.
engine/plugins/agent-event-emission.ts(81,26): error TS2339: Property 'data' does not exist on type 'PluginAgentEventEmitParams'.
engine/plugins/agent-event-emission.ts(84,12): error TS2353: Object literal may only specify known properties, and 'emitted' does not exist in type 'PluginAgentEventEmitResult'.
engine/plugins/api-builder.ts(5,15): error TS2305: Module '"./types.js"' has no exported member 'OpenClawPluginApi'.
engine/plugins/api-builder.ts(145,3): error TS7006: Parameter 'injection' implicitly has an 'any' type.
engine/plugins/api-builder.ts(206,30): error TS7006: Parameter 'registrar' implicitly has an 'any' type.
engine/plugins/api-builder.ts(206,41): error TS7006: Parameter 'opts' implicitly has an 'any' type.
engine/plugins/api-builder.ts(294,33): error TS2345: Argument of type 'OpenClawPluginApiWithoutFacades' is not assignable to parameter of type 'OpenClawPluginApiWithoutFacades & PluginApiFacadeSource & Partial<PluginApiFacadeFields>'.
  Type 'OpenClawPluginApiWithoutFacades' is missing the following properties from type 'PluginApiFacadeSource': getRunContext, clearRunContext, emitAgentEvent, enqueueNextTurnInjection, and 10 more.
engine/plugins/api-facades.ts(2,15): error TS2305: Module '"./types.js"' has no exported member 'OpenClawPluginApi'.
engine/plugins/api-lifecycle.ts(2,15): error TS2305: Module '"./types.js"' has no exported member 'OpenClawPluginApi'.
engine/plugins/bundle-commands.ts(59,41): error TS2345: Argument of type '{ rootDir: string; relativePath: string; boundaryLabel: string; rejectHardlinks: boolean; }' is not assignable to parameter of type 'string'.
engine/plugins/bundle-commands.ts(65,22): error TS2322: Type 'unknown' is not assignable to type 'Record<string, unknown>'.
engine/plugins/bundle-commands.ts(164,44): error TS2339: Property 'plugins' does not exist on type '{}'.
engine/plugins/bundle-commands.ts(169,5): error TS2322: Type 'unknown' is not assignable to type 'OpenClawConfig | undefined'.
engine/plugins/bundle-commands.ts(172,64): error TS2339: Property 'plugins' does not exist on type '{}'.
engine/plugins/bundle-config-shared.ts(27,41): error TS2345: Argument of type '{ rootDir: string; relativePath: string; boundaryLabel: string; rejectHardlinks: boolean; }' is not assignable to parameter of type 'string'.
engine/plugins/bundle-config-shared.ts(34,24): error TS2322: Type 'unknown' is not assignable to type 'Record<string, unknown>'.
engine/plugins/bundle-config-shared.ts(37,35): error TS2345: Argument of type 'unknown' is not assignable to parameter of type 'RootFileOpenFailure'.
engine/plugins/bundle-config-shared.ts(39,23): error TS2322: Type 'unknown' is not assignable to type 'string'.
engine/plugins/bundle-config-shared.ts(47,3): error TS2322: Type 'RootFileOpenFailure | null' is not assignable to type 'ReadBundleJsonResult'.
  Type 'null' is not assignable to type 'ReadBundleJsonResult'.
engine/plugins/bundle-config-shared.ts(47,51): error TS2554: Expected 1 arguments, but got 2.
engine/plugins/bundle-config-shared.ts(54,16): error TS7006: Parameter 'failure' implicitly has an 'any' type.
engine/plugins/bundle-config-shared.ts(96,64): error TS2339: Property 'plugins' does not exist on type '{}'.
engine/plugins/bundle-config-shared.ts(105,7): error TS2322: Type 'unknown' is not assignable to type 'OpenClawConfig | undefined'.
engine/plugins/bundle-lsp.ts(71,41): error TS2345: Argument of type '{ rootDir: string; relativePath: string; boundaryLabel: string; rejectHardlinks: boolean; }' is not assignable to parameter of type 'string'.
engine/plugins/bundle-lsp.ts(82,11): error TS18046: 'result.failure' is of type 'unknown'.
engine/plugins/bundle-lsp.ts(84,58): error TS18046: 'result.failure' is of type 'unknown'.
engine/plugins/bundle-manifest.ts(100,45): error TS2558: Expected 0 type arguments, but got 1.
engine/plugins/bundle-manifest.ts(106,13): error TS7006: Parameter 'raw' implicitly has an 'any' type.
engine/plugins/bundle-manifest.ts(109,15): error TS2339: Property 'ok' does not exist on type 'string'.
engine/plugins/bundle-manifest.ts(109,28): error TS2339: Property 'reason' does not exist on type 'string'.
engine/plugins/bundle-manifest.ts(110,5): error TS2322: Type 'RootFileOpenFailure | null' is not assignable to type 'BundleManifestFileLoadResult'.
  Type 'null' is not assignable to type 'BundleManifestFileLoadResult'.
engine/plugins/bundle-manifest.ts(110,44): error TS2339: Property 'failure' does not exist on type 'string'.
engine/plugins/bundle-manifest.ts(110,53): error TS2554: Expected 1 arguments, but got 2.
engine/plugins/bundle-manifest.ts(117,18): error TS7006: Parameter 'failure' implicitly has an 'any' type.
engine/plugins/bundle-manifest.ts(124,15): error TS2339: Property 'ok' does not exist on type 'string'.
engine/plugins/bundle-manifest.ts(128,16): error TS2339: Property 'reason' does not exist on type 'string'.
engine/plugins/bundle-manifest.ts(130,56): error TS2339: Property 'error' does not exist on type 'string'.
engine/plugins/bundle-manifest.ts(134,34): error TS2551: Property 'value' does not exist on type 'string'. Did you mean 'valueOf'?
engine/plugins/bundle-mcp.ts(173,41): error TS2345: Argument of type '{ rootDir: string; relativePath: string; boundaryLabel: string; rejectHardlinks: boolean; }' is not assignable to parameter of type 'string'.
engine/plugins/bundle-mcp.ts(184,11): error TS18046: 'result.failure' is of type 'unknown'.
engine/plugins/bundle-mcp.ts(186,58): error TS18046: 'result.failure' is of type 'unknown'.
engine/plugins/bundled-capability-runtime.ts(15,15): error TS2305: Module '"./loader.js"' has no exported member 'PluginLoadOptions'.
engine/plugins/bundled-capability-runtime.ts(24,15): error TS2305: Module '"./registry.js"' has no exported member 'PluginRecord'.
engine/plugins/bundled-capability-runtime.ts(24,29): error TS2305: Module '"./registry.js"' has no exported member 'PluginRegistry'.
engine/plugins/bundled-capability-runtime.ts(34,15): error TS2305: Module '"./types.js"' has no exported member 'OpenClawPluginDefinition'.
engine/plugins/bundled-capability-runtime.ts(34,41): error TS2305: Module '"./types.js"' has no exported member 'OpenClawPluginModule'.
engine/plugins/bundled-capability-runtime.ts(248,5): error TS2353: Object literal may only specify known properties, and 'candidates' does not exist in type '{ env?: ProcessEnv | undefined; workspaceDir?: string | undefined; config?: unknown; bundledChannelConfigCollector?: BundledChannelConfigCollector | undefined; }'.
engine/plugins/bundled-capability-runtime.ts(286,20): error TS2554: Expected 3 arguments, but got 1.
engine/plugins/bundled-capability-runtime.ts(302,31): error TS2339: Property 'path' does not exist on type '{ ok: true; value: unknown; }'.
engine/plugins/bundled-capability-runtime.ts(303,25): error TS2339: Property 'fd' does not exist on type '{ ok: true; value: unknown; }'.
engine/plugins/bundled-channel-config-metadata.ts(86,7): error TS2322: Type 'unknown' is not assignable to type 'ChannelConfigSurface | null'.
engine/plugins/bundled-channel-config-metadata.ts(89,7): error TS2322: Type 'unknown' is not assignable to type 'ChannelConfigSurface | null'.
engine/plugins/capability-provider-runtime.ts(14,8): error TS2305: Module '"./loader.js"' has no exported member 'PluginLoadOptions'.
engine/plugins/capability-provider-runtime.ts(94,17): error TS2339: Property 'plugins' does not exist on type '{}'.
engine/plugins/capability-provider-runtime.ts(100,28): error TS2345: Argument of type 'Iterable<string>' is not assignable to parameter of type 'readonly string[]'.
  Type 'Iterable<string>' is missing the following properties from type 'readonly string[]': length, concat, join, slice, and 25 more.
engine/plugins/capability-provider-runtime.ts(124,7): error TS2559: Type 'PluginManifestRecord' has no properties in common with type 'Pick<PluginManifestRecord, "contracts">'.
engine/plugins/capability-provider-runtime.ts(131,7): error TS2345: Argument of type 'unknown[]' is not assignable to parameter of type 'Iterable<string>'.
  The types returned by '[Symbol.iterator]().next(...)' are incompatible between these types.
    Type 'IteratorResult<unknown, undefined>' is not assignable to type 'IteratorResult<string, any>'.
      Type 'IteratorYieldResult<unknown>' is not assignable to type 'IteratorResult<string, any>'.
        Type 'IteratorYieldResult<unknown>' is not assignable to type 'IteratorYieldResult<string>'.
          Type 'unknown' is not assignable to type 'string'.
engine/plugins/capability-provider-runtime.ts(135,13): error TS2741: Property 'id' is missing in type 'PluginManifestRecord' but required in type 'Pick<PluginManifestRecord, "id" | "origin" | "enabledByDefault" | "enabledByDefaultOnPlatforms">'.
engine/plugins/capability-provider-runtime.ts(142,7): error TS2345: Argument of type 'unknown[]' is not assignable to parameter of type 'Iterable<string>'.
  The types returned by '[Symbol.iterator]().next(...)' are incompatible between these types.
    Type 'IteratorResult<unknown, undefined>' is not assignable to type 'IteratorResult<string, any>'.
      Type 'IteratorYieldResult<unknown>' is not assignable to type 'IteratorResult<string, any>'.
        Type 'IteratorYieldResult<unknown>' is not assignable to type 'IteratorYieldResult<string>'.
          Type 'unknown' is not assignable to type 'string'.
engine/plugins/capability-provider-runtime.ts(163,5): error TS2322: Type 'Pick<import("/Users/chouray/WorkBuddy/2026-05-25-10-01-22/cross-wms/server/engine/plugins/plugin-metadata-snapshot.types").PluginMetadataSnapshot, "plugins" | "index">' is not assignable to type 'Pick<PluginMetadataSnapshot, "plugins" | "index">'.
  Types of property 'plugins' are incompatible.
    The type 'readonly PluginManifestRecord[]' is 'readonly' and cannot be assigned to the mutable type 'PluginManifestRecord[]'.
engine/plugins/capability-provider-runtime.ts(178,38): error TS7053: Element implicitly has an 'any' type because expression of type 'CapabilityContractKey' can't be used to index type '{}'.
  Property 'embeddingProviders' does not exist on type '{}'.
engine/plugins/capability-provider-runtime.ts(191,5): error TS2322: Type 'unknown' is not assignable to type 'OpenClawConfig | undefined'.
engine/plugins/capability-provider-runtime.ts(319,17): error TS2339: Property 'messages' does not exist on type '{}'.
engine/plugins/capability-provider-runtime.ts(319,51): error TS2339: Property 'messages' does not exist on type '{}'.
engine/plugins/capability-provider-runtime.ts(320,14): error TS2339: Property 'messages' does not exist on type '{}'.
engine/plugins/capability-provider-runtime.ts(325,47): error TS2339: Property 'agents' does not exist on type '{}'.
engine/plugins/capability-provider-runtime.ts(327,33): error TS2339: Property 'models' does not exist on type '{}'.
engine/plugins/capability-provider-runtime.ts(333,45): error TS2339: Property 'agents' does not exist on type '{}'.
engine/plugins/capability-provider-runtime.ts(352,22): error TS2339: Property 'tools' does not exist on type '{}'.
engine/plugins/capability-provider-runtime.ts(550,5): error TS2322: Type 'unknown' is not assignable to type 'OpenClawConfig | undefined'.
engine/plugins/capability-provider-runtime.ts(572,5): error TS2322: Type 'unknown' is not assignable to type 'OpenClawConfig | undefined'.
engine/plugins/captured-registration.ts(11,15): error TS2305: Module '"./embedding-providers.js"' has no exported member 'EmbeddingProviderAdapter'.
engine/plugins/captured-registration.ts(22,15): error TS2305: Module '"./memory-embedding-providers.js"' has no exported member 'MemoryEmbeddingProviderAdapter'.
engine/plugins/captured-registration.ts(26,3): error TS2305: Module '"./types.js"' has no exported member 'AnyAgentTool'.
engine/plugins/captured-registration.ts(27,3): error TS2305: Module '"./types.js"' has no exported member 'AgentHarness'.
engine/plugins/captured-registration.ts(28,3): error TS2305: Module '"./types.js"' has no exported member 'CliBackendPlugin'.
engine/plugins/captured-registration.ts(29,3): error TS2305: Module '"./types.js"' has no exported member 'OpenClawPluginApi'.
engine/plugins/captured-registration.ts(30,3): error TS2305: Module '"./types.js"' has no exported member 'ImageGenerationProviderPlugin'.
engine/plugins/captured-registration.ts(31,3): error TS2305: Module '"./types.js"' has no exported member 'MediaUnderstandingProviderPlugin'.
engine/plugins/captured-registration.ts(32,3): error TS2305: Module '"./types.js"' has no exported member 'TranscriptSourceProvider'.
engine/plugins/captured-registration.ts(33,3): error TS2305: Module '"./types.js"' has no exported member 'MigrationProviderPlugin'.
engine/plugins/captured-registration.ts(34,3): error TS2305: Module '"./types.js"' has no exported member 'MusicGenerationProviderPlugin'.
engine/plugins/captured-registration.ts(35,3): error TS2305: Module '"./types.js"' has no exported member 'OpenClawPluginCliCommandDescriptor'.
engine/plugins/captured-registration.ts(36,3): error TS2305: Module '"./types.js"' has no exported member 'OpenClawPluginCliRegistrar'.
engine/plugins/captured-registration.ts(37,3): error TS2305: Module '"./types.js"' has no exported member 'PluginTextTransformRegistration'.
engine/plugins/captured-registration.ts(38,3): error TS2305: Module '"./types.js"' has no exported member 'ProviderPlugin'.
engine/plugins/captured-registration.ts(39,3): error TS2305: Module '"./types.js"' has no exported member 'RealtimeTranscriptionProviderPlugin'.
engine/plugins/captured-registration.ts(40,3): error TS2305: Module '"./types.js"' has no exported member 'RealtimeVoiceProviderPlugin'.
engine/plugins/captured-registration.ts(41,3): error TS2305: Module '"./types.js"' has no exported member 'SpeechProviderPlugin'.
engine/plugins/captured-registration.ts(42,3): error TS2305: Module '"./types.js"' has no exported member 'UnifiedModelCatalogProviderPlugin'.
engine/plugins/captured-registration.ts(43,3): error TS2305: Module '"./types.js"' has no exported member 'VideoGenerationProviderPlugin'.
engine/plugins/captured-registration.ts(44,3): error TS2305: Module '"./types.js"' has no exported member 'WebFetchProviderPlugin'.
engine/plugins/captured-registration.ts(45,3): error TS2305: Module '"./types.js"' has no exported member 'WebSearchProviderPlugin'.
engine/plugins/captured-registration.ts(178,21): error TS7006: Parameter 'registrar' implicitly has an 'any' type.
engine/plugins/captured-registration.ts(178,32): error TS7006: Parameter 'opts' implicitly has an 'any' type.
engine/plugins/captured-registration.ts(181,19): error TS7006: Parameter 'descriptor' implicitly has an 'any' type.
engine/plugins/captured-registration.ts(186,22): error TS7006: Parameter 'descriptor' implicitly has an 'any' type.
engine/plugins/captured-registration.ts(189,33): error TS7006: Parameter 'descriptor' implicitly has an 'any' type.
engine/plugins/captured-registration.ts(196,13): error TS2322: Type '[string, string][]' is not assignable to type 'string[]'.
  Type '[string, string]' is not assignable to type 'string'.
engine/plugins/captured-registration.ts(197,13): error TS2322: Type '[string, string][]' is not assignable to type 'string[]'.
  Type '[string, string]' is not assignable to type 'string'.
engine/plugins/captured-registration.ts(294,21): error TS2339: Property 'id' does not exist on type 'PluginSessionSchedulerJobRegistration'.
engine/plugins/captured-registration.ts(296,29): error TS2339: Property 'sessionKey' does not exist on type 'PluginSessionSchedulerJobRegistration'.
engine/plugins/captured-registration.ts(297,23): error TS2339: Property 'kind' does not exist on type 'PluginSessionSchedulerJobRegistration'.
engine/plugins/captured-registration.ts(304,37): error TS7006: Parameter 'schedule' implicitly has an 'any' type.
engine/plugins/captured-registration.ts(314,22): error TS7006: Parameter 'tool' implicitly has an 'any' type.
engine/plugins/channel-presence-policy.ts(88,20): error TS18046: 'params.config' is of type 'unknown'.
engine/plugins/channel-presence-policy.ts(105,20): error TS18046: 'config' is of type 'unknown'.
engine/plugins/channel-presence-policy.ts(138,51): error TS18046: 'trustConfig' is of type 'unknown'.
engine/plugins/channel-presence-policy.ts(329,5): error TS2322: Type 'unknown' is not assignable to type 'OpenClawConfig | undefined'.
engine/plugins/channel-presence-policy.ts(357,80): error TS2345: Argument of type 'unknown' is not assignable to parameter of type 'OpenClawConfig'.
engine/plugins/channel-presence-policy.ts(362,70): error TS2345: Argument of type 'unknown' is not assignable to parameter of type 'OpenClawConfig'.
engine/plugins/channel-presence-policy.ts(448,80): error TS2345: Argument of type 'unknown' is not assignable to parameter of type 'OpenClawConfig'.
engine/plugins/channel-presence-policy.ts(450,51): error TS18046: 'trustConfig' is of type 'unknown'.
engine/plugins/channel-presence-policy.ts(503,51): error TS18046: 'trustConfig' is of type 'unknown'.
engine/plugins/channel-validation.ts(21,19): error TS18046: 'GENERATED_BUNDLED_CHANNEL_CONFIG_METADATA' is of type 'unknown'.
engine/plugins/channel-validation.ts(22,6): error TS7006: Parameter 'entry' implicitly has an 'any' type.
engine/plugins/clawhub-install-records.ts(3,15): error TS2305: Module '"../infra/clawhub.js"' has no exported member 'ClawHubPackageChannel'.
engine/plugins/clawhub-install-records.ts(3,38): error TS2305: Module '"../infra/clawhub.js"' has no exported member 'ClawHubPackageFamily'.
engine/plugins/clawhub-install-records.ts(32,3): error TS2344: Type '"version" | "source" | "resolvedAt" | "installedAt" | "integrity" | "clawhubUrl" | "clawhubPackage" | "clawhubFamily" | "clawhubChannel" | "artifactKind" | "artifactFormat" | ... 6 more ... | "clawpackSize"' does not satisfy the constraint 'never'.
  Type '"version"' is not assignable to type 'never'.
engine/plugins/clawhub-install-records.ts(51,3): error TS2322: Type '{ clawpackSize?: number | undefined; clawpackManifestSha256?: string | undefined; clawpackSpecVersion?: number | undefined; clawpackSha256?: string | undefined; npmTarballName?: string | undefined; ... 12 more ...; clawhubFamily: any; }' is not assignable to type 'Pick<unknown, "version" | "source" | "resolvedAt" | "installedAt" | "integrity" | "clawhubUrl" | "clawhubPackage" | "clawhubFamily" | "clawhubChannel" | "artifactKind" | "artifactFormat" | ... 6 more ... | "clawpackSize">'.
  Property 'version' is optional in type '{ clawpackSize?: number | undefined; clawpackManifestSha256?: string | undefined; clawpackSpecVersion?: number | undefined; clawpackSha256?: string | undefined; npmTarballName?: string | undefined; ... 12 more ...; clawhubFamily: any; }' but required in type 'Pick<unknown, "version" | "source" | "resolvedAt" | "installedAt" | "integrity" | "clawhubUrl" | "clawhubPackage" | "clawhubFamily" | "clawhubChannel" | "artifactKind" | "artifactFormat" | ... 6 more ... | "clawpackSize">'.
engine/plugins/clawhub.ts(29,8): error TS2305: Module '"../infra/clawhub.js"' has no exported member 'ClawHubPackageArtifactSummary'.
engine/plugins/clawhub.ts(30,8): error TS2305: Module '"../infra/clawhub.js"' has no exported member 'ClawHubPackageArtifactResolverResponse'.
engine/plugins/clawhub.ts(31,8): error TS2305: Module '"../infra/clawhub.js"' has no exported member 'ClawHubPackageCompatibility'.
engine/plugins/clawhub.ts(32,8): error TS2724: '"../infra/clawhub.js"' has no exported member named 'ClawHubPackageDetail'. Did you mean 'fetchClawHubPackageDetail'?
engine/plugins/clawhub.ts(33,8): error TS2305: Module '"../infra/clawhub.js"' has no exported member 'ClawHubPackageClawPackSummary'.
engine/plugins/clawhub.ts(34,8): error TS2305: Module '"../infra/clawhub.js"' has no exported member 'ClawHubResolvedArtifact'.
engine/plugins/clawhub.ts(35,8): error TS2724: '"../infra/clawhub.js"' has no exported member named 'ClawHubPackageVersion'. Did you mean 'fetchClawHubPackageVersion'?
engine/plugins/clawhub.ts(328,47): error TS18046: 'error' is of type 'unknown'.
engine/plugins/clawhub.ts(346,5): error TS18046: 'error' is of type 'unknown'.
engine/plugins/clawhub.ts(347,5): error TS18046: 'error' is of type 'unknown'.
engine/plugins/clawhub.ts(695,9): error TS18046: 'error' is of type 'unknown'.
engine/plugins/clawhub.ts(701,9): error TS18046: 'error' is of type 'unknown'.
engine/plugins/clawhub.ts(1095,58): error TS2554: Expected 0 arguments, but got 1.
engine/plugins/clawhub.ts(1145,9): error TS18046: 'error' is of type 'unknown'.
engine/plugins/clawhub.ts(1146,9): error TS18046: 'error' is of type 'unknown'.
engine/plugins/cli-gateway-nodes-runtime.ts(7,8): error TS2307: Cannot find module '@cdf-know/gateway-protocol/client-info' or its corresponding type declarations.
  There are types at '/Users/chouray/WorkBuddy/2026-05-25-10-01-22/cross-wms/node_modules/@cdf-know/gateway-protocol/dist/client-info.d.ts', but this result could not be resolved under your current 'moduleResolution' setting. Consider updating to 'node16', 'nodenext', or 'bundler'.
engine/plugins/cli-gateway-nodes-runtime.ts(23,16): error TS7006: Parameter 'params' implicitly has an 'any' type.
engine/plugins/cli-gateway-nodes-runtime.ts(27,9): error TS2353: Object literal may only specify known properties, and 'clientName' does not exist in type 'CallGatewayOptions'.
engine/plugins/cli-gateway-nodes-runtime.ts(30,44): error TS2339: Property 'nodes' does not exist on type '{}'.
engine/plugins/cli-gateway-nodes-runtime.ts(30,61): error TS2339: Property 'nodes' does not exist on type '{}'.
engine/plugins/cli-gateway-nodes-runtime.ts(34,16): error TS7006: Parameter 'node' implicitly has an 'any' type.
engine/plugins/cli-gateway-nodes-runtime.ts(44,18): error TS7006: Parameter 'params' implicitly has an 'any' type.
engine/plugins/cli-gateway-nodes-runtime.ts(55,9): error TS2353: Object literal may only specify known properties, and 'clientName' does not exist in type 'CallGatewayOptions'.
engine/plugins/cli-registry-loader.ts(8,15): error TS2305: Module '"./loader.js"' has no exported member 'PluginLoadOptions'.
engine/plugins/cli-registry-loader.ts(9,10): error TS2305: Module '"./loader.js"' has no exported member 'loadOpenClawPluginCliRegistry'.
engine/plugins/cli-registry-loader.ts(9,41): error TS2305: Module '"./loader.js"' has no exported member 'loadOpenClawPlugins'.
engine/plugins/cli-registry-loader.ts(11,15): error TS2305: Module '"./registry.js"' has no exported member 'PluginRegistry'.
engine/plugins/cli-registry-loader.ts(17,8): error TS2307: Cannot find module './runtime/load-context.js' or its corresponding type declarations.
engine/plugins/cli-registry-loader.ts(19,3): error TS2305: Module '"./types.js"' has no exported member 'OpenClawPluginCliCommandDescriptor'.
engine/plugins/cli-registry-loader.ts(20,3): error TS2305: Module '"./types.js"' has no exported member 'OpenClawPluginCliContext'.
engine/plugins/cli-registry-loader.ts(100,16): error TS7006: Parameter 'entry' implicitly has an 'any' type.
engine/plugins/cli-registry-loader.ts(105,61): error TS7006: Parameter 'descriptor' implicitly has an 'any' type.
engine/plugins/cli-registry-loader.ts(108,13): error TS7006: Parameter 'entry' implicitly has an 'any' type.
engine/plugins/cli-registry-loader.ts(203,45): error TS7006: Parameter 'entry' implicitly has an 'any' type.
engine/plugins/cli-registry-loader.ts(208,22): error TS7006: Parameter 'program' implicitly has an 'any' type.
engine/plugins/cli-registry-loader.ts(237,18): error TS7006: Parameter 'entry' implicitly has an 'any' type.
engine/plugins/cli-registry-loader.ts(238,15): error TS7006: Parameter 'entry' implicitly has an 'any' type.
engine/plugins/command-registration.ts(19,8): error TS2305: Module '"./types.js"' has no exported member 'AgentPromptGuidance'.
engine/plugins/command-registration.ts(20,8): error TS2305: Module '"./types.js"' has no exported member 'AgentPromptGuidanceEntry'.
engine/plugins/command-registration.ts(21,8): error TS2724: '"./types.js"' has no exported member named 'AgentPromptSurfaceKind'. Did you mean 'AGENT_PROMPT_SURFACE_KINDS'?
engine/plugins/command-registration.ts(22,8): error TS2305: Module '"./types.js"' has no exported member 'OpenClawPluginCommandDefinition'.
engine/plugins/command-registration.ts(277,49): error TS7006: Parameter 'surface' implicitly has an 'any' type.
engine/plugins/command-registration.ts(314,6): error TS7006: Parameter 'entry' implicitly has an 'any' type.
engine/plugins/command-registration.ts(352,43): error TS7006: Parameter 'channel' implicitly has an 'any' type.
engine/plugins/command-registry-state.ts(6,3): error TS2305: Module '"./types.js"' has no exported member 'AgentPromptGuidance'.
engine/plugins/command-registry-state.ts(7,3): error TS2724: '"./types.js"' has no exported member named 'AgentPromptSurfaceKind'. Did you mean 'AGENT_PROMPT_SURFACE_KINDS'?
engine/plugins/command-registry-state.ts(8,3): error TS2305: Module '"./types.js"' has no exported member 'OpenClawPluginCommandDefinition'.
engine/plugins/command-specs.ts(9,15): error TS2305: Module '"./types.js"' has no exported member 'OpenClawPluginCommandDefinition'.
engine/plugins/commands.ts(40,3): error TS2305: Module '"./types.js"' has no exported member 'OpenClawPluginCommandDefinition'.
engine/plugins/commands.ts(41,3): error TS2305: Module '"./types.js"' has no exported member 'PluginCommandContext'.
engine/plugins/commands.ts(42,3): error TS2305: Module '"./types.js"' has no exported member 'PluginCommandResult'.
engine/plugins/commands.ts(156,16): error TS18046: 'entry.plugin' is of type 'unknown'.
engine/plugins/commands.ts(158,23): error TS2339: Property 'bindings' does not exist on type '{}'.
engine/plugins/commands.ts(162,5): error TS2322: Type 'unknown' is not assignable to type 'OpenClawConfig'.
engine/plugins/commands.ts(198,51): error TS2307: Cannot find module './runtime/runtime-llm.runtime.js' or its corresponding type declarations.
engine/plugins/commands.ts(289,30): error TS7006: Parameter 'scope' implicitly has an 'any' type.
engine/plugins/commands.ts(375,40): error TS7006: Parameter 'bindingParams' implicitly has an 'any' type.
engine/plugins/config-contract-matches.ts(19,3): error TS2322: Type '[string, string][]' is not assignable to type 'string[]'.
  Type '[string, string]' is not assignable to type 'string'.
engine/plugins/config-contracts.ts(58,7): error TS2353: Object literal may only specify known properties, and 'candidates' does not exist in type '{ env?: ProcessEnv | undefined; workspaceDir?: string | undefined; config?: unknown; bundledChannelConfigCollector?: BundledChannelConfigCollector | undefined; }'.
engine/plugins/config-contracts.ts(81,5): error TS2322: Type 'unknown' is not assignable to type 'OpenClawConfig | undefined'.
engine/plugins/config-contracts.ts(87,29): error TS2345: Argument of type 'string' is not assignable to parameter of type '[string, string]'.
engine/plugins/config-contracts.ts(102,36): error TS2345: Argument of type '[string, string]' is not assignable to parameter of type 'string'.
engine/plugins/config-contracts.ts(108,67): error TS2345: Argument of type '[string, string]' is not assignable to parameter of type 'string'.
engine/plugins/config-contracts.ts(112,23): error TS2345: Argument of type '[string, string]' is not assignable to parameter of type 'string'.
engine/plugins/config-contracts.ts(125,23): error TS2345: Argument of type '[string, string]' is not assignable to parameter of type 'string'.
engine/plugins/config-contracts.ts(128,56): error TS2345: Argument of type '[string, string]' is not assignable to parameter of type 'string'.
engine/plugins/config-contracts.ts(136,65): error TS2345: Argument of type '[string, string]' is not assignable to parameter of type 'string'.
engine/plugins/config-contracts.ts(140,19): error TS2345: Argument of type '[string, string]' is not assignable to parameter of type 'string'.
engine/plugins/config-normalization-shared.ts(229,27): error TS2339: Property 'plugins' does not exist on type 'unknown'.
engine/plugins/config-normalization-shared.ts(239,62): error TS2345: Argument of type '"memory"' is not assignable to parameter of type 'never'.
engine/plugins/config-normalization-shared.ts(246,66): error TS2339: Property 'plugins' does not exist on type 'unknown'.
engine/plugins/config-normalization-shared.ts(282,24): error TS2339: Property 'channels' does not exist on type '{}'.
engine/plugins/config-policy.ts(27,27): error TS2339: Property 'plugins' does not exist on type 'unknown'.
engine/plugins/config-schema.ts(7,15): error TS2724: '"./types.js"' has no exported member named 'OpenClawPluginConfigSchema'. Did you mean 'PluginConfigSchema'?
engine/plugins/config-schema.ts(145,45): error TS7006: Parameter 'value' implicitly has an 'any' type.
engine/plugins/config-state.ts(83,27): error TS2339: Property 'plugins' does not exist on type 'unknown'.
engine/plugins/config-state.ts(93,70): error TS2339: Property 'plugins' does not exist on type '{}'.
engine/plugins/config-state.ts(98,57): error TS2339: Property 'plugins' does not exist on type 'unknown'.
engine/plugins/config-state.ts(101,58): error TS2339: Property 'plugins' does not exist on type 'unknown'.
engine/plugins/config-state.ts(102,82): error TS2345: Argument of type '"memory"' is not assignable to parameter of type 'never'.
engine/plugins/config-state.ts(104,66): error TS2339: Property 'plugins' does not exist on type 'unknown'.
engine/plugins/config-state.ts(114,19): error TS18046: 'cfg' is of type 'unknown'.
engine/plugins/config-state.ts(121,7): error TS2698: Spread types may only be created from object types.
engine/plugins/config-state.ts(133,5): error TS2698: Spread types may only be created from object types.
engine/plugins/config-state.ts(152,19): error TS18046: 'cfg' is of type 'unknown'.
engine/plugins/conversation-binding.ts(348,10): error TS2339: Property 'selectFrom' does not exist on type 'KyselyDatabase<PluginBindingApprovalsDatabase>'.
engine/plugins/conversation-binding.ts(355,7): error TS2322: Type '{ pluginRoot: unknown; pluginId: unknown; pluginName: {} | undefined; channel: string; accountId: string; approvedAt: unknown; }[]' is not assignable to type 'PluginBindingApprovalEntry[]'.
  Type '{ pluginRoot: unknown; pluginId: unknown; pluginName: {} | undefined; channel: string; accountId: string; approvedAt: unknown; }' is not assignable to type 'PluginBindingApprovalEntry'.
    Types of property 'pluginRoot' are incompatible.
      Type 'unknown' is not assignable to type 'string'.
engine/plugins/conversation-binding.ts(359,35): error TS2345: Argument of type 'unknown' is not assignable to parameter of type 'string'.
engine/plugins/conversation-binding.ts(383,43): error TS7031: Binding element 'db' implicitly has an 'any' type.
engine/plugins/conversation-binding.ts(388,14): error TS2339: Property 'insertInto' does not exist on type 'KyselyDatabase<PluginBindingApprovalsDatabase>'.
engine/plugins/conversation-binding.ts(390,26): error TS7006: Parameter 'conflict' implicitly has an 'any' type.
engine/plugins/conversation-binding.ts(392,29): error TS7006: Parameter 'eb' implicitly has an 'any' type.
engine/plugins/conversation-binding.ts(393,31): error TS7006: Parameter 'eb' implicitly has an 'any' type.
engine/plugins/conversation-binding.ts(394,31): error TS7006: Parameter 'eb' implicitly has an 'any' type.
engine/plugins/conversation-binding.ts(525,5): error TS2698: Spread types may only be created from object types.
engine/plugins/conversation-binding.ts(552,39): error TS2339: Property 'pluginRoot' does not exist on type '{}'.
engine/plugins/conversation-binding.ts(670,62): error TS2345: Argument of type 'unknown' is not assignable to parameter of type '{ pluginId: string; pluginName?: string | undefined; }'.
engine/plugins/conversation-binding.ts(670,266): error TS18046: 'binding' is of type 'unknown'.
engine/plugins/conversation-binding.ts(674,62): error TS2345: Argument of type 'unknown' is not assignable to parameter of type '{ pluginId: string; pluginName?: string | undefined; }'.
engine/plugins/conversation-binding.ts(674,173): error TS18046: 'binding' is of type 'unknown'.
engine/plugins/conversation-binding.ts(678,62): error TS2345: Argument of type 'unknown' is not assignable to parameter of type '{ pluginId: string; pluginName?: string | undefined; }'.
engine/plugins/conversation-binding.ts(678,180): error TS18046: 'binding' is of type 'unknown'.
engine/plugins/conversation-binding.ts(788,38): error TS2339: Property 'pluginRoot' does not exist on type '{}'.
engine/plugins/conversation-binding.ts(791,79): error TS2339: Property 'pluginName' does not exist on type '{}'.
engine/plugins/conversation-binding.ts(791,107): error TS2339: Property 'pluginId' does not exist on type '{}'.
engine/plugins/conversation-binding.ts(795,38): error TS2339: Property 'pluginRoot' does not exist on type '{}'.
engine/plugins/conversation-binding.ts(799,32): error TS2339: Property 'summary' does not exist on type '{}'.
engine/plugins/conversation-binding.ts(800,35): error TS2339: Property 'detachHint' does not exist on type '{}'.
engine/plugins/conversation-binding.ts(801,29): error TS2339: Property 'data' does not exist on type '{}'.
engine/plugins/conversation-binding.ts(824,32): error TS2339: Property 'summary' does not exist on type '{}'.
engine/plugins/conversation-binding.ts(825,35): error TS2339: Property 'detachHint' does not exist on type '{}'.
engine/plugins/conversation-binding.ts(826,29): error TS2339: Property 'data' does not exist on type '{}'.
engine/plugins/conversation-binding.ts(847,54): error TS2339: Property 'summary' does not exist on type '{}'.
engine/plugins/conversation-binding.ts(848,57): error TS2339: Property 'detachHint' does not exist on type '{}'.
engine/plugins/conversation-binding.ts(849,48): error TS2339: Property 'data' does not exist on type '{}'.
engine/plugins/conversation-binding.ts(883,24): error TS2339: Property 'bindingId' does not exist on type '{}'.
engine/plugins/conversation-binding.ts(888,23): error TS2339: Property 'pluginId' does not exist on type '{}'.
engine/plugins/conversation-binding.ts(889,25): error TS2339: Property 'pluginRoot' does not exist on type '{}'.
engine/plugins/conversation-binding.ts(890,22): error TS2339: Property 'channel' does not exist on type '{}'.
engine/plugins/conversation-binding.ts(891,24): error TS2339: Property 'accountId' does not exist on type '{}'.
engine/plugins/conversation-binding.ts(892,29): error TS2339: Property 'conversationId' does not exist on type '{}'.
engine/plugins/current-plugin-metadata-snapshot.ts(22,60): error TS2344: Type 'unknown' does not satisfy the constraint 'WeakKey'.
engine/plugins/current-plugin-metadata-snapshot.ts(25,49): error TS2345: Argument of type 'undefined' is not assignable to parameter of type 'Iterable<[string, string]>'.
engine/plugins/current-plugin-metadata-snapshot.ts(33,5): error TS2322: Type 'unknown' is not assignable to type 'OpenClawConfig | undefined'.
engine/plugins/current-plugin-metadata-snapshot.ts(57,88): error TS2345: Argument of type 'unknown' is not assignable to parameter of type 'OpenClawConfig | undefined'.
engine/plugins/current-plugin-metadata-snapshot.ts(63,11): error TS2322: Type 'unknown' is not assignable to type 'InstalledPluginIndex | undefined'.
engine/plugins/current-plugin-metadata-snapshot.ts(72,9): error TS2322: Type 'unknown' is not assignable to type 'InstalledPluginIndex | undefined'.
engine/plugins/current-plugin-metadata-snapshot.ts(82,11): error TS2322: Type 'unknown' is not assignable to type 'InstalledPluginIndex | undefined'.
engine/plugins/current-plugin-metadata-snapshot.ts(95,5): error TS2345: Argument of type 'readonly PluginManifestRecord[] | undefined' is not assignable to parameter of type 'Iterable<[string, string]>'.
  Type 'undefined' is not assignable to type 'Iterable<[string, string]>'.
engine/plugins/current-plugin-metadata-snapshot.ts(107,62): error TS2345: Argument of type '{}' is not assignable to parameter of type 'OpenClawConfig'.
  Index signature for type 'string' is missing in type '{}'.
engine/plugins/current-plugin-metadata-snapshot.ts(122,49): error TS2345: Argument of type 'undefined' is not assignable to parameter of type 'Iterable<[string, string]>'.
engine/plugins/current-plugin-metadata-snapshot.ts(139,11): error TS2322: Type 'unknown' is not assignable to type 'InstalledPluginIndex | undefined'.
engine/plugins/current-plugin-metadata-snapshot.ts(152,5): error TS2345: Argument of type 'readonly PluginManifestRecord[] | undefined' is not assignable to parameter of type 'Iterable<[string, string]>'.
  Type 'undefined' is not assignable to type 'Iterable<[string, string]>'.
engine/plugins/current-plugin-metadata-snapshot.ts(222,47): error TS2345: Argument of type '{}' is not assignable to parameter of type 'OpenClawConfig'.
  Index signature for type 'string' is missing in type '{}'.
engine/plugins/current-plugin-metadata-snapshot.ts(232,7): error TS2322: Type 'unknown' is not assignable to type 'InstalledPluginIndex | undefined'.
engine/plugins/current-plugin-metadata-snapshot.ts(249,9): error TS2322: Type 'unknown' is not assignable to type 'InstalledPluginIndex | undefined'.
engine/plugins/discovery.ts(135,58): error TS2554: Expected 1 arguments, but got 2.
engine/plugins/discovery.ts(136,57): error TS2554: Expected 1 arguments, but got 2.
engine/plugins/discovery.ts(362,47): error TS2554: Expected 1 arguments, but got 2.
engine/plugins/discovery.ts(363,49): error TS2554: Expected 1 arguments, but got 2.
engine/plugins/discovery.ts(439,7): error TS18046: 'params.record' is of type 'unknown'.
engine/plugins/discovery.ts(443,12): error TS18046: 'params.record' is of type 'unknown'.
engine/plugins/discovery.ts(444,6): error TS18046: 'params.record' is of type 'unknown'.
engine/plugins/discovery.ts(445,12): error TS18046: 'params.record' is of type 'unknown'.
engine/plugins/discovery.ts(446,6): error TS18046: 'params.record' is of type 'unknown'.
engine/plugins/discovery.ts(451,21): error TS18046: 'params.record' is of type 'unknown'.
engine/plugins/discovery.ts(452,21): error TS18046: 'params.record' is of type 'unknown'.
engine/plugins/discovery.ts(466,14): error TS18046: 'record' is of type 'unknown'.
engine/plugins/discovery.ts(466,49): error TS18046: 'record' is of type 'unknown'.
engine/plugins/discovery.ts(467,11): error TS18046: 'record' is of type 'unknown'.
engine/plugins/discovery.ts(468,18): error TS18046: 'record' is of type 'unknown'.
engine/plugins/discovery.ts(468,52): error TS18046: 'record' is of type 'unknown'.
engine/plugins/discovery.ts(469,13): error TS18046: 'record' is of type 'unknown'.
engine/plugins/discovery.ts(497,28): error TS18046: 'record' is of type 'unknown'.
engine/plugins/discovery.ts(497,48): error TS18046: 'record' is of type 'unknown'.
engine/plugins/discovery.ts(521,38): error TS2554: Expected 1 arguments, but got 2.
engine/plugins/discovery.ts(549,34): error TS2554: Expected 1 arguments, but got 2.
engine/plugins/discovery.ts(559,41): error TS2345: Argument of type '{ relativePath: string; boundaryLabel: string; rejectHardlinks: boolean; rootRealPath?: string | undefined; rootDir: string; }' is not assignable to parameter of type 'string'.
engine/plugins/discovery.ts(752,38): error TS2554: Expected 1 arguments, but got 2.
engine/plugins/discovery.ts(818,59): error TS2554: Expected 1 arguments, but got 2.
engine/plugins/discovery.ts(906,68): error TS2554: Expected 0 arguments, but got 1.
engine/plugins/discovery.ts(945,34): error TS2554: Expected 1 arguments, but got 2.
engine/plugins/discovery.ts(996,57): error TS2554: Expected 1 arguments, but got 2.
engine/plugins/discovery.ts(1262,57): error TS2554: Expected 1 arguments, but got 2.
engine/plugins/doctor-contract-registry.ts(12,8): error TS2307: Cannot find module '../plugin-state/plugin-state-store.js' or its corresponding type declarations.
engine/plugins/document-extractors.runtime.ts(27,32): error TS2339: Property 'plugins' does not exist on type '{}'.
engine/plugins/document-extractors.runtime.ts(33,50): error TS2339: Property 'plugins' does not exist on type '{}'.
engine/plugins/document-extractors.runtime.ts(34,34): error TS2339: Property 'plugins' does not exist on type '{}'.
engine/plugins/document-extractors.runtime.ts(36,5): error TS2345: Argument of type '[string, string][]' is not assignable to parameter of type 'readonly string[]'.
  Type '[string, string]' is not assignable to type 'string'.
engine/plugins/document-extractors.runtime.ts(37,69): error TS2345: Argument of type '[string, string]' is not assignable to parameter of type 'string'.
engine/plugins/document-extractors.runtime.ts(59,7): error TS2322: Type 'unknown' is not assignable to type 'OpenClawConfig | undefined'.
engine/plugins/document-extractors.runtime.ts(64,7): error TS2322: Type '{ enablement: string; vitest: true; }' is not assignable to type 'string'.
engine/plugins/effective-plugin-ids.ts(26,50): error TS2345: Argument of type 'unknown' is not assignable to parameter of type 'OpenClawConfig'.
engine/plugins/effective-plugin-ids.ts(27,50): error TS2345: Argument of type 'unknown' is not assignable to parameter of type 'OpenClawConfig'.
engine/plugins/effective-plugin-ids.ts(30,42): error TS2345: Argument of type 'unknown' is not assignable to parameter of type 'OpenClawConfig'.
engine/plugins/effective-plugin-ids.ts(51,42): error TS18046: 'params.config' is of type 'unknown'.
engine/plugins/effective-plugin-ids.ts(80,14): error TS2339: Property 'channels' does not exist on type 'PluginManifestRecord'.
engine/plugins/effective-plugin-ids.ts(80,29): error TS7006: Parameter 'channelId' implicitly has an 'any' type.
engine/plugins/effective-plugin-ids.ts(97,28): error TS2345: Argument of type 'Set<string>' is not assignable to parameter of type 'readonly string[]'.
  Type 'Set<string>' is missing the following properties from type 'readonly string[]': length, concat, join, slice, and 21 more.
engine/plugins/effective-plugin-ids.ts(101,42): error TS18046: 'config' is of type 'unknown'.
engine/plugins/effective-plugin-ids.ts(123,28): error TS2345: Argument of type 'Set<string>' is not assignable to parameter of type 'readonly string[]'.
  Type 'Set<string>' is missing the following properties from type 'readonly string[]': length, concat, join, slice, and 21 more.
engine/plugins/effective-plugin-ids.ts(127,42): error TS18046: 'config' is of type 'unknown'.
engine/plugins/effective-plugin-ids.ts(132,53): error TS2345: Argument of type '"contextEngine"' is not assignable to parameter of type 'never'.
engine/plugins/effective-plugin-ids.ts(151,23): error TS18046: 'applyPluginAutoEnable' is of type 'unknown'.
engine/plugins/effective-plugin-ids.ts(190,28): error TS2345: Argument of type 'Set<string>' is not assignable to parameter of type 'readonly string[]'.
  Type 'Set<string>' is missing the following properties from type 'readonly string[]': length, concat, join, slice, and 21 more.
engine/plugins/embedding-provider-config.ts(5,30): error TS2339: Property 'models' does not exist on type 'unknown'.
engine/plugins/embedding-provider-config.ts(14,26): error TS2339: Property 'models' does not exist on type '{}'.
engine/plugins/enable.ts(27,7): error TS18046: 'cfg' is of type 'unknown'.
engine/plugins/enable.ts(30,7): error TS18046: 'cfg' is of type 'unknown'.
engine/plugins/enable.ts(30,48): error TS18046: 'cfg' is of type 'unknown'.
engine/plugins/enable.ts(33,17): error TS18046: 'cfg' is of type 'unknown'.
engine/plugins/enable.ts(43,38): error TS2345: Argument of type 'unknown' is not assignable to parameter of type 'OpenClawConfig'.
engine/plugins/enable.ts(65,29): error TS2345: Argument of type 'unknown' is not assignable to parameter of type 'PluginAllowlistConfigCarrier'.
engine/plugins/gateway-startup-plugin-ids.ts(22,8): error TS2307: Cannot find module '@cdf-know/memory-host-sdk/dreaming' or its corresponding type declarations.
  There are types at '/Users/chouray/WorkBuddy/2026-05-25-10-01-22/cross-wms/node_modules/@cdf-know/memory-host-sdk/dist/dreaming.d.ts', but this result could not be resolved under your current 'moduleResolution' setting. Consider updating to 'node16', 'nodenext', or 'bundler'.
engine/plugins/gateway-startup-plugin-ids.ts(89,26): error TS2339: Property 'plugins' does not exist on type 'unknown'.
engine/plugins/gateway-startup-plugin-ids.ts(106,70): error TS2345: Argument of type 'unknown' is not assignable to parameter of type 'OpenClawConfig'.
engine/plugins/gateway-startup-plugin-ids.ts(107,44): error TS2345: Argument of type 'unknown' is not assignable to parameter of type 'OpenClawConfig'.
engine/plugins/gateway-startup-plugin-ids.ts(143,5): error TS18046: 'params.pluginsConfig' is of type 'unknown'.
engine/plugins/gateway-startup-plugin-ids.ts(144,5): error TS18046: 'params.activationSourcePlugins' is of type 'unknown'.
engine/plugins/gateway-startup-plugin-ids.ts(145,5): error TS18046: 'params.pluginsConfig' is of type 'unknown'.
engine/plugins/gateway-startup-plugin-ids.ts(146,5): error TS18046: 'params.activationSourcePlugins' is of type 'unknown'.
engine/plugins/gateway-startup-plugin-ids.ts(164,21): error TS18046: 'params.pluginsConfig' is of type 'unknown'.
engine/plugins/gateway-startup-plugin-ids.ts(164,54): error TS18046: 'params.activationSourcePlugins' is of type 'unknown'.
engine/plugins/gateway-startup-plugin-ids.ts(188,5): error TS2322: Type 'string | undefined' is not assignable to type 'PluginOrigin'.
  Type 'undefined' is not assignable to type 'PluginOrigin'.
engine/plugins/gateway-startup-plugin-ids.ts(189,5): error TS2322: Type 'unknown' is not assignable to type 'NormalizedPluginsConfig'.
engine/plugins/gateway-startup-plugin-ids.ts(192,5): error TS2322: Type '{ plugins: unknown; rootConfig?: unknown; }' is not assignable to type 'PluginActivationConfigSource'.
  Type '{ plugins: unknown; rootConfig?: unknown; }' is not assignable to type '{ plugins: NormalizedPluginsConfig; rootConfig?: unknown; }'.
    Types of property 'plugins' are incompatible.
      Type 'unknown' is not assignable to type 'NormalizedPluginsConfig'.
engine/plugins/gateway-startup-plugin-ids.ts(203,26): error TS18046: 'activationSourceConfig' is of type 'unknown'.
engine/plugins/gateway-startup-plugin-ids.ts(208,25): error TS18046: 'activationSourcePlugins' is of type 'unknown'.
engine/plugins/gateway-startup-plugin-ids.ts(213,7): error TS18046: 'activationSourcePlugins' is of type 'unknown'.
engine/plugins/gateway-startup-plugin-ids.ts(214,8): error TS18046: 'activationSourcePlugins' is of type 'unknown'.
engine/plugins/gateway-startup-plugin-ids.ts(229,26): error TS18046: 'activationSourceConfig' is of type 'unknown'.
engine/plugins/gateway-startup-plugin-ids.ts(238,7): error TS18046: 'activationSourcePlugins' is of type 'unknown'.
engine/plugins/gateway-startup-plugin-ids.ts(241,7): error TS18046: 'activationSourcePlugins' is of type 'unknown'.
engine/plugins/gateway-startup-plugin-ids.ts(363,18): error TS18046: 'config' is of type 'unknown'.
engine/plugins/gateway-startup-plugin-ids.ts(442,36): error TS2322: Type 'PluginManifestRegistry' is not assignable to type 'ManifestRegistry'.
  Types of property 'plugins' are incompatible.
    Type 'PluginManifestRecord[]' is not assignable to type 'readonly ManifestPlugin[]'.
      Type 'PluginManifestRecord' is not assignable to type 'ManifestPlugin'.
        Types of property 'modelCatalog' are incompatible.
          Type 'ModelCatalog | undefined' is not assignable to type 'Pick<ModelCatalog, "providers" | "aliases" | "suppressions" | "discovery" | "runtimeAugment"> | undefined'.
            Property 'providers' is missing in type 'ModelCatalogEntry[]' but required in type 'Pick<ModelCatalog, "providers" | "aliases" | "suppressions" | "discovery" | "runtimeAugment">'.
engine/plugins/gateway-startup-plugin-ids.ts(476,20): error TS18046: 'config' is of type 'unknown'.
engine/plugins/gateway-startup-plugin-ids.ts(480,32): error TS18046: 'config' is of type 'unknown'.
engine/plugins/gateway-startup-plugin-ids.ts(480,55): error TS18046: 'config' is of type 'unknown'.
engine/plugins/gateway-startup-plugin-ids.ts(511,26): error TS18046: 'params.config' is of type 'unknown'.
engine/plugins/gateway-startup-plugin-ids.ts(512,57): error TS7006: Parameter 'model' implicitly has an 'any' type.
engine/plugins/gateway-startup-plugin-ids.ts(540,20): error TS18046: 'config' is of type 'unknown'.
engine/plugins/gateway-startup-plugin-ids.ts(549,47): error TS18046: 'config' is of type 'unknown'.
engine/plugins/gateway-startup-plugin-ids.ts(584,43): error TS18046: 'config' is of type 'unknown'.
engine/plugins/gateway-startup-plugin-ids.ts(621,33): error TS18046: 'config' is of type 'unknown'.
engine/plugins/gateway-startup-plugin-ids.ts(621,72): error TS2339: Property 'api' does not exist on type 'string'.
engine/plugins/gateway-startup-plugin-ids.ts(680,25): error TS18046: 'config' is of type 'unknown'.
engine/plugins/gateway-startup-plugin-ids.ts(699,18): error TS18046: 'config' is of type 'unknown'.
engine/plugins/gateway-startup-plugin-ids.ts(817,14): error TS18046: 'config' is of type 'unknown'.
engine/plugins/gateway-startup-plugin-ids.ts(818,21): error TS18046: 'config' is of type 'unknown'.
engine/plugins/gateway-startup-plugin-ids.ts(819,25): error TS18046: 'config' is of type 'unknown'.
engine/plugins/gateway-startup-plugin-ids.ts(827,29): error TS18046: 'config' is of type 'unknown'.
engine/plugins/gateway-startup-plugin-ids.ts(827,48): error TS18046: 'config' is of type 'unknown'.
engine/plugins/gateway-startup-plugin-ids.ts(881,20): error TS18046: 'config' is of type 'unknown'.
engine/plugins/gateway-startup-plugin-ids.ts(889,21): error TS18046: 'config' is of type 'unknown'.
engine/plugins/gateway-startup-plugin-ids.ts(896,28): error TS2339: Property 'value' does not exist on type 'ConfiguredModelRef'.
engine/plugins/gateway-startup-plugin-ids.ts(898,26): error TS2339: Property 'value' does not exist on type 'ConfiguredModelRef'.
engine/plugins/gateway-startup-plugin-ids.ts(901,18): error TS18046: 'config' is of type 'unknown'.
engine/plugins/gateway-startup-plugin-ids.ts(902,18): error TS18046: 'config' is of type 'unknown'.
engine/plugins/gateway-startup-plugin-ids.ts(909,25): error TS2339: Property 'value' does not exist on type 'ConfiguredModelRef'.
engine/plugins/gateway-startup-plugin-ids.ts(911,21): error TS2571: Object is of type 'unknown'.
engine/plugins/gateway-startup-plugin-ids.ts(932,5): error TS2769: No overload matches this call.
  Overload 1 of 2, '(iterable?: Iterable<unknown> | null | undefined): Set<unknown>', gave the following error.
    Argument of type 'unknown' is not assignable to parameter of type 'Iterable<unknown> | null | undefined'.
  Overload 2 of 2, '(values?: readonly any[] | null | undefined): Set<any>', gave the following error.
    Argument of type 'unknown' is not assignable to parameter of type 'readonly any[] | null | undefined'.
engine/plugins/gateway-startup-plugin-ids.ts(946,9): error TS2322: Type 'Set<unknown>' is not assignable to type 'ReadonlySet<string>'.
  Types of property 'forEach' are incompatible.
    Type '(callbackfn: (value: unknown, value2: unknown, set: Set<unknown>) => void, thisArg?: any) => void' is not assignable to type '(callbackfn: (value: string, value2: string, set: ReadonlySet<string>) => void, thisArg?: any) => void'.
      Types of parameters 'callbackfn' and 'callbackfn' are incompatible.
        Types of parameters 'value' and 'value' are incompatible.
          Type 'unknown' is not assignable to type 'string'.
engine/plugins/gateway-startup-plugin-ids.ts(964,65): error TS18046: 'params.config' is of type 'unknown'.
engine/plugins/gateway-startup-plugin-ids.ts(966,5): error TS18046: 'activationSourceConfig' is of type 'unknown'.
engine/plugins/gateway-startup-plugin-ids.ts(973,5): error TS18046: 'params.config' is of type 'unknown'.
engine/plugins/gateway-startup-plugin-ids.ts(974,5): error TS18046: 'activationSourceConfig' is of type 'unknown'.
engine/plugins/gateway-startup-plugin-ids.ts(1107,9): error TS2322: Type 'unknown' is not assignable to type 'InstalledPluginIndex'.
engine/plugins/gateway-startup-plugin-ids.ts(1130,29): error TS18046: 'params.config' is of type 'unknown'.
engine/plugins/gateway-startup-plugin-ids.ts(1130,61): error TS18046: 'params.config' is of type 'unknown'.
engine/plugins/gateway-startup-plugin-ids.ts(1152,65): error TS18046: 'params.config' is of type 'unknown'.
engine/plugins/gateway-startup-plugin-ids.ts(1153,7): error TS18046: 'params.config' is of type 'unknown'.
engine/plugins/gateway-startup-plugin-ids.ts(1235,9): error TS2322: Type 'unknown' is not assignable to type 'InstalledPluginIndex'.
engine/plugins/gateway-startup-plugin-ids.ts(1346,8): error TS18046: 'params.pluginsConfig' is of type 'unknown'.
engine/plugins/gateway-startup-plugin-ids.ts(1346,41): error TS18046: 'params.activationSource.plugins' is of type 'unknown'.
engine/plugins/gateway-startup-plugin-ids.ts(1350,5): error TS18046: 'params.pluginsConfig' is of type 'unknown'.
engine/plugins/gateway-startup-plugin-ids.ts(1351,5): error TS18046: 'params.activationSource.plugins' is of type 'unknown'.
engine/plugins/gateway-startup-plugin-ids.ts(1356,5): error TS18046: 'params.pluginsConfig' is of type 'unknown'.
engine/plugins/gateway-startup-plugin-ids.ts(1357,5): error TS18046: 'params.activationSource.plugins' is of type 'unknown'.
engine/plugins/gateway-startup-plugin-ids.ts(1363,5): error TS2322: Type 'string | undefined' is not assignable to type 'PluginOrigin'.
  Type 'undefined' is not assignable to type 'PluginOrigin'.
engine/plugins/gateway-startup-plugin-ids.ts(1364,5): error TS2322: Type 'unknown' is not assignable to type 'NormalizedPluginsConfig'.
engine/plugins/gateway-startup-plugin-ids.ts(1367,5): error TS2322: Type '{ plugins: unknown; rootConfig?: unknown; }' is not assignable to type 'PluginActivationConfigSource'.
  Type '{ plugins: unknown; rootConfig?: unknown; }' is not assignable to type '{ plugins: NormalizedPluginsConfig; rootConfig?: unknown; }'.
    Types of property 'plugins' are incompatible.
      Type 'unknown' is not assignable to type 'NormalizedPluginsConfig'.
engine/plugins/gateway-startup-plugin-ids.ts(1395,8): error TS18046: 'params.pluginsConfig' is of type 'unknown'.
engine/plugins/gateway-startup-plugin-ids.ts(1395,41): error TS18046: 'params.activationSource.plugins' is of type 'unknown'.
engine/plugins/gateway-startup-plugin-ids.ts(1399,5): error TS18046: 'params.pluginsConfig' is of type 'unknown'.
engine/plugins/gateway-startup-plugin-ids.ts(1400,5): error TS18046: 'params.activationSource.plugins' is of type 'unknown'.
engine/plugins/gateway-startup-plugin-ids.ts(1405,5): error TS18046: 'params.pluginsConfig' is of type 'unknown'.
engine/plugins/gateway-startup-plugin-ids.ts(1406,5): error TS18046: 'params.activationSource.plugins' is of type 'unknown'.
engine/plugins/gateway-startup-plugin-ids.ts(1412,5): error TS2322: Type 'string | undefined' is not assignable to type 'PluginOrigin'.
  Type 'undefined' is not assignable to type 'PluginOrigin'.
engine/plugins/gateway-startup-plugin-ids.ts(1413,5): error TS2322: Type 'unknown' is not assignable to type 'NormalizedPluginsConfig'.
engine/plugins/gateway-startup-plugin-ids.ts(1416,5): error TS2322: Type '{ plugins: unknown; rootConfig?: unknown; }' is not assignable to type 'PluginActivationConfigSource'.
  Type '{ plugins: unknown; rootConfig?: unknown; }' is not assignable to type '{ plugins: NormalizedPluginsConfig; rootConfig?: unknown; }'.
    Types of property 'plugins' are incompatible.
      Type 'unknown' is not assignable to type 'NormalizedPluginsConfig'.
engine/plugins/gateway-startup-plugin-ids.ts(1444,8): error TS18046: 'params.pluginsConfig' is of type 'unknown'.
engine/plugins/gateway-startup-plugin-ids.ts(1444,41): error TS18046: 'params.activationSource.plugins' is of type 'unknown'.
engine/plugins/gateway-startup-plugin-ids.ts(1448,5): error TS18046: 'params.pluginsConfig' is of type 'unknown'.
engine/plugins/gateway-startup-plugin-ids.ts(1449,5): error TS18046: 'params.activationSource.plugins' is of type 'unknown'.
engine/plugins/gateway-startup-plugin-ids.ts(1454,5): error TS18046: 'params.pluginsConfig' is of type 'unknown'.
engine/plugins/gateway-startup-plugin-ids.ts(1455,5): error TS18046: 'params.activationSource.plugins' is of type 'unknown'.
engine/plugins/gateway-startup-plugin-ids.ts(1461,5): error TS2322: Type 'string | undefined' is not assignable to type 'PluginOrigin'.
  Type 'undefined' is not assignable to type 'PluginOrigin'.
engine/plugins/gateway-startup-plugin-ids.ts(1462,5): error TS2322: Type 'unknown' is not assignable to type 'NormalizedPluginsConfig'.
engine/plugins/gateway-startup-plugin-ids.ts(1465,5): error TS2322: Type '{ plugins: unknown; rootConfig?: unknown; }' is not assignable to type 'PluginActivationConfigSource'.
  Type '{ plugins: unknown; rootConfig?: unknown; }' is not assignable to type '{ plugins: NormalizedPluginsConfig; rootConfig?: unknown; }'.
    Types of property 'plugins' are incompatible.
      Type 'unknown' is not assignable to type 'NormalizedPluginsConfig'.
engine/plugins/gateway-startup-plugin-ids.ts(1490,8): error TS18046: 'params.pluginsConfig' is of type 'unknown'.
engine/plugins/gateway-startup-plugin-ids.ts(1490,41): error TS18046: 'params.activationSource.plugins' is of type 'unknown'.
engine/plugins/gateway-startup-plugin-ids.ts(1494,5): error TS18046: 'params.pluginsConfig' is of type 'unknown'.
engine/plugins/gateway-startup-plugin-ids.ts(1495,5): error TS18046: 'params.activationSource.plugins' is of type 'unknown'.
engine/plugins/gateway-startup-plugin-ids.ts(1500,5): error TS18046: 'params.pluginsConfig' is of type 'unknown'.
engine/plugins/gateway-startup-plugin-ids.ts(1501,5): error TS18046: 'params.activationSource.plugins' is of type 'unknown'.
engine/plugins/gateway-startup-plugin-ids.ts(1507,5): error TS2322: Type 'string | undefined' is not assignable to type 'PluginOrigin'.
  Type 'undefined' is not assignable to type 'PluginOrigin'.
engine/plugins/gateway-startup-plugin-ids.ts(1508,5): error TS2322: Type 'unknown' is not assignable to type 'NormalizedPluginsConfig'.
engine/plugins/gateway-startup-plugin-ids.ts(1511,5): error TS2322: Type '{ plugins: unknown; rootConfig?: unknown; }' is not assignable to type 'PluginActivationConfigSource'.
  Type '{ plugins: unknown; rootConfig?: unknown; }' is not assignable to type '{ plugins: NormalizedPluginsConfig; rootConfig?: unknown; }'.
    Types of property 'plugins' are incompatible.
      Type 'unknown' is not assignable to type 'NormalizedPluginsConfig'.
engine/plugins/gateway-startup-plugin-ids.ts(1537,8): error TS18046: 'params.pluginsConfig' is of type 'unknown'.
engine/plugins/gateway-startup-plugin-ids.ts(1537,41): error TS18046: 'params.activationSource.plugins' is of type 'unknown'.
engine/plugins/gateway-startup-plugin-ids.ts(1541,5): error TS18046: 'params.pluginsConfig' is of type 'unknown'.
engine/plugins/gateway-startup-plugin-ids.ts(1542,5): error TS18046: 'params.activationSource.plugins' is of type 'unknown'.
engine/plugins/gateway-startup-plugin-ids.ts(1547,5): error TS18046: 'params.pluginsConfig' is of type 'unknown'.
engine/plugins/gateway-startup-plugin-ids.ts(1548,5): error TS18046: 'params.activationSource.plugins' is of type 'unknown'.
engine/plugins/gateway-startup-plugin-ids.ts(1553,5): error TS18046: 'params.pluginsConfig' is of type 'unknown'.
engine/plugins/gateway-startup-plugin-ids.ts(1554,6): error TS18046: 'params.pluginsConfig' is of type 'unknown'.
engine/plugins/gateway-startup-plugin-ids.ts(1559,5): error TS18046: 'params.activationSource.plugins' is of type 'unknown'.
engine/plugins/gateway-startup-plugin-ids.ts(1560,6): error TS18046: 'params.activationSource.plugins' is of type 'unknown'.
engine/plugins/gateway-startup-plugin-ids.ts(1566,5): error TS2322: Type 'string | undefined' is not assignable to type 'PluginOrigin'.
  Type 'undefined' is not assignable to type 'PluginOrigin'.
engine/plugins/gateway-startup-plugin-ids.ts(1567,5): error TS2322: Type 'unknown' is not assignable to type 'NormalizedPluginsConfig'.
engine/plugins/gateway-startup-plugin-ids.ts(1570,5): error TS2322: Type '{ plugins: unknown; rootConfig?: unknown; }' is not assignable to type 'PluginActivationConfigSource'.
  Type '{ plugins: unknown; rootConfig?: unknown; }' is not assignable to type '{ plugins: NormalizedPluginsConfig; rootConfig?: unknown; }'.
    Types of property 'plugins' are incompatible.
      Type 'unknown' is not assignable to type 'NormalizedPluginsConfig'.
engine/plugins/gateway-startup-plugin-ids.ts(1596,5): error TS18046: 'params.pluginsConfig' is of type 'unknown'.
engine/plugins/gateway-startup-plugin-ids.ts(1597,5): error TS18046: 'params.activationSource.plugins' is of type 'unknown'.
engine/plugins/gateway-startup-plugin-ids.ts(1602,5): error TS18046: 'params.pluginsConfig' is of type 'unknown'.
engine/plugins/gateway-startup-plugin-ids.ts(1603,5): error TS18046: 'params.activationSource.plugins' is of type 'unknown'.
engine/plugins/gateway-startup-plugin-ids.ts(1612,5): error TS2322: Type 'string | undefined' is not assignable to type 'PluginOrigin'.
  Type 'undefined' is not assignable to type 'PluginOrigin'.
engine/plugins/gateway-startup-plugin-ids.ts(1613,5): error TS2322: Type 'unknown' is not assignable to type 'NormalizedPluginsConfig'.
engine/plugins/gateway-startup-plugin-ids.ts(1616,5): error TS2322: Type '{ plugins: unknown; rootConfig?: unknown; }' is not assignable to type 'PluginActivationConfigSource'.
  Type '{ plugins: unknown; rootConfig?: unknown; }' is not assignable to type '{ plugins: NormalizedPluginsConfig; rootConfig?: unknown; }'.
    Types of property 'plugins' are incompatible.
      Type 'unknown' is not assignable to type 'NormalizedPluginsConfig'.
engine/plugins/gateway-startup-plugin-ids.ts(1641,8): error TS18046: 'params.pluginsConfig' is of type 'unknown'.
engine/plugins/gateway-startup-plugin-ids.ts(1641,41): error TS18046: 'params.activationSource.plugins' is of type 'unknown'.
engine/plugins/gateway-startup-plugin-ids.ts(1645,5): error TS18046: 'params.pluginsConfig' is of type 'unknown'.
engine/plugins/gateway-startup-plugin-ids.ts(1646,5): error TS18046: 'params.activationSource.plugins' is of type 'unknown'.
engine/plugins/gateway-startup-plugin-ids.ts(1651,5): error TS18046: 'params.pluginsConfig' is of type 'unknown'.
engine/plugins/gateway-startup-plugin-ids.ts(1652,5): error TS18046: 'params.activationSource.plugins' is of type 'unknown'.
engine/plugins/gateway-startup-plugin-ids.ts(1658,5): error TS2322: Type 'string | undefined' is not assignable to type 'PluginOrigin'.
  Type 'undefined' is not assignable to type 'PluginOrigin'.
engine/plugins/gateway-startup-plugin-ids.ts(1659,5): error TS2322: Type 'unknown' is not assignable to type 'NormalizedPluginsConfig'.
engine/plugins/gateway-startup-plugin-ids.ts(1662,5): error TS2322: Type '{ plugins: unknown; rootConfig?: unknown; }' is not assignable to type 'PluginActivationConfigSource'.
  Type '{ plugins: unknown; rootConfig?: unknown; }' is not assignable to type '{ plugins: NormalizedPluginsConfig; rootConfig?: unknown; }'.
    Types of property 'plugins' are incompatible.
      Type 'unknown' is not assignable to type 'NormalizedPluginsConfig'.
engine/plugins/gateway-startup-plugin-ids.ts(1680,8): error TS18046: 'params.pluginsConfig' is of type 'unknown'.
engine/plugins/gateway-startup-plugin-ids.ts(1680,41): error TS18046: 'params.activationSourcePlugins' is of type 'unknown'.
engine/plugins/gateway-startup-plugin-ids.ts(1684,5): error TS18046: 'params.pluginsConfig' is of type 'unknown'.
engine/plugins/gateway-startup-plugin-ids.ts(1685,5): error TS18046: 'params.activationSourcePlugins' is of type 'unknown'.
engine/plugins/gateway-startup-plugin-ids.ts(1690,5): error TS18046: 'params.pluginsConfig' is of type 'unknown'.
engine/plugins/gateway-startup-plugin-ids.ts(1691,5): error TS18046: 'params.activationSourcePlugins' is of type 'unknown'.
engine/plugins/gateway-startup-plugin-ids.ts(1699,34): error TS2339: Property 'entries' does not exist on type 'unknown'.
engine/plugins/gateway-startup-plugin-ids.ts(1718,5): error TS18046: 'params.activationSourcePlugins' is of type 'unknown'.
engine/plugins/gateway-startup-plugin-ids.ts(1735,5): error TS18046: 'params.activationSourcePlugins' is of type 'unknown'.
engine/plugins/gateway-startup-plugin-ids.ts(1746,8): error TS18046: 'params.pluginsConfig' is of type 'unknown'.
engine/plugins/gateway-startup-plugin-ids.ts(1746,41): error TS18046: 'params.activationSourcePlugins' is of type 'unknown'.
engine/plugins/gateway-startup-plugin-ids.ts(1750,5): error TS18046: 'params.pluginsConfig' is of type 'unknown'.
engine/plugins/gateway-startup-plugin-ids.ts(1751,5): error TS18046: 'params.activationSourcePlugins' is of type 'unknown'.
engine/plugins/gateway-startup-plugin-ids.ts(1756,5): error TS18046: 'params.pluginsConfig' is of type 'unknown'.
engine/plugins/gateway-startup-plugin-ids.ts(1757,5): error TS18046: 'params.activationSourcePlugins' is of type 'unknown'.
engine/plugins/gateway-startup-plugin-ids.ts(1763,5): error TS2322: Type 'string | undefined' is not assignable to type 'PluginOrigin'.
  Type 'undefined' is not assignable to type 'PluginOrigin'.
engine/plugins/gateway-startup-plugin-ids.ts(1764,5): error TS2322: Type 'unknown' is not assignable to type 'NormalizedPluginsConfig'.
engine/plugins/gateway-startup-plugin-ids.ts(1767,5): error TS2322: Type '{ plugins: unknown; rootConfig?: unknown; }' is not assignable to type 'PluginActivationConfigSource'.
  Type '{ plugins: unknown; rootConfig?: unknown; }' is not assignable to type '{ plugins: NormalizedPluginsConfig; rootConfig?: unknown; }'.
    Types of property 'plugins' are incompatible.
      Type 'unknown' is not assignable to type 'NormalizedPluginsConfig'.
engine/plugins/gateway-startup-plugin-ids.ts(1786,8): error TS18046: 'params.pluginsConfig' is of type 'unknown'.
engine/plugins/gateway-startup-plugin-ids.ts(1786,41): error TS18046: 'params.activationSource.plugins' is of type 'unknown'.
engine/plugins/gateway-startup-plugin-ids.ts(1790,5): error TS18046: 'params.pluginsConfig' is of type 'unknown'.
engine/plugins/gateway-startup-plugin-ids.ts(1791,5): error TS18046: 'params.activationSource.plugins' is of type 'unknown'.
engine/plugins/gateway-startup-plugin-ids.ts(1796,5): error TS18046: 'params.pluginsConfig' is of type 'unknown'.
engine/plugins/gateway-startup-plugin-ids.ts(1797,5): error TS18046: 'params.activationSource.plugins' is of type 'unknown'.
engine/plugins/gateway-startup-plugin-ids.ts(1803,5): error TS2322: Type 'string | undefined' is not assignable to type 'PluginOrigin'.
  Type 'undefined' is not assignable to type 'PluginOrigin'.
engine/plugins/gateway-startup-plugin-ids.ts(1804,5): error TS2322: Type 'unknown' is not assignable to type 'NormalizedPluginsConfig'.
engine/plugins/gateway-startup-plugin-ids.ts(1807,5): error TS2322: Type '{ plugins: unknown; rootConfig?: unknown; }' is not assignable to type 'PluginActivationConfigSource'.
  Type '{ plugins: unknown; rootConfig?: unknown; }' is not assignable to type '{ plugins: NormalizedPluginsConfig; rootConfig?: unknown; }'.
    Types of property 'plugins' are incompatible.
      Type 'unknown' is not assignable to type 'NormalizedPluginsConfig'.
engine/plugins/gateway-startup-plugin-ids.ts(1826,8): error TS18046: 'params.pluginsConfig' is of type 'unknown'.
engine/plugins/gateway-startup-plugin-ids.ts(1829,7): error TS18046: 'params.pluginsConfig' is of type 'unknown'.
engine/plugins/gateway-startup-plugin-ids.ts(1832,7): error TS18046: 'params.pluginsConfig' is of type 'unknown'.
engine/plugins/gateway-startup-plugin-ids.ts(1844,5): error TS18046: 'params.pluginsConfig' is of type 'unknown'.
engine/plugins/gateway-startup-plugin-ids.ts(1845,6): error TS18046: 'params.pluginsConfig' is of type 'unknown'.
engine/plugins/gateway-startup-plugin-ids.ts(1855,5): error TS2322: Type 'string | undefined' is not assignable to type 'PluginOrigin'.
  Type 'undefined' is not assignable to type 'PluginOrigin'.
engine/plugins/gateway-startup-plugin-ids.ts(1856,5): error TS2322: Type 'unknown' is not assignable to type 'NormalizedPluginsConfig'.
engine/plugins/gateway-startup-plugin-ids.ts(1859,5): error TS2322: Type '{ plugins: unknown; rootConfig?: unknown; }' is not assignable to type 'PluginActivationConfigSource'.
  Type '{ plugins: unknown; rootConfig?: unknown; }' is not assignable to type '{ plugins: NormalizedPluginsConfig; rootConfig?: unknown; }'.
    Types of property 'plugins' are incompatible.
      Type 'unknown' is not assignable to type 'NormalizedPluginsConfig'.
engine/plugins/gateway-startup-plugin-ids.ts(1891,60): error TS18046: 'params.config' is of type 'unknown'.
engine/plugins/gateway-startup-plugin-ids.ts(1965,60): error TS18046: 'params.config' is of type 'unknown'.
engine/plugins/gateway-startup-plugin-ids.ts(1973,5): error TS18046: 'activationSourceConfig' is of type 'unknown'.
engine/plugins/gateway-startup-plugin-ids.ts(1983,47): error TS2345: Argument of type 'unknown' is not assignable to parameter of type 'OpenClawConfig'.
engine/plugins/gateway-startup-plugin-ids.ts(1987,5): error TS2769: No overload matches this call.
  Overload 1 of 2, '(iterable?: Iterable<unknown> | null | undefined): Set<unknown>', gave the following error.
    Argument of type 'unknown' is not assignable to parameter of type 'Iterable<unknown> | null | undefined'.
  Overload 2 of 2, '(values?: readonly any[] | null | undefined): Set<any>', gave the following error.
    Argument of type 'unknown' is not assignable to parameter of type 'readonly any[] | null | undefined'.
engine/plugins/gateway-startup-plugin-ids.ts(2040,7): error TS18046: 'pluginsConfig' is of type 'unknown'.
engine/plugins/gateway-startup-plugin-ids.ts(2041,8): error TS18046: 'pluginsConfig' is of type 'unknown'.
engine/plugins/gateway-startup-plugin-ids.ts(2072,9): error TS2322: Type 'Set<unknown>' is not assignable to type 'ReadonlySet<string>'.
  Types of property 'forEach' are incompatible.
    Type '(callbackfn: (value: unknown, value2: unknown, set: Set<unknown>) => void, thisArg?: any) => void' is not assignable to type '(callbackfn: (value: string, value2: string, set: ReadonlySet<string>) => void, thisArg?: any) => void'.
      Types of parameters 'callbackfn' and 'callbackfn' are incompatible.
        Types of parameters 'value' and 'value' are incompatible.
          Type 'unknown' is not assignable to type 'string'.
engine/plugins/gateway-startup-plugin-ids.ts(2219,7): error TS2322: Type 'string | undefined' is not assignable to type 'PluginOrigin'.
  Type 'undefined' is not assignable to type 'PluginOrigin'.
engine/plugins/gateway-startup-plugin-ids.ts(2220,7): error TS2322: Type 'unknown' is not assignable to type 'NormalizedPluginsConfig'.
engine/plugins/gateway-startup-plugin-ids.ts(2223,7): error TS2322: Type '{ plugins: unknown; rootConfig: unknown; }' is not assignable to type 'PluginActivationConfigSource'.
  Type '{ plugins: unknown; rootConfig: unknown; }' is not assignable to type '{ plugins: NormalizedPluginsConfig; rootConfig?: unknown; }'.
    Types of property 'plugins' are incompatible.
      Type 'unknown' is not assignable to type 'NormalizedPluginsConfig'.
engine/plugins/gateway-startup-plugin-ids.ts(2288,11): error TS2322: Type 'unknown' is not assignable to type 'OpenClawConfig | undefined'.
engine/plugins/gateway-startup-plugin-ids.ts(2301,5): error TS2322: Type 'unknown' is not assignable to type 'InstalledPluginIndex'.
engine/plugins/gateway-startup-plugin-ids.ts(2302,5): error TS2322: Type 'unknown' is not assignable to type 'PluginManifestRegistry'.
engine/plugins/gateway-startup-speech-providers.ts(149,18): error TS18046: 'config' is of type 'unknown'.
engine/plugins/gateway-startup-speech-providers.ts(156,47): error TS2554: Expected 0-1 arguments, but got 2.
engine/plugins/gateway-startup-speech-providers.ts(165,20): error TS18046: 'config' is of type 'unknown'.
engine/plugins/gateway-startup-speech-providers.ts(171,81): error TS2554: Expected 0-1 arguments, but got 2.
engine/plugins/gateway-startup-speech-providers.ts(182,47): error TS2554: Expected 0-1 arguments, but got 2.
engine/plugins/gateway-startup-speech-providers.ts(192,25): error TS18046: 'config' is of type 'unknown'.
engine/plugins/generated-plugin-test-helpers.ts(7,48): error TS1343: The 'import.meta' meta-property is only allowed when the '--module' option is 'es2020', 'es2022', 'esnext', 'system', 'node16', 'node18', 'node20', or 'nodenext'.
engine/plugins/git-install.ts(253,11): error TS2554: Expected 2 arguments, but got 1.
engine/plugins/git-install.ts(280,63): error TS2339: Property 'blocked' does not exist on type 'InstallSecurityScanResult'.
engine/plugins/git-install.ts(300,46): error TS2345: Argument of type 'string[]' is not assignable to parameter of type 'string'.
engine/plugins/git-install.ts(305,14): error TS2339: Property 'code' does not exist on type 'RunCommandResult'.
engine/plugins/git-install.ts(395,7): error TS2353: Object literal may only specify known properties, and 'config' does not exist in type '{ gitUrl: string; }'.
engine/plugins/git-install.ts(403,20): error TS2339: Property 'blocked' does not exist on type 'InstallSecurityScanResult'.
engine/plugins/git-install.ts(405,19): error TS2339: Property 'blocked' does not exist on type 'InstallSecurityScanResult'.
engine/plugins/git-install.ts(415,64): error TS2339: Property 'blocked' does not exist on type 'InstallSecurityScanResult'.
engine/plugins/git-install.ts(421,9): error TS2345: Argument of type 'any[]' is not assignable to parameter of type 'string'.
engine/plugins/git-install.ts(423,14): error TS2488: Type 'unknown' must have a '[Symbol.iterator]()' method that returns an iterator.
engine/plugins/git-install.ts(440,19): error TS2339: Property 'code' does not exist on type 'RunCommandResult'.
engine/plugins/hardlink-policy.ts(23,50): error TS2554: Expected 1 arguments, but got 2.
engine/plugins/hook-agent-context.ts(5,15): error TS2305: Module '"./hook-types.js"' has no exported member 'PluginHookAgentContext'.
engine/plugins/hook-agent-context.ts(133,5): error TS2739: Type '{}' is missing the following properties from type 'Pick<PluginHookAgentContext, "senderId" | "chatId" | "channelContext">': senderId, chatId, channelContext
engine/plugins/hook-agent-context.ts(153,3): error TS2322: Type '{ channelContext?: { chat?: PluginHookChannelChatContext; sender?: PluginHookChannelSenderContext; } | undefined; chatId?: string | undefined; senderId?: string | undefined; }' is not assignable to type 'Pick<PluginHookAgentContext, "senderId" | "chatId" | "channelContext">'.
  Property 'senderId' is optional in type '{ channelContext?: { chat?: PluginHookChannelChatContext | undefined; sender?: PluginHookChannelSenderContext | undefined; } | undefined; chatId?: string | undefined; senderId?: string | undefined; }' but required in type 'Pick<PluginHookAgentContext, "senderId" | "chatId" | "channelContext">'.
engine/plugins/hook-runner-global-state.ts(43,33): error TS2352: Conversion of type 'TrustedPolicyHookRunnerRegistry' to type 'PluginRegistry' may be a mistake because neither type sufficiently overlaps with the other. If this was intentional, convert the expression to 'unknown' first.
  Type 'TrustedPolicyHookRunnerRegistry' is missing the following properties from type 'PluginRegistry': tools, channels, channelSetups, providers, and 27 more.
engine/plugins/hook-runner-global-state.ts(54,9): error TS2345: Argument of type 'PluginRegistry' is not assignable to parameter of type 'TrustedPolicyHookRunnerRegistry'.
  Type 'PluginRegistry' is not assignable to type 'HookRunnerRegistry'.
    Types of property 'typedHooks' are incompatible.
      Type 'PluginHookRegistration[]' is not assignable to type 'PluginHookRegistration<PluginHookName>[]'.
        Type 'PluginHookRegistration' is missing the following properties from type 'PluginHookRegistration<PluginHookName>': hookName, handler
engine/plugins/hook-runner-global.ts(23,15): error TS2305: Module '"./hook-types.js"' has no exported member 'PluginHookGatewayContext'.
engine/plugins/hook-runner-global.ts(23,41): error TS2305: Module '"./hook-types.js"' has no exported member 'PluginHookGatewayStopEvent'.
engine/plugins/hooks.ts(20,3): error TS2305: Module '"./hook-types.js"' has no exported member 'PluginHookAfterCompactionEvent'.
engine/plugins/hooks.ts(21,3): error TS2305: Module '"./hook-types.js"' has no exported member 'PluginHookAfterToolCallEvent'.
engine/plugins/hooks.ts(22,3): error TS2305: Module '"./hook-types.js"' has no exported member 'PluginHookAgentContext'.
engine/plugins/hooks.ts(23,3): error TS2305: Module '"./hook-types.js"' has no exported member 'PluginHookAgentEndEvent'.
engine/plugins/hooks.ts(24,3): error TS2305: Module '"./hook-types.js"' has no exported member 'PluginHookBeforeAgentFinalizeEvent'.
engine/plugins/hooks.ts(25,3): error TS2305: Module '"./hook-types.js"' has no exported member 'PluginHookBeforeAgentFinalizeResult'.
engine/plugins/hooks.ts(26,3): error TS2305: Module '"./hook-types.js"' has no exported member 'PluginHookBeforeAgentReplyEvent'.
engine/plugins/hooks.ts(27,3): error TS2305: Module '"./hook-types.js"' has no exported member 'PluginHookBeforeAgentReplyResult'.
engine/plugins/hooks.ts(28,3): error TS2305: Module '"./hook-types.js"' has no exported member 'PluginHookBeforeAgentStartEvent'.
engine/plugins/hooks.ts(29,3): error TS2305: Module '"./hook-types.js"' has no exported member 'PluginHookBeforeAgentStartResult'.
engine/plugins/hooks.ts(30,3): error TS2305: Module '"./hook-types.js"' has no exported member 'PluginHookBeforeDispatchContext'.
engine/plugins/hooks.ts(31,3): error TS2305: Module '"./hook-types.js"' has no exported member 'PluginHookBeforeDispatchEvent'.
engine/plugins/hooks.ts(32,3): error TS2305: Module '"./hook-types.js"' has no exported member 'PluginHookBeforeDispatchResult'.
engine/plugins/hooks.ts(33,3): error TS2305: Module '"./hook-types.js"' has no exported member 'PluginHookReplyPayloadSendingContext'.
engine/plugins/hooks.ts(34,3): error TS2305: Module '"./hook-types.js"' has no exported member 'PluginHookReplyPayloadSendingEvent'.
engine/plugins/hooks.ts(35,3): error TS2305: Module '"./hook-types.js"' has no exported member 'PluginHookReplyPayloadSendingResult'.
engine/plugins/hooks.ts(36,3): error TS2305: Module '"./hook-types.js"' has no exported member 'PluginHookReplyPayload'.
engine/plugins/hooks.ts(37,3): error TS2305: Module '"./hook-types.js"' has no exported member 'PluginHookReplyDispatchContext'.
engine/plugins/hooks.ts(38,3): error TS2305: Module '"./hook-types.js"' has no exported member 'PluginHookReplyDispatchEvent'.
engine/plugins/hooks.ts(39,3): error TS2305: Module '"./hook-types.js"' has no exported member 'PluginHookReplyDispatchResult'.
engine/plugins/hooks.ts(40,3): error TS2305: Module '"./hook-types.js"' has no exported member 'PluginHookBeforeModelResolveEvent'.
engine/plugins/hooks.ts(41,3): error TS2305: Module '"./hook-types.js"' has no exported member 'PluginHookBeforeModelResolveResult'.
engine/plugins/hooks.ts(42,3): error TS2305: Module '"./hook-types.js"' has no exported member 'PluginHookBeforePromptBuildEvent'.
engine/plugins/hooks.ts(43,3): error TS2305: Module '"./hook-types.js"' has no exported member 'PluginHookBeforePromptBuildResult'.
engine/plugins/hooks.ts(44,3): error TS2305: Module '"./hook-types.js"' has no exported member 'PluginHookBeforeCompactionEvent'.
engine/plugins/hooks.ts(45,3): error TS2305: Module '"./hook-types.js"' has no exported member 'PluginHookModelCallEndedEvent'.
engine/plugins/hooks.ts(46,3): error TS2305: Module '"./hook-types.js"' has no exported member 'PluginHookModelCallStartedEvent'.
engine/plugins/hooks.ts(47,3): error TS2305: Module '"./hook-types.js"' has no exported member 'PluginHookInboundClaimContext'.
engine/plugins/hooks.ts(48,3): error TS2305: Module '"./hook-types.js"' has no exported member 'PluginHookInboundClaimEvent'.
engine/plugins/hooks.ts(49,3): error TS2305: Module '"./hook-types.js"' has no exported member 'PluginHookInboundClaimResult'.
engine/plugins/hooks.ts(50,3): error TS2305: Module '"./hook-types.js"' has no exported member 'PluginHookLlmInputEvent'.
engine/plugins/hooks.ts(51,3): error TS2305: Module '"./hook-types.js"' has no exported member 'PluginHookLlmOutputEvent'.
engine/plugins/hooks.ts(52,3): error TS2305: Module '"./hook-types.js"' has no exported member 'PluginHookBeforeResetEvent'.
engine/plugins/hooks.ts(53,3): error TS2305: Module '"./hook-types.js"' has no exported member 'PluginHookBeforeToolCallEvent'.
engine/plugins/hooks.ts(54,3): error TS2305: Module '"./hook-types.js"' has no exported member 'PluginHookBeforeToolCallResult'.
engine/plugins/hooks.ts(55,3): error TS2305: Module '"./hook-types.js"' has no exported member 'PluginAgentTurnPrepareEvent'.
engine/plugins/hooks.ts(56,3): error TS2305: Module '"./hook-types.js"' has no exported member 'PluginAgentTurnPrepareResult'.
engine/plugins/hooks.ts(57,3): error TS2305: Module '"./hook-types.js"' has no exported member 'PluginHeartbeatPromptContributionEvent'.
engine/plugins/hooks.ts(58,3): error TS2305: Module '"./hook-types.js"' has no exported member 'PluginHeartbeatPromptContributionResult'.
engine/plugins/hooks.ts(59,3): error TS2305: Module '"./hook-types.js"' has no exported member 'PluginHookBeforeAgentRunEvent'.
engine/plugins/hooks.ts(60,3): error TS2305: Module '"./hook-types.js"' has no exported member 'PluginHookCronChangedEvent'.
engine/plugins/hooks.ts(61,3): error TS2305: Module '"./hook-types.js"' has no exported member 'PluginHookGatewayCronDeliveryStatus'.
engine/plugins/hooks.ts(62,3): error TS2305: Module '"./hook-types.js"' has no exported member 'PluginHookGatewayCronJobState'.
engine/plugins/hooks.ts(63,3): error TS2305: Module '"./hook-types.js"' has no exported member 'PluginHookGatewayCronRunStatus'.
engine/plugins/hooks.ts(64,3): error TS2305: Module '"./hook-types.js"' has no exported member 'PluginHookGatewayContext'.
engine/plugins/hooks.ts(65,3): error TS2305: Module '"./hook-types.js"' has no exported member 'PluginHookGatewayStartEvent'.
engine/plugins/hooks.ts(66,3): error TS2305: Module '"./hook-types.js"' has no exported member 'PluginHookGatewayStopEvent'.
engine/plugins/hooks.ts(67,3): error TS2305: Module '"./hook-types.js"' has no exported member 'PluginHookMessageContext'.
engine/plugins/hooks.ts(68,3): error TS2305: Module '"./hook-types.js"' has no exported member 'PluginHookMessageReceivedEvent'.
engine/plugins/hooks.ts(69,3): error TS2305: Module '"./hook-types.js"' has no exported member 'PluginHookMessageSendingEvent'.
engine/plugins/hooks.ts(70,3): error TS2305: Module '"./hook-types.js"' has no exported member 'PluginHookMessageSendingResult'.
engine/plugins/hooks.ts(71,3): error TS2305: Module '"./hook-types.js"' has no exported member 'PluginHookMessageSentEvent'.
engine/plugins/hooks.ts(74,3): error TS2305: Module '"./hook-types.js"' has no exported member 'PluginHookSessionContext'.
engine/plugins/hooks.ts(75,3): error TS2305: Module '"./hook-types.js"' has no exported member 'PluginHookSessionEndEvent'.
engine/plugins/hooks.ts(76,3): error TS2305: Module '"./hook-types.js"' has no exported member 'PluginHookSessionStartEvent'.
engine/plugins/hooks.ts(77,3): error TS2305: Module '"./hook-types.js"' has no exported member 'PluginHookSubagentContext'.
engine/plugins/hooks.ts(78,3): error TS2305: Module '"./hook-types.js"' has no exported member 'PluginHookSubagentDeliveryTargetEvent'.
engine/plugins/hooks.ts(79,3): error TS2305: Module '"./hook-types.js"' has no exported member 'PluginHookSubagentDeliveryTargetResult'.
engine/plugins/hooks.ts(80,3): error TS2305: Module '"./hook-types.js"' has no exported member 'PluginHookSubagentSpawningEvent'.
engine/plugins/hooks.ts(81,3): error TS2305: Module '"./hook-types.js"' has no exported member 'PluginHookSubagentSpawningResult'.
engine/plugins/hooks.ts(82,3): error TS2305: Module '"./hook-types.js"' has no exported member 'PluginHookSubagentEndedEvent'.
engine/plugins/hooks.ts(83,3): error TS2305: Module '"./hook-types.js"' has no exported member 'PluginHookSubagentSpawnedEvent'.
engine/plugins/hooks.ts(84,3): error TS2305: Module '"./hook-types.js"' has no exported member 'PluginHookToolContext'.
engine/plugins/hooks.ts(85,3): error TS2305: Module '"./hook-types.js"' has no exported member 'PluginHookToolResultPersistContext'.
engine/plugins/hooks.ts(86,3): error TS2305: Module '"./hook-types.js"' has no exported member 'PluginHookToolResultPersistEvent'.
engine/plugins/hooks.ts(87,3): error TS2305: Module '"./hook-types.js"' has no exported member 'PluginHookToolResultPersistResult'.
engine/plugins/hooks.ts(88,3): error TS2305: Module '"./hook-types.js"' has no exported member 'PluginHookBeforeMessageWriteEvent'.
engine/plugins/hooks.ts(89,3): error TS2305: Module '"./hook-types.js"' has no exported member 'PluginHookBeforeMessageWriteResult'.
engine/plugins/hooks.ts(90,3): error TS2305: Module '"./hook-types.js"' has no exported member 'PluginHookBeforeInstallContext'.
engine/plugins/hooks.ts(91,3): error TS2305: Module '"./hook-types.js"' has no exported member 'PluginHookBeforeInstallEvent'.
engine/plugins/hooks.ts(92,3): error TS2305: Module '"./hook-types.js"' has no exported member 'PluginHookBeforeInstallResult'.
engine/plugins/hooks.ts(93,3): error TS2305: Module '"./hook-types.js"' has no exported member 'PluginHookResolveExecEnvContext'.
engine/plugins/hooks.ts(94,3): error TS2305: Module '"./hook-types.js"' has no exported member 'PluginHookResolveExecEnvEvent'.
engine/plugins/hooks.ts(544,40): error TS2345: Argument of type 'number | undefined' is not assignable to parameter of type 'number'.
  Type 'undefined' is not assignable to type 'number'.
engine/plugins/host-hook-attachments.ts(11,10): error TS2305: Module '"../agents/path-policy.js"' has no exported member 'resolvePathFromInput'.
engine/plugins/host-hook-attachments.ts(17,70): error TS2307: Cannot find module './_parent__utils__message_channel.js' or its corresponding type declarations.
engine/plugins/host-hook-attachments.ts(33,34): error TS2307: Cannot find module '../infra/outbound/message.js' or its corresponding type declarations.
engine/plugins/host-hook-attachments.ts(37,33): error TS2307: Cannot find module '../infra/outbound/message.js' or its corresponding type declarations.
engine/plugins/host-hook-attachments.ts(109,39): error TS2339: Property 'telegram' does not exist on type 'PluginAttachmentChannelHints'.
engine/plugins/host-hook-attachments.ts(127,39): error TS2339: Property 'slack' does not exist on type 'PluginAttachmentChannelHints'.
engine/plugins/host-hook-attachments.ts(138,40): error TS2339: Property 'files' does not exist on type 'PluginSessionAttachmentParams'.
engine/plugins/host-hook-attachments.ts(246,53): error TS2339: Property 'sessionKey' does not exist on type 'PluginSessionAttachmentParams & { config?: unknown; origin?: PluginOrigin | undefined; }'.
engine/plugins/host-hook-attachments.ts(250,29): error TS2551: Property 'files' does not exist on type 'PluginSessionAttachmentParams & { config?: unknown; origin?: PluginOrigin | undefined; }'. Did you mean 'file'?
engine/plugins/host-hook-attachments.ts(250,46): error TS2551: Property 'files' does not exist on type 'PluginSessionAttachmentParams & { config?: unknown; origin?: PluginOrigin | undefined; }'. Did you mean 'file'?
engine/plugins/host-hook-attachments.ts(254,19): error TS2339: Property 'maxBytes' does not exist on type 'PluginSessionAttachmentParams & { config?: unknown; origin?: PluginOrigin | undefined; }'.
engine/plugins/host-hook-attachments.ts(254,67): error TS2339: Property 'maxBytes' does not exist on type 'PluginSessionAttachmentParams & { config?: unknown; origin?: PluginOrigin | undefined; }'.
engine/plugins/host-hook-attachments.ts(255,78): error TS2339: Property 'maxBytes' does not exist on type 'PluginSessionAttachmentParams & { config?: unknown; origin?: PluginOrigin | undefined; }'.
engine/plugins/host-hook-attachments.ts(283,50): error TS2339: Property 'text' does not exist on type 'PluginSessionAttachmentParams & { config?: unknown; origin?: PluginOrigin | undefined; }'.
engine/plugins/host-hook-attachments.ts(287,26): error TS2339: Property 'channelHints' does not exist on type 'PluginSessionAttachmentParams & { config?: unknown; origin?: PluginOrigin | undefined; }'.
engine/plugins/host-hook-attachments.ts(289,58): error TS2551: Property 'files' does not exist on type 'PluginSessionAttachmentParams & { config?: unknown; origin?: PluginOrigin | undefined; }'. Did you mean 'file'?
engine/plugins/host-hook-attachments.ts(299,30): error TS2339: Property 'threadId' does not exist on type 'PluginSessionAttachmentParams & { config?: unknown; origin?: PluginOrigin | undefined; }'.
engine/plugins/host-hook-attachments.ts(314,73): error TS2339: Property 'forceDocument' does not exist on type 'PluginSessionAttachmentParams & { config?: unknown; origin?: PluginOrigin | undefined; }'.
engine/plugins/host-hook-attachments.ts(330,5): error TS2353: Object literal may only specify known properties, and 'channel' does not exist in type '{ ok: true; attachmentId?: string | undefined; }'.
engine/plugins/http-registry.ts(6,15): error TS2305: Module '"./registry.js"' has no exported member 'PluginHttpRouteRegistration'.
engine/plugins/http-registry.ts(6,44): error TS2305: Module '"./registry.js"' has no exported member 'PluginRegistry'.
engine/plugins/http-registry.ts(53,44): error TS2339: Property 'auth' does not exist on type '{ path: string; match: OpenClawPluginHttpRouteMatch; }'.
engine/plugins/http-registry.ts(56,91): error TS2339: Property 'auth' does not exist on type '{ path: string; match: OpenClawPluginHttpRouteMatch; }'.
engine/plugins/http-registry.ts(57,38): error TS2339: Property 'pluginId' does not exist on type '{ path: string; match: OpenClawPluginHttpRouteMatch; }'.
engine/plugins/http-registry.ts(57,88): error TS2339: Property 'source' does not exist on type '{ path: string; match: OpenClawPluginHttpRouteMatch; }'.
engine/plugins/http-registry.ts(62,6): error TS7006: Parameter 'entry' implicitly has an 'any' type.
engine/plugins/http-route-overlap.ts(3,15): error TS2305: Module '"./types.js"' has no exported member 'OpenClawPluginHttpRouteMatch'.
engine/plugins/inspect-shape.ts(2,15): error TS2305: Module '"./registry.js"' has no exported member 'PluginRegistry'.
engine/plugins/inspect-shape.ts(108,6): error TS7006: Parameter 'entry' implicitly has an 'any' type.
engine/plugins/inspect-shape.ts(111,6): error TS7006: Parameter 'entry' implicitly has an 'any' type.
engine/plugins/inspect-shape.ts(114,6): error TS7006: Parameter 'entry' implicitly has an 'any' type.
engine/plugins/inspect-shape.ts(117,6): error TS7006: Parameter 'descriptor' implicitly has an 'any' type.
engine/plugins/inspect-shape.ts(140,8): error TS7006: Parameter 'entry' implicitly has an 'any' type.
engine/plugins/install.ts(200,45): error TS2339: Property 'resolveCompatibilityHostVersion' does not exist on type 'typeof import("/Users/chouray/WorkBuddy/2026-05-25-10-01-22/cross-wms/server/engine/plugins/install.runtime")'.
engine/plugins/install.ts(201,46): error TS2339: Property 'checkMinHostVersion' does not exist on type 'typeof import("/Users/chouray/WorkBuddy/2026-05-25-10-01-22/cross-wms/server/engine/plugins/install.runtime")'.
engine/plugins/install.ts(239,30): error TS2339: Property 'fileExists' does not exist on type 'typeof import("/Users/chouray/WorkBuddy/2026-05-25-10-01-22/cross-wms/server/engine/plugins/install.runtime")'.
engine/plugins/install.ts(246,38): error TS2339: Property 'readJsonFile' does not exist on type 'typeof import("/Users/chouray/WorkBuddy/2026-05-25-10-01-22/cross-wms/server/engine/plugins/install.runtime")'.
engine/plugins/install.ts(332,5): error TS2345: Argument of type 'string[]' is not assignable to parameter of type 'string'.
engine/plugins/install.ts(338,16): error TS2339: Property 'code' does not exist on type 'RunCommandResult'.
engine/plugins/install.ts(592,63): error TS2339: Property 'blocked' does not exist on type 'InstallSecurityScanResult'.
engine/plugins/install.ts(634,7): error TS2345: Argument of type 'string[]' is not assignable to parameter of type 'string'.
engine/plugins/install.ts(683,39): error TS2339: Property 'managedPeerDependencies' does not exist on type '{}'.
engine/plugins/install.ts(686,9): error TS18046: 'preRestorePeerDependencySnapshot' is of type 'unknown'.
engine/plugins/install.ts(687,12): error TS7006: Parameter 'packageName' implicitly has an 'any' type.
engine/plugins/install.ts(694,9): error TS2345: Argument of type 'string[]' is not assignable to parameter of type 'string'.
engine/plugins/install.ts(716,25): error TS2339: Property 'code' does not exist on type 'RunCommandResult'.
engine/plugins/install.ts(718,96): error TS2339: Property 'code' does not exist on type 'RunCommandResult'.
engine/plugins/install.ts(721,47): error TS7006: Parameter 'packageName' implicitly has an 'any' type.
engine/plugins/install.ts(1048,51): error TS2339: Property 'version' does not exist on type '{}'.
engine/plugins/install.ts(1049,86): error TS2339: Property 'version' does not exist on type '{}'.
engine/plugins/install.ts(1051,53): error TS2339: Property 'integrity' does not exist on type '{}'.
engine/plugins/install.ts(1052,90): error TS2339: Property 'integrity' does not exist on type '{}'.
engine/plugins/install.ts(1133,5): error TS2561: Object literal may only specify known properties, but 'generationKey' does not exist in type '{ packageName: string; generation: string; npmDir?: string | undefined; }'. Did you mean to write 'generation'?
engine/plugins/install.ts(1160,5): error TS2561: Object literal may only specify known properties, but 'generationKey' does not exist in type '{ packageName: string; generation: string; npmDir?: string | undefined; }'. Did you mean to write 'generation'?
engine/plugins/install.ts(1175,28): error TS2339: Property 'fileExists' does not exist on type 'typeof import("/Users/chouray/WorkBuddy/2026-05-25-10-01-22/cross-wms/server/engine/plugins/install.runtime")'.
engine/plugins/install.ts(1197,30): error TS2339: Property 'fileExists' does not exist on type 'typeof import("/Users/chouray/WorkBuddy/2026-05-25-10-01-22/cross-wms/server/engine/plugins/install.runtime")'.
engine/plugins/install.ts(1339,55): error TS2339: Property 'resolveTimedInstallModeOptions' does not exist on type 'typeof import("/Users/chouray/WorkBuddy/2026-05-25-10-01-22/cross-wms/server/engine/plugins/install.runtime")'.
engine/plugins/install.ts(1395,11): error TS2353: Object literal may only specify known properties, and 'requestedSpecifier' does not exist in type '{ npmSpec: string; }'.
engine/plugins/install.ts(1490,11): error TS2322: Type 'unknown' is not assignable to type 'boolean'.
engine/plugins/install.ts(1516,10): error TS2488: Type 'unknown' must have a '[Symbol.iterator]()' method that returns an iterator.
engine/plugins/install.ts(1535,47): error TS2345: Argument of type 'any[]' is not assignable to parameter of type 'string'.
engine/plugins/install.ts(1537,17): error TS2339: Property 'code' does not exist on type 'RunCommandResult'.
engine/plugins/install.ts(1558,45): error TS2345: Argument of type 'any[]' is not assignable to parameter of type 'string'.
engine/plugins/install.ts(1560,17): error TS2339: Property 'code' does not exist on type 'RunCommandResult'.
engine/plugins/install.ts(1584,45): error TS2345: Argument of type 'any[]' is not assignable to parameter of type 'string'.
engine/plugins/install.ts(1585,19): error TS2339: Property 'code' does not exist on type 'RunCommandResult'.
engine/plugins/install.ts(1592,17): error TS2339: Property 'code' does not exist on type 'RunCommandResult'.
engine/plugins/install.ts(1611,45): error TS2345: Argument of type 'any[]' is not assignable to parameter of type 'string'.
engine/plugins/install.ts(1612,19): error TS2339: Property 'code' does not exist on type 'RunCommandResult'.
engine/plugins/install.ts(1644,19): error TS2339: Property 'getPackageManifestMetadata' does not exist on type 'typeof import("/Users/chouray/WorkBuddy/2026-05-25-10-01-22/cross-wms/server/engine/plugins/install.runtime")'.
engine/plugins/install.ts(1665,9): error TS18046: 'omittedPlatformPackages' is of type 'unknown'.
engine/plugins/install.ts(1666,43): error TS18046: 'omittedPlatformPackages' is of type 'unknown'.
engine/plugins/install.ts(1666,72): error TS7006: Parameter 'entry' implicitly has an 'any' type.
engine/plugins/install.ts(1673,47): error TS2345: Argument of type 'any[]' is not assignable to parameter of type 'string'.
engine/plugins/install.ts(1676,13): error TS2698: Spread types may only be created from object types.
engine/plugins/install.ts(1697,19): error TS2339: Property 'code' does not exist on type 'RunCommandResult'.
engine/plugins/install.ts(1715,11): error TS18046: 'stillOmittedPlatformPackages' is of type 'unknown'.
engine/plugins/install.ts(1718,100): error TS18046: 'stillOmittedPlatformPackages' is of type 'unknown'.
engine/plugins/install.ts(1718,134): error TS7006: Parameter 'entry' implicitly has an 'any' type.
engine/plugins/install.ts(1743,53): error TS2559: Type 'string' has no properties in common with type '{ peerDependencies?: Record<string, string> | undefined; openClawPrefix?: string | undefined; }'.
engine/plugins/install.ts(2038,31): error TS2339: Property 'ensureInstallTargetAvailable' does not exist on type 'typeof import("/Users/chouray/WorkBuddy/2026-05-25-10-01-22/cross-wms/server/engine/plugins/install.runtime")'.
engine/plugins/install.ts(2083,21): error TS2339: Property 'blocked' does not exist on type 'InstallSecurityScanResult'.
engine/plugins/install.ts(2085,20): error TS2339: Property 'blocked' does not exist on type 'InstallSecurityScanResult'.
engine/plugins/install.ts(2095,62): error TS2339: Property 'blocked' does not exist on type 'InstallSecurityScanResult'.
engine/plugins/install.ts(2169,36): error TS2339: Property 'installPackageDir' does not exist on type 'typeof import("/Users/chouray/WorkBuddy/2026-05-25-10-01-22/cross-wms/server/engine/plugins/install.runtime")'.
engine/plugins/install.ts(2180,26): error TS7006: Parameter 'installedDir' implicitly has an 'any' type.
engine/plugins/install.ts(2218,31): error TS2339: Property 'resolveCanonicalInstallTarget' does not exist on type 'typeof import("/Users/chouray/WorkBuddy/2026-05-25-10-01-22/cross-wms/server/engine/plugins/install.runtime")'.
engine/plugins/install.ts(2235,32): error TS2339: Property 'fileExists' does not exist on type 'typeof import("/Users/chouray/WorkBuddy/2026-05-25-10-01-22/cross-wms/server/engine/plugins/install.runtime")'.
engine/plugins/install.ts(2244,32): error TS2339: Property 'detectBundleManifestFormat' does not exist on type 'typeof import("/Users/chouray/WorkBuddy/2026-05-25-10-01-22/cross-wms/server/engine/plugins/install.runtime")'.
engine/plugins/install.ts(2249,55): error TS2339: Property 'resolveTimedInstallModeOptions' does not exist on type 'typeof import("/Users/chouray/WorkBuddy/2026-05-25-10-01-22/cross-wms/server/engine/plugins/install.runtime")'.
engine/plugins/install.ts(2253,31): error TS2339: Property 'loadBundleManifest' does not exist on type 'typeof import("/Users/chouray/WorkBuddy/2026-05-25-10-01-22/cross-wms/server/engine/plugins/install.runtime")'.
engine/plugins/install.ts(2282,15): error TS2339: Property 'getPackageManifestMetadata' does not exist on type 'typeof import("/Users/chouray/WorkBuddy/2026-05-25-10-01-22/cross-wms/server/engine/plugins/install.runtime")'.
engine/plugins/install.ts(2310,21): error TS2339: Property 'scanBundleInstallSource' does not exist on type 'typeof import("/Users/chouray/WorkBuddy/2026-05-25-10-01-22/cross-wms/server/engine/plugins/install.runtime")'.
engine/plugins/install.ts(2373,23): error TS2339: Property 'fileExists' does not exist on type 'typeof import("/Users/chouray/WorkBuddy/2026-05-25-10-01-22/cross-wms/server/engine/plugins/install.runtime")'.
engine/plugins/install.ts(2378,36): error TS2339: Property 'readJsonFile' does not exist on type 'typeof import("/Users/chouray/WorkBuddy/2026-05-25-10-01-22/cross-wms/server/engine/plugins/install.runtime")'.
engine/plugins/install.ts(2416,30): error TS2339: Property 'fileExists' does not exist on type 'typeof import("/Users/chouray/WorkBuddy/2026-05-25-10-01-22/cross-wms/server/engine/plugins/install.runtime")'.
engine/plugins/install.ts(2422,37): error TS2339: Property 'readJsonFile' does not exist on type 'typeof import("/Users/chouray/WorkBuddy/2026-05-25-10-01-22/cross-wms/server/engine/plugins/install.runtime")'.
engine/plugins/install.ts(2429,43): error TS2339: Property 'loadPluginManifest' does not exist on type 'typeof import("/Users/chouray/WorkBuddy/2026-05-25-10-01-22/cross-wms/server/engine/plugins/install.runtime")'.
engine/plugins/install.ts(2451,7): error TS2353: Object literal may only specify known properties, and 'manifestPluginId' does not exist in type '{ pluginId: string; expectedPluginId?: string | undefined; }'.
engine/plugins/install.ts(2468,42): error TS2339: Property 'getPackageManifestMetadata' does not exist on type 'typeof import("/Users/chouray/WorkBuddy/2026-05-25-10-01-22/cross-wms/server/engine/plugins/install.runtime")'.
engine/plugins/install.ts(2516,28): error TS2339: Property 'scanPackageInstallSource' does not exist on type 'typeof import("/Users/chouray/WorkBuddy/2026-05-25-10-01-22/cross-wms/server/engine/plugins/install.runtime")'.
engine/plugins/install.ts(2577,28): error TS2339: Property 'scanInstalledPackageDependencyTree' does not exist on type 'typeof import("/Users/chouray/WorkBuddy/2026-05-25-10-01-22/cross-wms/server/engine/plugins/install.runtime")'.
engine/plugins/install.ts(2634,30): error TS2339: Property 'resolveTimedInstallModeOptions' does not exist on type 'typeof import("/Users/chouray/WorkBuddy/2026-05-25-10-01-22/cross-wms/server/engine/plugins/install.runtime")'.
engine/plugins/install.ts(2699,55): error TS2339: Property 'resolveTimedInstallModeOptions' does not exist on type 'typeof import("/Users/chouray/WorkBuddy/2026-05-25-10-01-22/cross-wms/server/engine/plugins/install.runtime")'.
engine/plugins/install.ts(2744,45): error TS2339: Property 'detectBundleManifestFormat' does not exist on type 'typeof import("/Users/chouray/WorkBuddy/2026-05-25-10-01-22/cross-wms/server/engine/plugins/install.runtime")'.
engine/plugins/install.ts(2802,43): error TS2339: Property 'resolveArchiveSourcePath' does not exist on type 'typeof import("/Users/chouray/WorkBuddy/2026-05-25-10-01-22/cross-wms/server/engine/plugins/install.runtime")'.
engine/plugins/install.ts(2809,32): error TS2339: Property 'withExtractedArchiveRoot' does not exist on type 'typeof import("/Users/chouray/WorkBuddy/2026-05-25-10-01-22/cross-wms/server/engine/plugins/install.runtime")'.
engine/plugins/install.ts(2815,25): error TS7006: Parameter 'sourceDir' implicitly has an 'any' type.
engine/plugins/install.ts(2857,23): error TS2339: Property 'fileExists' does not exist on type 'typeof import("/Users/chouray/WorkBuddy/2026-05-25-10-01-22/cross-wms/server/engine/plugins/install.runtime")'.
engine/plugins/install.ts(2896,44): error TS2339: Property 'resolveInstallModeOptions' does not exist on type 'typeof import("/Users/chouray/WorkBuddy/2026-05-25-10-01-22/cross-wms/server/engine/plugins/install.runtime")'.
engine/plugins/install.ts(2904,23): error TS2339: Property 'fileExists' does not exist on type 'typeof import("/Users/chouray/WorkBuddy/2026-05-25-10-01-22/cross-wms/server/engine/plugins/install.runtime")'.
engine/plugins/install.ts(2947,21): error TS2339: Property 'scanFileInstallSource' does not exist on type 'typeof import("/Users/chouray/WorkBuddy/2026-05-25-10-01-22/cross-wms/server/engine/plugins/install.runtime")'.
engine/plugins/install.ts(2967,32): error TS2339: Property 'root' does not exist on type 'typeof import("/Users/chouray/WorkBuddy/2026-05-25-10-01-22/cross-wms/server/engine/plugins/install.runtime")'.
engine/plugins/install.ts(2997,55): error TS2339: Property 'resolveTimedInstallModeOptions' does not exist on type 'typeof import("/Users/chouray/WorkBuddy/2026-05-25-10-01-22/cross-wms/server/engine/plugins/install.runtime")'.
engine/plugins/install.ts(3003,29): error TS2339: Property 'validateRegistryNpmSpec' does not exist on type 'typeof import("/Users/chouray/WorkBuddy/2026-05-25-10-01-22/cross-wms/server/engine/plugins/install.runtime")'.
engine/plugins/install.ts(3164,11): error TS2353: Object literal may only specify known properties, and 'requestedSpecifier' does not exist in type '{ npmSpec: string; }'.
engine/plugins/install.ts(3182,5): error TS2322: Type 'unknown' is not assignable to type 'string | undefined'.
engine/plugins/install.ts(3227,55): error TS2339: Property 'resolveTimedInstallModeOptions' does not exist on type 'typeof import("/Users/chouray/WorkBuddy/2026-05-25-10-01-22/cross-wms/server/engine/plugins/install.runtime")'.
engine/plugins/install.ts(3349,36): error TS2339: Property 'resolveExistingInstallPath' does not exist on type 'typeof import("/Users/chouray/WorkBuddy/2026-05-25-10-01-22/cross-wms/server/engine/plugins/install.runtime")'.
engine/plugins/install.ts(3364,31): error TS2339: Property 'resolveArchiveKind' does not exist on type 'typeof import("/Users/chouray/WorkBuddy/2026-05-25-10-01-22/cross-wms/server/engine/plugins/install.runtime")'.
engine/plugins/interactive-binding-helpers.ts(7,15): error TS2305: Module '"./types.js"' has no exported member 'PluginConversationBindingRequestParams'.
engine/plugins/interactive-registry.ts(15,15): error TS2305: Module '"./types.js"' has no exported member 'PluginInteractiveHandlerRegistration'.
engine/plugins/interactive-state.ts(2,10): error TS2305: Module '"../infra/dedupe.js"' has no exported member 'createDedupeCache'.
engine/plugins/interactive-state.ts(3,15): error TS2305: Module '"../infra/dedupe.js"' has no exported member 'DedupeCache'.
engine/plugins/interactive-state.ts(4,15): error TS2305: Module '"./types.js"' has no exported member 'PluginInteractiveHandlerRegistration'.
engine/plugins/loader-channel-setup.ts(7,15): error TS2305: Module '"./types.js"' has no exported member 'OpenClawPluginApi'.
engine/plugins/loader-provenance.ts(11,15): error TS2305: Module '"./registry.js"' has no exported member 'PluginRecord'.
engine/plugins/loader-provenance.ts(11,29): error TS2305: Module '"./registry.js"' has no exported member 'PluginRegistry'.
engine/plugins/loader-provenance.ts(94,54): error TS18046: 'install' is of type 'unknown'.
engine/plugins/loader-provenance.ts(94,75): error TS18046: 'install' is of type 'unknown'.
engine/plugins/loader-records.ts(7,15): error TS2305: Module '"./registry.js"' has no exported member 'PluginRecord'.
engine/plugins/loader-records.ts(7,29): error TS2305: Module '"./registry.js"' has no exported member 'PluginRegistry'.
engine/plugins/manifest-contract-runtime.ts(22,5): error TS2322: Type '{}' is not assignable to type 'OpenClawConfig'.
  Index signature for type 'string' is missing in type '{}'.
engine/plugins/manifest-contract-runtime.ts(27,7): error TS2559: Type 'PluginManifestRecord' has no properties in common with type 'Pick<PluginManifestRecord, "contracts">'.
engine/plugins/manifest-contract-runtime.ts(36,40): error TS2322: Type 'import("/Users/chouray/WorkBuddy/2026-05-25-10-01-22/cross-wms/server/engine/plugins/plugin-metadata-snapshot.types").PluginManifestRecord[]' is not assignable to type 'PluginManifestRecord[]'.
  Property 'id' is missing in type 'import("/Users/chouray/WorkBuddy/2026-05-25-10-01-22/cross-wms/server/engine/plugins/plugin-metadata-snapshot.types").PluginManifestRecord' but required in type 'PluginManifestRecord'.
engine/plugins/manifest-contract-runtime.ts(43,47): error TS2345: Argument of type 'unknown[]' is not assignable to parameter of type 'readonly string[]'.
  Type 'unknown' is not assignable to type 'string'.
engine/plugins/manifest-model-id-normalization.ts(5,8): error TS2307: Cannot find module '@cdf-know/model-catalog-core/provider-model-id-normalization' or its corresponding type declarations.
  There are types at '/Users/chouray/WorkBuddy/2026-05-25-10-01-22/cross-wms/node_modules/@cdf-know/model-catalog-core/dist/provider-model-id-normalization.d.ts', but this result could not be resolved under your current 'moduleResolution' setting. Consider updating to 'node16', 'nodenext', or 'bundler'.
engine/plugins/manifest-model-id-normalization.ts(45,9): error TS2322: Type 'readonly PluginManifestRecord[]' is not assignable to type 'readonly Pick<PluginManifestRecord, "modelIdNormalization">[]'.
  Type 'PluginManifestRecord' has no properties in common with type 'Pick<PluginManifestRecord, "modelIdNormalization">'.
engine/plugins/manifest-model-id-normalization.ts(52,5): error TS2322: Type '{}' is not assignable to type 'OpenClawConfig'.
  Index signature for type 'string' is missing in type '{}'.
engine/plugins/manifest-model-id-normalization.ts(58,5): error TS2322: Type 'readonly PluginManifestRecord[]' is not assignable to type 'readonly Pick<PluginManifestRecord, "modelIdNormalization">[]'.
  Type 'PluginManifestRecord' has no properties in common with type 'Pick<PluginManifestRecord, "modelIdNormalization">'.
engine/plugins/manifest-registry-installed.ts(104,49): error TS2554: Expected 1 arguments, but got 2.
engine/plugins/manifest-registry-installed.ts(110,65): error TS2554: Expected 1 arguments, but got 2.
engine/plugins/manifest-registry-installed.ts(558,5): error TS2322: Type 'string | undefined' is not assignable to type 'PluginOrigin'.
  Type 'undefined' is not assignable to type 'PluginOrigin'.
engine/plugins/manifest-registry-installed.ts(608,9): error TS2353: Object literal may only specify known properties, and 'candidates' does not exist in type '{ env?: ProcessEnv | undefined; workspaceDir?: string | undefined; config?: unknown; bundledChannelConfigCollector?: BundledChannelConfigCollector | undefined; }'.
engine/plugins/manifest.ts(621,60): error TS7006: Parameter 'entry' implicitly has an 'any' type.
engine/plugins/manifest.ts(628,60): error TS7006: Parameter 'entry' implicitly has an 'any' type.
engine/plugins/manifest.ts(1013,6): error TS7006: Parameter 'entry' implicitly has an 'any' type.
engine/plugins/manifest.ts(1160,70): error TS7006: Parameter 'host' implicitly has an 'any' type.
engine/plugins/manifest.ts(1161,84): error TS7006: Parameter 'host' implicitly has an 'any' type.
engine/plugins/manifest.ts(1266,6): error TS7006: Parameter 'entry' implicitly has an 'any' type.
engine/plugins/manifest.ts(1317,7): error TS2322: Type 'unknown' is not assignable to type 'RegExp | undefined'.
engine/plugins/manifest.ts(1353,6): error TS7006: Parameter 'capability' implicitly has an 'any' type.
engine/plugins/manifest.ts(1390,6): error TS7006: Parameter 'platform' implicitly has an 'any' type.
engine/plugins/manifest.ts(1536,8): error TS7006: Parameter 'scope' implicitly has an 'any' type.
engine/plugins/manifest.ts(1697,18): error TS2554: Expected 3 arguments, but got 1.
engine/plugins/manifest.ts(1706,5): error TS2322: Type 'RootFileOpenFailure | null' is not assignable to type 'PluginManifestLoadResult'.
  Type 'null' is not assignable to type 'PluginManifestLoadResult'.
engine/plugins/manifest.ts(1706,45): error TS2554: Expected 1 arguments, but got 2.
engine/plugins/manifest.ts(1712,18): error TS7006: Parameter 'failure' implicitly has an 'any' type.
engine/plugins/manifest.ts(1719,24): error TS2339: Property 'stat' does not exist on type '{ ok: true; value: unknown; }'.
engine/plugins/manifest.ts(1728,25): error TS2339: Property 'fd' does not exist on type '{ ok: true; value: unknown; }'.
engine/plugins/manifest.ts(1737,61): error TS2339: Property 'fd' does not exist on type '{ ok: true; value: unknown; }'.
engine/plugins/manifest.ts(1745,25): error TS2339: Property 'fd' does not exist on type '{ ok: true; value: unknown; }'.
engine/plugins/manifest.ts(1778,64): error TS2554: Expected 1 arguments, but got 2.
engine/plugins/memory-runtime.ts(12,42): error TS18046: 'config' is of type 'unknown'.
engine/plugins/migration-provider-runtime.ts(10,15): error TS2305: Module '"./types.js"' has no exported member 'MigrationProviderPlugin'.
engine/plugins/migration-provider-runtime.ts(24,5): error TS2322: Type 'unknown' is not assignable to type 'OpenClawConfig | undefined'.
engine/plugins/model-catalog-registration.ts(3,3): error TS2724: '"./_openclaw__model_catalog_core__model_catalog_types.js"' has no exported member named 'UnifiedModelCatalogEntry'. Did you mean 'ModelCatalogEntry'?
engine/plugins/model-catalog-registration.ts(4,3): error TS2305: Module '"./_openclaw__model_catalog_core__model_catalog_types.js"' has no exported member 'UnifiedModelCatalogSource'.
engine/plugins/model-catalog-registration.ts(10,8): error TS2307: Cannot find module '@cdf-know/media-generation-core/catalog' or its corresponding type declarations.
  There are types at '/Users/chouray/WorkBuddy/2026-05-25-10-01-22/cross-wms/node_modules/@cdf-know/media-generation-core/dist/catalog.d.ts', but this result could not be resolved under your current 'moduleResolution' setting. Consider updating to 'node16', 'nodenext', or 'bundler'.
engine/plugins/model-catalog-registration.ts(15,8): error TS2305: Module '"./_stub_parent__parent__packages__speech_core__voice_models.js"' has no exported member 'VoiceModelCapabilities'.
engine/plugins/model-catalog-registration.ts(16,8): error TS2305: Module '"./_stub_parent__parent__packages__speech_core__voice_models.js"' has no exported member 'VoiceModelProvider'.
engine/plugins/model-catalog-registration.ts(22,3): error TS2305: Module '"./types.js"' has no exported member 'ProviderPlugin'.
engine/plugins/model-catalog-registration.ts(23,3): error TS2305: Module '"./types.js"' has no exported member 'UnifiedModelCatalogProviderContext'.
engine/plugins/model-catalog-registration.ts(24,3): error TS2305: Module '"./types.js"' has no exported member 'UnifiedModelCatalogProviderPlugin'.
engine/plugins/model-catalog-registration.ts(56,17): error TS7006: Parameter 'ctx' implicitly has an 'any' type.
engine/plugins/model-catalog-registration.ts(91,33): error TS2339: Property 'provider' does not exist on type 'UnifiedModelCatalogProviderPlugin'.
engine/plugins/model-catalog-registration.ts(105,24): error TS2339: Property 'provider' does not exist on type 'UnifiedModelCatalogProviderPlugin'.
engine/plugins/model-catalog-registration.ts(107,24): error TS2339: Property 'kinds' does not exist on type 'UnifiedModelCatalogProviderPlugin'.
engine/plugins/model-catalog-registration.ts(107,36): error TS7006: Parameter 'kind' implicitly has an 'any' type.
engine/plugins/model-catalog-registration.ts(114,64): error TS2339: Property 'kinds' does not exist on type 'UnifiedModelCatalogProviderPlugin'.
engine/plugins/model-catalog-registration.ts(117,42): error TS2339: Property 'staticCatalog' does not exist on type 'UnifiedModelCatalogProviderPlugin'.
engine/plugins/model-catalog-registration.ts(122,42): error TS2339: Property 'liveCatalog' does not exist on type 'UnifiedModelCatalogProviderPlugin'.
engine/plugins/official-external-install-records.ts(32,11): error TS18046: 'record' is of type 'unknown'.
engine/plugins/official-external-install-records.ts(32,64): error TS18046: 'record' is of type 'unknown'.
engine/plugins/official-external-install-records.ts(38,7): error TS18046: 'record' is of type 'unknown'.
engine/plugins/official-external-install-records.ts(38,38): error TS18046: 'record' is of type 'unknown'.
engine/plugins/official-external-install-records.ts(41,11): error TS18046: 'record' is of type 'unknown'.
engine/plugins/official-external-install-records.ts(49,7): error TS18046: 'params.record' is of type 'unknown'.
engine/plugins/official-external-install-records.ts(62,5): error TS18046: 'params.record' is of type 'unknown'.
engine/plugins/official-external-install-records.ts(63,31): error TS18046: 'params.record' is of type 'unknown'.
engine/plugins/official-external-install-records.ts(64,31): error TS18046: 'params.record' is of type 'unknown'.
engine/plugins/official-external-install-records.ts(82,7): error TS18046: 'params.record' is of type 'unknown'.
engine/plugins/package-entry-resolution.ts(119,24): error TS2554: Expected 3 arguments, but got 1.
engine/plugins/package-entry-resolution.ts(125,5): error TS2322: Type 'RootFileOpenFailure | null' is not assignable to type 'ExtensionEntryValidation'.
  Type 'null' is not assignable to type 'ExtensionEntryValidation'.
engine/plugins/package-entry-resolution.ts(125,45): error TS2554: Expected 1 arguments, but got 2.
engine/plugins/package-entry-resolution.ts(138,23): error TS2339: Property 'fd' does not exist on type '{ ok: true; value: unknown; }'.
engine/plugins/package-entry-resolution.ts(349,20): error TS2554: Expected 3 arguments, but got 1.
engine/plugins/package-entry-resolution.ts(359,7): error TS2322: Type 'RootFileOpenFailure | null' is not assignable to type 'string | null'.
  Type 'RootFileOpenFailure' is not assignable to type 'string'.
engine/plugins/package-entry-resolution.ts(359,47): error TS2554: Expected 1 arguments, but got 2.
engine/plugins/package-entry-resolution.ts(381,31): error TS2339: Property 'path' does not exist on type '{ ok: true; value: unknown; }'.
engine/plugins/package-entry-resolution.ts(382,25): error TS2339: Property 'fd' does not exist on type '{ ok: true; value: unknown; }'.
engine/plugins/plugin-module-loader-cache.ts(5,15): error TS2614: Module '"jiti"' has no exported member 'createJiti'. Did you mean to use 'import createJiti from "jiti"' instead?
engine/plugins/provider-auth-choice-helpers.ts(18,15): error TS2305: Module '"./types.js"' has no exported member 'ProviderAuthMethod'.
engine/plugins/provider-auth-choice-helpers.ts(18,35): error TS2305: Module '"./types.js"' has no exported member 'ProviderPlugin'.
engine/plugins/provider-auth-choice-helpers.ts(33,33): error TS7006: Parameter 'alias' implicitly has an 'any' type.
engine/plugins/provider-auth-choice-helpers.ts(49,25): error TS7006: Parameter 'method' implicitly has an 'any' type.
engine/plugins/provider-auth-choice-helpers.ts(50,25): error TS7006: Parameter 'method' implicitly has an 'any' type.
engine/plugins/provider-auth-choice-helpers.ts(145,3): error TS2322: Type 'unknown' is not assignable to type 'string'.
engine/plugins/provider-auth-choice-helpers.ts(152,18): error TS18046: 'providerConfig' is of type 'unknown'.
engine/plugins/provider-auth-choice-helpers.ts(167,22): error TS2698: Spread types may only be created from object types.
engine/plugins/provider-auth-choice-helpers.ts(171,21): error TS18046: 'cfg' is of type 'unknown'.
engine/plugins/provider-auth-choice-helpers.ts(198,5): error TS2698: Spread types may only be created from object types.
engine/plugins/provider-auth-choice-helpers.ts(200,10): error TS18046: 'cfg' is of type 'unknown'.
engine/plugins/provider-auth-choice-helpers.ts(240,20): error TS18046: 'providerNormalized' is of type 'unknown'.
engine/plugins/provider-auth-choice-helpers.ts(241,22): error TS18046: 'providerNormalized' is of type 'unknown'.
engine/plugins/provider-auth-choice-helpers.ts(264,5): error TS2698: Spread types may only be created from object types.
engine/plugins/provider-auth-choice-helpers.ts(266,10): error TS18046: 'providerNormalized' is of type 'unknown'.
engine/plugins/provider-auth-choice-helpers.ts(292,5): error TS2698: Spread types may only be created from object types.
engine/plugins/provider-auth-choice-helpers.ts(294,10): error TS18046: 'merged' is of type 'unknown'.
engine/plugins/provider-auth-choice-helpers.ts(296,12): error TS18046: 'merged' is of type 'unknown'.
engine/plugins/provider-auth-choice-helpers.ts(299,38): error TS2339: Property 'agents' does not exist on type 'unknown'.
engine/plugins/provider-auth-choice-helpers.ts(319,5): error TS2698: Spread types may only be created from object types.
engine/plugins/provider-auth-choice-helpers.ts(321,10): error TS18046: 'params.cfg' is of type 'unknown'.
engine/plugins/provider-auth-choice-helpers.ts(323,12): error TS18046: 'params.cfg' is of type 'unknown'.
engine/plugins/provider-auth-choice-helpers.ts(337,5): error TS2698: Spread types may only be created from object types.
engine/plugins/provider-auth-choice-helpers.ts(337,40): error TS18046: 'cfg' is of type 'unknown'.
engine/plugins/provider-auth-choice-helpers.ts(341,25): error TS18046: 'cfg' is of type 'unknown'.
engine/plugins/provider-auth-choice-helpers.ts(358,5): error TS2698: Spread types may only be created from object types.
engine/plugins/provider-auth-choice-helpers.ts(360,10): error TS18046: 'cfg' is of type 'unknown'.
engine/plugins/provider-auth-choice-helpers.ts(362,12): error TS18046: 'cfg' is of type 'unknown'.
engine/plugins/provider-auth-choice-preference.ts(37,27): error TS2339: Property 'provider' does not exist on type 'string'.
engine/plugins/provider-auth-choices.ts(117,11): error TS7006: Parameter 'part' implicitly has an 'any' type.
engine/plugins/provider-auth-choices.ts(154,57): error TS2339: Property 'setupSource' does not exist on type 'PluginManifestRecord'.
engine/plugins/provider-auth-choices.ts(196,67): error TS2339: Property 'plugins' does not exist on type '{}'.
engine/plugins/provider-auth-choices.ts(197,10): error TS18046: 'registry' is of type 'unknown'.
engine/plugins/provider-auth-choices.ts(197,36): error TS7006: Parameter 'plugin' implicitly has an 'any' type.
engine/plugins/provider-auth-helpers.ts(18,15): error TS2305: Module '"../llm/oauth.js"' has no exported member 'OAuthCredentials'.
engine/plugins/provider-auth-helpers.ts(49,33): error TS7006: Parameter 'candidate' implicitly has an 'any' type.
engine/plugins/provider-auth-helpers.ts(65,42): error TS2345: Argument of type '{}' is not assignable to parameter of type 'SecretRef'.
  Type '{}' is missing the following properties from type 'SecretRef': source, provider, id
engine/plugins/provider-auth-helpers.ts(75,27): error TS2345: Argument of type '{}' is not assignable to parameter of type 'SecretRef'.
  Type '{}' is missing the following properties from type 'SecretRef': source, provider, id
engine/plugins/provider-auth-helpers.ts(164,8): error TS18046: 'cfg' is of type 'unknown'.
engine/plugins/provider-auth-helpers.ts(173,53): error TS18046: 'cfg' is of type 'unknown'.
engine/plugins/provider-auth-helpers.ts(176,34): error TS18046: 'profile' is of type 'unknown'.
engine/plugins/provider-auth-helpers.ts(178,56): error TS18046: 'profile' is of type 'unknown'.
engine/plugins/provider-auth-helpers.ts(182,55): error TS18046: 'cfg' is of type 'unknown'.
engine/plugins/provider-auth-helpers.ts(187,23): error TS2345: Argument of type 'unknown[]' is not assignable to parameter of type 'readonly string[]'.
  Type 'unknown' is not assignable to type 'string'.
engine/plugins/provider-auth-helpers.ts(212,26): error TS18046: 'cfg' is of type 'unknown'.
engine/plugins/provider-auth-helpers.ts(217,9): error TS18046: 'cfg' is of type 'unknown'.
engine/plugins/provider-auth-helpers.ts(233,5): error TS2698: Spread types may only be created from object types.
engine/plugins/provider-auth-helpers.ts(235,10): error TS18046: 'cfg' is of type 'unknown'.
engine/plugins/provider-auth-input.ts(188,52): error TS2554: Expected 1 arguments, but got 2.
engine/plugins/provider-auth-input.ts(195,34): error TS2339: Property 'source' does not exist on type '{ apiKey: string; envKey: string; }'.
engine/plugins/provider-auth-input.ts(195,79): error TS2339: Property 'source' does not exist on type '{ apiKey: string; envKey: string; }'.
engine/plugins/provider-auth-input.ts(205,32): error TS2339: Property 'source' does not exist on type '{ apiKey: string; envKey: string; }'.
engine/plugins/provider-auth-input.ts(205,77): error TS2339: Property 'source' does not exist on type '{ apiKey: string; envKey: string; }'.
engine/plugins/provider-auth-input.ts(214,59): error TS2339: Property 'source' does not exist on type '{ apiKey: string; envKey: string; }'.
engine/plugins/provider-auth-ref.ts(56,25): error TS7006: Parameter 'candidate' implicitly has an 'any' type.
engine/plugins/provider-auth-ref.ts(74,14): error TS7006: Parameter 'candidate' implicitly has an 'any' type.
engine/plugins/provider-auth-ref.ts(165,33): error TS2339: Property 'source' does not exist on type '{}'.
engine/plugins/provider-auth-ref.ts(165,64): error TS2339: Property 'source' does not exist on type '{}'.
engine/plugins/provider-auth-ref.ts(187,23): error TS2339: Property 'source' does not exist on type '{}'.
engine/plugins/provider-auth-ref.ts(247,56): error TS2345: Argument of type 'unknown' is not assignable to parameter of type '{ source?: string | undefined; provider?: string | undefined; id?: string | undefined; }'.
engine/plugins/provider-openai-chatgpt-oauth.ts(2,15): error TS2305: Module '"../llm/oauth.js"' has no exported member 'OAuthCredentials'.
engine/plugins/provider-openai-chatgpt-oauth.ts(8,15): error TS2305: Module '"./types.js"' has no exported member 'ProviderAuthContext'.
engine/plugins/provider-openai-chatgpt-oauth.ts(35,10): error TS2347: Untyped function calls may not accept type arguments.
engine/plugins/provider-openai-chatgpt-oauth.ts(67,27): error TS2339: Property 'auth' does not exist on type '{}'.
engine/plugins/provider-openai-chatgpt-oauth.ts(67,39): error TS7006: Parameter 'method' implicitly has an 'any' type.
engine/plugins/provider-self-hosted-setup.ts(28,3): error TS2305: Module '"./types.js"' has no exported member 'ProviderDiscoveryContext'.
engine/plugins/provider-self-hosted-setup.ts(29,3): error TS2305: Module '"./types.js"' has no exported member 'ProviderAuthResult'.
engine/plugins/provider-self-hosted-setup.ts(30,3): error TS2305: Module '"./types.js"' has no exported member 'ProviderAuthMethodNonInteractiveContext'.
engine/plugins/provider-self-hosted-setup.ts(31,3): error TS2305: Module '"./types.js"' has no exported member 'ProviderNonInteractiveApiKeyResult'.
engine/plugins/provider-self-hosted-setup.ts(233,11): error TS18046: 'modelConfig' is of type 'unknown'.
engine/plugins/provider-self-hosted-setup.ts(247,25): error TS18046: 'cfg' is of type 'unknown'.
engine/plugins/provider-self-hosted-setup.ts(254,5): error TS2698: Spread types may only be created from object types.
engine/plugins/provider-self-hosted-setup.ts(256,10): error TS18046: 'cfg' is of type 'unknown'.
engine/plugins/provider-self-hosted-setup.ts(258,12): error TS18046: 'cfg' is of type 'unknown'.
engine/plugins/provider-self-hosted-setup.ts(283,7): error TS2698: Spread types may only be created from object types.
engine/plugins/provider-self-hosted-setup.ts(285,12): error TS18046: 'params.cfg' is of type 'unknown'.
engine/plugins/provider-self-hosted-setup.ts(286,15): error TS18046: 'params.cfg' is of type 'unknown'.
engine/plugins/provider-self-hosted-setup.ts(288,14): error TS18046: 'params.cfg' is of type 'unknown'.
engine/plugins/provider-self-hosted-setup.ts(420,50): error TS2339: Property 'baseUrl' does not exist on type 'string'.
engine/plugins/public-surface-loader.ts(133,18): error TS2554: Expected 3 arguments, but got 1.
engine/plugins/public-surface-loader.ts(143,23): error TS2339: Property 'error' does not exist on type '{ ok: false; failure: RootFileOpenFailure; }'.
engine/plugins/public-surface-loader.ts(146,32): error TS2339: Property 'path' does not exist on type '{ ok: true; value: unknown; }'.
engine/plugins/public-surface-loader.ts(147,32): error TS2339: Property 'stat' does not exist on type '{ ok: true; value: unknown; }'.
engine/plugins/public-surface-loader.ts(148,23): error TS2339: Property 'fd' does not exist on type '{ ok: true; value: unknown; }'.
engine/plugins/public-surface-loader.ts(151,40): error TS2345: Argument of type 'Stats' is not assignable to parameter of type 'string'.
engine/plugins/runtime.ts(21,51): error TS2339: Property 'activeRegistry' does not exist on type 'RegistryState'.
engine/plugins/runtime.ts(25,7): error TS2322: Type 'RegistryState | undefined' is not assignable to type 'RegistryState'.
  Type 'undefined' is not assignable to type 'RegistryState'.
engine/plugins/runtime.ts(32,7): error TS2353: Object literal may only specify known properties, and 'activeRegistry' does not exist in type 'RegistryState'.
engine/plugins/runtime.ts(75,12): error TS2339: Property 'httpRoute' does not exist on type 'RegistryState'.
engine/plugins/runtime.ts(75,38): error TS2339: Property 'httpRoute' does not exist on type 'RegistryState'.
engine/plugins/runtime.ts(76,12): error TS2339: Property 'channel' does not exist on type 'RegistryState'.
engine/plugins/runtime.ts(76,36): error TS2339: Property 'channel' does not exist on type 'RegistryState'.
engine/plugins/runtime.ts(77,12): error TS2339: Property 'sessionExtension' does not exist on type 'RegistryState'.
engine/plugins/runtime.ts(77,45): error TS2339: Property 'sessionExtension' does not exist on type 'RegistryState'.
engine/plugins/runtime.ts(82,16): error TS2339: Property 'activeRegistry' does not exist on type 'RegistryState'.
engine/plugins/runtime.ts(92,47): error TS2339: Property 'activeRegistry' does not exist on type 'RegistryState'.
engine/plugins/runtime.ts(98,37): error TS2339: Property 'activeRegistry' does not exist on type 'RegistryState'.
engine/plugins/runtime.ts(100,5): error TS2353: Object literal may only specify known properties, and 'cfg' does not exist in type '{ replacedPluginIds: string[]; sessionId?: string | undefined; }'.
engine/plugins/runtime.ts(100,10): error TS18046: 'getRuntimeConfig' is of type 'unknown'.
engine/plugins/runtime.ts(144,38): error TS2339: Property 'activeRegistry' does not exist on type 'RegistryState'.
engine/plugins/runtime.ts(145,38): error TS2339: Property 'httpRoute' does not exist on type 'RegistryState'.
engine/plugins/runtime.ts(146,38): error TS2339: Property 'channel' does not exist on type 'RegistryState'.
engine/plugins/runtime.ts(147,38): error TS2339: Property 'sessionExtension' does not exist on type 'RegistryState'.
engine/plugins/runtime.ts(152,9): error TS2339: Property 'agentEventBridgeUnsubscribe' does not exist on type 'RegistryState'.
engine/plugins/runtime.ts(153,9): error TS2339: Property 'agentEventBridgeUnsubscribe' does not exist on type 'RegistryState'.
engine/plugins/runtime.ts(157,9): error TS2339: Property 'agentEventBridgeUnsubscribe' does not exist on type 'RegistryState'.
engine/plugins/runtime.ts(165,9): error TS2339: Property 'importedPluginIds' does not exist on type 'RegistryState'.
engine/plugins/runtime.ts(170,27): error TS2339: Property 'activeRegistry' does not exist on type 'RegistryState'.
engine/plugins/runtime.ts(173,15): error TS2339: Property 'registry' does not exist on type 'RegistrySurfaceState'.
engine/plugins/runtime.ts(173,48): error TS2339: Property 'pinned' does not exist on type 'RegistrySurfaceState'.
engine/plugins/runtime.ts(176,11): error TS2339: Property 'registry' does not exist on type 'RegistrySurfaceState'.
engine/plugins/runtime.ts(177,11): error TS2339: Property 'pinned' does not exist on type 'RegistrySurfaceState'.
engine/plugins/runtime.ts(178,11): error TS2339: Property 'version' does not exist on type 'RegistrySurfaceState'.
engine/plugins/runtime.ts(183,27): error TS2339: Property 'activeRegistry' does not exist on type 'RegistryState'.
engine/plugins/runtime.ts(186,15): error TS2339: Property 'pinned' does not exist on type 'RegistrySurfaceState'.
engine/plugins/runtime.ts(189,15): error TS2339: Property 'registry' does not exist on type 'RegistrySurfaceState'.
engine/plugins/runtime.ts(189,49): error TS2339: Property 'pinned' does not exist on type 'RegistrySurfaceState'.
engine/plugins/runtime.ts(191,15): error TS2339: Property 'version' does not exist on type 'RegistrySurfaceState'.
engine/plugins/runtime.ts(204,51): error TS2339: Property 'activeRegistry' does not exist on type 'RegistryState'.
engine/plugins/runtime.ts(205,9): error TS2339: Property 'activeRegistry' does not exist on type 'RegistryState'.
engine/plugins/runtime.ts(207,9): error TS2339: Property 'activeVersion' does not exist on type 'RegistryState'.
engine/plugins/runtime.ts(208,28): error TS2339: Property 'httpRoute' does not exist on type 'RegistryState'.
engine/plugins/runtime.ts(209,28): error TS2339: Property 'channel' does not exist on type 'RegistryState'.
engine/plugins/runtime.ts(210,28): error TS2339: Property 'sessionExtension' does not exist on type 'RegistryState'.
engine/plugins/runtime.ts(211,9): error TS2339: Property 'key' does not exist on type 'RegistryState'.
engine/plugins/runtime.ts(212,9): error TS2339: Property 'workspaceDir' does not exist on type 'RegistryState'.
engine/plugins/runtime.ts(213,9): error TS2339: Property 'runtimeSubagentMode' does not exist on type 'RegistryState'.
engine/plugins/runtime.ts(225,33): error TS2339: Property 'activeRegistry' does not exist on type 'RegistryState'.
engine/plugins/runtime.ts(229,16): error TS2339: Property 'workspaceDir' does not exist on type 'RegistryState'.
engine/plugins/runtime.ts(233,14): error TS2339: Property 'activeRegistry' does not exist on type 'RegistryState'.
engine/plugins/runtime.ts(234,11): error TS2339: Property 'activeRegistry' does not exist on type 'RegistryState'.
engine/plugins/runtime.ts(235,36): error TS2339: Property 'activeRegistry' does not exist on type 'RegistryState'.
engine/plugins/runtime.ts(236,11): error TS2339: Property 'activeVersion' does not exist on type 'RegistryState'.
engine/plugins/runtime.ts(237,30): error TS2339: Property 'httpRoute' does not exist on type 'RegistryState'.
engine/plugins/runtime.ts(237,47): error TS2339: Property 'activeRegistry' does not exist on type 'RegistryState'.
engine/plugins/runtime.ts(238,30): error TS2339: Property 'channel' does not exist on type 'RegistryState'.
engine/plugins/runtime.ts(238,45): error TS2339: Property 'activeRegistry' does not exist on type 'RegistryState'.
engine/plugins/runtime.ts(239,30): error TS2339: Property 'sessionExtension' does not exist on type 'RegistryState'.
engine/plugins/runtime.ts(239,54): error TS2339: Property 'activeRegistry' does not exist on type 'RegistryState'.
engine/plugins/runtime.ts(241,33): error TS2339: Property 'activeRegistry' does not exist on type 'RegistryState'.
engine/plugins/runtime.ts(245,51): error TS2339: Property 'httpRoute' does not exist on type 'RegistryState'.
engine/plugins/runtime.ts(246,32): error TS2339: Property 'httpRoute' does not exist on type 'RegistryState'.
engine/plugins/runtime.ts(255,25): error TS2339: Property 'httpRoute' does not exist on type 'RegistryState'.
engine/plugins/runtime.ts(258,51): error TS2339: Property 'httpRoute' does not exist on type 'RegistryState'.
engine/plugins/runtime.ts(259,32): error TS2339: Property 'httpRoute' does not exist on type 'RegistryState'.
engine/plugins/runtime.ts(259,49): error TS2339: Property 'activeRegistry' does not exist on type 'RegistryState'.
engine/plugins/runtime.ts(267,33): error TS2339: Property 'httpRoute' does not exist on type 'RegistryState'.
engine/plugins/runtime.ts(267,61): error TS2339: Property 'activeRegistry' does not exist on type 'RegistryState'.
engine/plugins/runtime.ts(271,16): error TS2339: Property 'httpRoute' does not exist on type 'RegistryState'.
engine/plugins/runtime.ts(271,43): error TS2339: Property 'httpRoute' does not exist on type 'RegistryState'.
engine/plugins/runtime.ts(271,69): error TS2339: Property 'activeVersion' does not exist on type 'RegistryState'.
engine/plugins/runtime.ts(280,32): error TS2339: Property 'httpRoute' does not exist on type 'RegistryState'.
engine/plugins/runtime.ts(289,13): error TS2339: Property 'httpRoute' does not exist on type 'RegistryState'.
engine/plugins/runtime.ts(301,51): error TS2339: Property 'channel' does not exist on type 'RegistryState'.
engine/plugins/runtime.ts(302,32): error TS2339: Property 'channel' does not exist on type 'RegistryState'.
engine/plugins/runtime.ts(311,25): error TS2339: Property 'channel' does not exist on type 'RegistryState'.
engine/plugins/runtime.ts(314,51): error TS2339: Property 'channel' does not exist on type 'RegistryState'.
engine/plugins/runtime.ts(315,32): error TS2339: Property 'channel' does not exist on type 'RegistryState'.
engine/plugins/runtime.ts(315,47): error TS2339: Property 'activeRegistry' does not exist on type 'RegistryState'.
engine/plugins/runtime.ts(335,39): error TS2339: Property 'channel' does not exist on type 'RegistryState'.
engine/plugins/runtime.ts(336,30): error TS2339: Property 'channel' does not exist on type 'RegistryState'.
engine/plugins/runtime.ts(338,41): error TS2339: Property 'httpRoute' does not exist on type 'RegistryState'.
engine/plugins/runtime.ts(339,30): error TS2339: Property 'httpRoute' does not exist on type 'RegistryState'.
engine/plugins/runtime.ts(341,49): error TS2339: Property 'activeRegistry' does not exist on type 'RegistryState'.
engine/plugins/runtime.ts(360,32): error TS2339: Property 'channel' does not exist on type 'RegistryState'.
engine/plugins/runtime.ts(365,51): error TS2339: Property 'sessionExtension' does not exist on type 'RegistryState'.
engine/plugins/runtime.ts(366,32): error TS2339: Property 'sessionExtension' does not exist on type 'RegistryState'.
engine/plugins/runtime.ts(375,25): error TS2339: Property 'sessionExtension' does not exist on type 'RegistryState'.
engine/plugins/runtime.ts(378,51): error TS2339: Property 'sessionExtension' does not exist on type 'RegistryState'.
engine/plugins/runtime.ts(379,32): error TS2339: Property 'sessionExtension' does not exist on type 'RegistryState'.
engine/plugins/runtime.ts(379,56): error TS2339: Property 'activeRegistry' does not exist on type 'RegistryState'.
engine/plugins/runtime.ts(387,33): error TS2339: Property 'sessionExtension' does not exist on type 'RegistryState'.
engine/plugins/runtime.ts(387,68): error TS2339: Property 'activeRegistry' does not exist on type 'RegistryState'.
engine/plugins/runtime.ts(391,16): error TS2339: Property 'key' does not exist on type 'RegistryState'.
engine/plugins/runtime.ts(395,16): error TS2339: Property 'runtimeSubagentMode' does not exist on type 'RegistryState'.
engine/plugins/runtime.ts(399,16): error TS2339: Property 'activeVersion' does not exist on type 'RegistryState'.
engine/plugins/runtime.ts(428,34): error TS2339: Property 'importedPluginIds' does not exist on type 'RegistryState'.
engine/plugins/runtime.ts(429,49): error TS2339: Property 'activeRegistry' does not exist on type 'RegistryState'.
engine/plugins/runtime.ts(429,66): error TS2345: Argument of type 'Set<unknown>' is not assignable to parameter of type 'Set<string>'.
  Type 'unknown' is not assignable to type 'string'.
engine/plugins/runtime.ts(430,49): error TS2339: Property 'channel' does not exist on type 'RegistryState'.
engine/plugins/runtime.ts(430,68): error TS2345: Argument of type 'Set<unknown>' is not assignable to parameter of type 'Set<string>'.
  Type 'unknown' is not assignable to type 'string'.
engine/plugins/runtime.ts(431,49): error TS2339: Property 'httpRoute' does not exist on type 'RegistryState'.
engine/plugins/runtime.ts(431,70): error TS2345: Argument of type 'Set<unknown>' is not assignable to parameter of type 'Set<string>'.
  Type 'unknown' is not assignable to type 'string'.
engine/plugins/runtime.ts(432,49): error TS2339: Property 'sessionExtension' does not exist on type 'RegistryState'.
engine/plugins/runtime.ts(432,77): error TS2345: Argument of type 'Set<unknown>' is not assignable to parameter of type 'Set<string>'.
  Type 'unknown' is not assignable to type 'string'.
engine/plugins/runtime.ts(433,3): error TS2322: Type 'unknown[]' is not assignable to type 'string[]'.
  Type 'unknown' is not assignable to type 'string'.
engine/plugins/runtime.ts(433,50): error TS18046: 'left' is of type 'unknown'.
engine/plugins/runtime.ts(437,9): error TS2339: Property 'activeRegistry' does not exist on type 'RegistryState'.
engine/plugins/runtime.ts(438,9): error TS2339: Property 'activeVersion' does not exist on type 'RegistryState'.
engine/plugins/runtime.ts(439,32): error TS2339: Property 'httpRoute' does not exist on type 'RegistryState'.
engine/plugins/runtime.ts(440,32): error TS2339: Property 'channel' does not exist on type 'RegistryState'.
engine/plugins/runtime.ts(441,32): error TS2339: Property 'sessionExtension' does not exist on type 'RegistryState'.
engine/plugins/runtime.ts(442,9): error TS2339: Property 'key' does not exist on type 'RegistryState'.
engine/plugins/runtime.ts(443,9): error TS2339: Property 'workspaceDir' does not exist on type 'RegistryState'.
engine/plugins/runtime.ts(444,9): error TS2339: Property 'runtimeSubagentMode' does not exist on type 'RegistryState'.
engine/plugins/runtime.ts(445,9): error TS2339: Property 'importedPluginIds' does not exist on type 'RegistryState'.
engine/plugins/schema-validator.ts(304,3): error TS2322: Type '{ allowedValues?: any; allowedValuesHiddenCount?: any; additionalProperty?: string | undefined; path: string; message: unknown; text: string; }[]' is not assignable to type 'JsonSchemaValidationError[]'.
  Type '{ allowedValues?: any; allowedValuesHiddenCount?: any; additionalProperty?: string | undefined; path: string; message: unknown; text: string; }' is not assignable to type 'JsonSchemaValidationError'.
    Types of property 'message' are incompatible.
      Type 'unknown' is not assignable to type 'string'.
engine/plugins/schema-validator.ts(321,49): error TS2339: Property 'values' does not exist on type '{}'.
engine/plugins/schema-validator.ts(322,60): error TS2339: Property 'hiddenCount' does not exist on type '{}'.
engine/plugins/setup-registry.runtime.ts(64,5): error TS2322: Type '{}' is not assignable to type 'OpenClawConfig'.
  Index signature for type 'string' is missing in type '{}'.
engine/plugins/setup-registry.runtime.ts(92,66): error TS2345: Argument of type 'unknown' is not assignable to parameter of type 'InstalledPluginIndex'.
engine/plugins/setup-registry.runtime.ts(95,16): error TS2488: Type 'unknown' must have a '[Symbol.iterator]()' method that returns an iterator.
engine/plugins/setup-registry.runtime.ts(95,54): error TS2339: Property 'cliBackends' does not exist on type '{}'.
engine/plugins/setup-registry.runtime.ts(98,11): error TS2322: Type 'unknown' is not assignable to type 'string'.
engine/plugins/setup-registry.runtime.ts(104,58): error TS2322: Type '{ pluginId: unknown; backend: { id: any; }; }[]' is not assignable to type 'SetupCliBackendRuntimeEntry[]'.
  Type '{ pluginId: unknown; backend: { id: any; }; }' is not assignable to type 'SetupCliBackendRuntimeEntry'.
    Types of property 'pluginId' are incompatible.
      Type 'unknown' is not assignable to type 'string'.
engine/plugins/setup-registry.runtime.ts(106,3): error TS2322: Type '{ pluginId: unknown; backend: { id: any; }; }[]' is not assignable to type 'SetupCliBackendRuntimeEntry[]'.
  Type '{ pluginId: unknown; backend: { id: any; }; }' is not assignable to type 'SetupCliBackendRuntimeEntry'.
    Types of property 'pluginId' are incompatible.
      Type 'unknown' is not assignable to type 'string'.
engine/plugins/setup-registry.runtime.ts(122,35): error TS2345: Argument of type 'unknown' is not assignable to parameter of type 'InstalledPluginIndex'.
engine/plugins/setup-registry.runtime.ts(125,16): error TS2488: Type 'unknown' must have a '[Symbol.iterator]()' method that returns an iterator.
engine/plugins/setup-registry.runtime.ts(125,54): error TS2339: Property 'cliBackends' does not exist on type '{}'.
engine/plugins/setup-registry.runtime.ts(128,11): error TS2322: Type 'unknown' is not assignable to type 'string'.
engine/plugins/setup-registry.runtime.ts(134,61): error TS2322: Type '{ pluginId: unknown; backend: { id: any; }; }[]' is not assignable to type 'SetupCliBackendRuntimeEntry[]'.
  Type '{ pluginId: unknown; backend: { id: any; }; }' is not assignable to type 'SetupCliBackendRuntimeEntry'.
    Types of property 'pluginId' are incompatible.
      Type 'unknown' is not assignable to type 'string'.
engine/plugins/setup-registry.runtime.ts(136,3): error TS2322: Type '{ pluginId: unknown; backend: { id: any; }; }[]' is not assignable to type 'SetupCliBackendRuntimeEntry[]'.
  Type '{ pluginId: unknown; backend: { id: any; }; }' is not assignable to type 'SetupCliBackendRuntimeEntry'.
    Types of property 'pluginId' are incompatible.
      Type 'unknown' is not assignable to type 'string'.
engine/plugins/setup-registry.ts(29,3): error TS2305: Module '"./types.js"' has no exported member 'CliBackendPlugin'.
engine/plugins/setup-registry.ts(30,3): error TS2305: Module '"./types.js"' has no exported member 'OpenClawPluginModule'.
engine/plugins/setup-registry.ts(31,3): error TS2305: Module '"./types.js"' has no exported member 'PluginConfigMigration'.
engine/plugins/setup-registry.ts(33,3): error TS2305: Module '"./types.js"' has no exported member 'PluginSetupAutoEnableProbe'.
engine/plugins/setup-registry.ts(34,3): error TS2305: Module '"./types.js"' has no exported member 'ProviderPlugin'.
engine/plugins/setup-registry.ts(94,7): error TS2741: Property 'debug' is missing in type '{ info(): void; warn(): void; error(): void; }' but required in type 'PluginLogger'.
engine/plugins/setup-registry.ts(183,19): error TS18046: 'config' is of type 'unknown'.
engine/plugins/setup-registry.ts(187,3): error TS2322: Type '[string, string][]' is not assignable to type 'string[]'.
  Type '[string, string]' is not assignable to type 'string'.
engine/plugins/setup-registry.ts(275,25): error TS2339: Property 'setupSource' does not exist on type 'PluginManifestRecord'.
engine/plugins/setup-registry.ts(281,12): error TS2339: Property 'setupSource' does not exist on type 'PluginManifestRecord'.
engine/plugins/setup-registry.ts(373,7): error TS2322: Type 'unknown' is not assignable to type 'OpenClawConfig | undefined'.
engine/plugins/setup-registry.ts(478,5): error TS2322: Type 'unknown' is not assignable to type 'OpenClawConfig | undefined'.
engine/plugins/setup-registry.ts(639,49): error TS2345: Argument of type 'string' is not assignable to parameter of type '[string, string]'.
engine/plugins/setup-registry.ts(660,26): error TS7006: Parameter 'provider' implicitly has an 'any' type.
engine/plugins/setup-registry.ts(672,28): error TS7006: Parameter 'backend' implicitly has an 'any' type.
engine/plugins/setup-registry.ts(684,33): error TS7006: Parameter 'migrate' implicitly has an 'any' type.
engine/plugins/setup-registry.ts(690,33): error TS7006: Parameter 'probe' implicitly has an 'any' type.
engine/plugins/setup-registry.ts(765,24): error TS7006: Parameter 'provider' implicitly has an 'any' type.
engine/plugins/setup-registry.ts(833,26): error TS7006: Parameter 'backend' implicitly has an 'any' type.
engine/plugins/slots.ts(14,3): error TS2322: Type 'string' is not assignable to type 'never'.
engine/plugins/slots.ts(15,3): error TS2322: Type 'string' is not assignable to type 'never'.
engine/plugins/source-display.ts(5,15): error TS2305: Module '"./registry.js"' has no exported member 'PluginRecord'.
engine/plugins/source-display.ts(6,15): error TS2305: Module '"./roots.js"' has no exported member 'PluginSourceRoots'.
engine/plugins/source-display.ts(8,15): error TS2305: Module '"./roots.js"' has no exported member 'PluginSourceRoots'.
engine/plugins/stale-local-bundled-plugin-install-records.ts(25,14): error TS18046: 'record' is of type 'unknown'.
engine/plugins/stale-local-bundled-plugin-install-records.ts(25,49): error TS18046: 'record' is of type 'unknown'.
engine/plugins/stale-local-bundled-plugin-install-records.ts(26,42): error TS18046: 'record' is of type 'unknown'.
engine/plugins/stale-local-bundled-plugin-install-records.ts(28,14): error TS18046: 'record' is of type 'unknown'.
engine/plugins/stale-local-bundled-plugin-install-records.ts(28,48): error TS18046: 'record' is of type 'unknown'.
engine/plugins/stale-local-bundled-plugin-install-records.ts(29,41): error TS18046: 'record' is of type 'unknown'.
engine/plugins/stale-local-bundled-plugin-install-records.ts(49,25): error TS18046: 'record' is of type 'unknown'.
engine/plugins/stale-local-bundled-plugin-install-records.ts(72,9): error TS18046: 'record' is of type 'unknown'.
engine/plugins/status-snapshot.ts(10,42): error TS2305: Module '"./registry.js"' has no exported member 'PluginRecord'.
engine/plugins/status-snapshot.ts(10,61): error TS2305: Module '"./registry.js"' has no exported member 'PluginRegistry'.
engine/plugins/status-snapshot.ts(133,36): error TS18046: 'getRuntimeConfig' is of type 'unknown'.
engine/plugins/status-snapshot.ts(156,51): error TS2345: Argument of type 'import("/Users/chouray/WorkBuddy/2026-05-25-10-01-22/cross-wms/server/engine/plugins/plugin-metadata-snapshot.types").PluginManifestRecord | undefined' is not assignable to parameter of type 'import("/Users/chouray/WorkBuddy/2026-05-25-10-01-22/cross-wms/server/engine/plugins/manifest-registry").PluginManifestRecord | undefined'.
  Type 'PluginManifestRecord' is missing the following properties from type 'PluginManifestRecord': id, channels, providers, cliBackends, and 3 more.
engine/plugins/synthetic-auth.runtime.ts(75,46): error TS2339: Property 'activeRegistry' does not exist on type 'RegistryState'.
engine/plugins/synthetic-auth.runtime.ts(79,38): error TS7006: Parameter 'plugin' implicitly has an 'any' type.
engine/plugins/synthetic-auth.runtime.ts(82,14): error TS7006: Parameter 'entry' implicitly has an 'any' type.
engine/plugins/synthetic-auth.runtime.ts(86,17): error TS7006: Parameter 'entry' implicitly has an 'any' type.
engine/plugins/synthetic-auth.runtime.ts(89,14): error TS7006: Parameter 'entry' implicitly has an 'any' type.
engine/plugins/synthetic-auth.runtime.ts(93,17): error TS7006: Parameter 'entry' implicitly has an 'any' type.
engine/plugins/synthetic-auth.runtime.ts(105,46): error TS2339: Property 'activeRegistry' does not exist on type 'RegistryState'.
engine/plugins/synthetic-auth.runtime.ts(108,36): error TS7006: Parameter 'plugin' implicitly has an 'any' type.
engine/plugins/synthetic-auth.runtime.ts(111,12): error TS7006: Parameter 'entry' implicitly has an 'any' type.
engine/plugins/synthetic-auth.runtime.ts(117,15): error TS7006: Parameter 'entry' implicitly has an 'any' type.
engine/plugins/synthetic-auth.runtime.ts(120,12): error TS7006: Parameter 'entry' implicitly has an 'any' type.
engine/plugins/synthetic-auth.runtime.ts(126,15): error TS7006: Parameter 'entry' implicitly has an 'any' type.
engine/plugins/text-transforms.runtime.ts(4,15): error TS2305: Module '"./types.js"' has no exported member 'PluginTextTransforms'.
engine/plugins/text-transforms.runtime.ts(12,36): error TS2556: A spread argument must either have a tuple type or be passed to a rest parameter.
engine/plugins/tool-descriptor-cache.ts(6,15): error TS2305: Module '"./loader.js"' has no exported member 'PluginLoadOptions'.
engine/plugins/tool-descriptor-cache.ts(7,15): error TS2305: Module '"./types.js"' has no exported member 'OpenClawPluginToolContext'.
engine/plugins/tool-descriptor-cache.ts(84,5): error TS2322: Type 'unknown' is not assignable to type 'string | number | null'.
engine/plugins/tools.ts(13,15): error TS2305: Module '"./loader.js"' has no exported member 'PluginLoadOptions'.
engine/plugins/tools.ts(38,15): error TS2305: Module '"./types.js"' has no exported member 'OpenClawPluginToolContext'.
engine/plugins/tools.ts(133,33): error TS2339: Property 'prepareArguments' does not exist on type 'AnyAgentTool'.
engine/plugins/tools.ts(201,40): error TS18046: 'entry.factory' is of type 'unknown'.
engine/plugins/tools.ts(539,5): error TS2353: Object literal may only specify known properties, and 'hasAuthForProvider' does not exist in type '{ plugin: PluginManifestRecord; toolNames: string[]; config?: unknown; env?: ProcessEnv | undefined; }'.
engine/plugins/tools.ts(586,9): error TS2322: Type 'PluginManifestRecord | PluginManifestRecord' is not assignable to type 'Pick<PluginManifestRecord, "id" | "origin" | "enabledByDefault" | "enabledByDefaultOnPlatforms">'.
  Property 'id' is missing in type 'PluginManifestRecord' but required in type 'Pick<PluginManifestRecord, "id" | "origin" | "enabledByDefault" | "enabledByDefaultOnPlatforms">'.
engine/plugins/tools.ts(593,33): error TS2538: Type 'unknown' cannot be used as an index type.
engine/plugins/tools.ts(594,39): error TS2345: Argument of type 'unknown' is not assignable to parameter of type 'string'.
engine/plugins/tools.ts(598,32): error TS2322: Type 'unknown' is not assignable to type 'string'.
engine/plugins/tools.ts(601,41): error TS2339: Property 'tools' does not exist on type '{}'.
engine/plugins/tools.ts(604,7): error TS2322: Type 'PluginManifestRecord | PluginManifestRecord' is not assignable to type 'PluginManifestRecord'.
  Type 'PluginManifestRecord' is missing the following properties from type 'PluginManifestRecord': id, channels, providers, cliBackends, and 3 more.
engine/plugins/tools.ts(605,7): error TS2322: Type 'unknown' is not assignable to type 'string'.
engine/plugins/tools.ts(606,7): error TS2322: Type 'Set<[string, string]>' is not assignable to type 'Set<string>'.
  Type '[string, string]' is not assignable to type 'string'.
engine/plugins/tools.ts(610,11): error TS2322: Type 'unknown' is not assignable to type 'string'.
engine/plugins/tools.ts(618,9): error TS2322: Type 'PluginManifestRecord | PluginManifestRecord' is not assignable to type 'PluginManifestRecord'.
  Property 'id' is missing in type 'import("/Users/chouray/WorkBuddy/2026-05-25-10-01-22/cross-wms/server/engine/plugins/plugin-metadata-snapshot.types").PluginManifestRecord' but required in type 'PluginManifestRecord'.
engine/plugins/tools.ts(625,21): error TS2345: Argument of type 'unknown' is not assignable to parameter of type 'string'.
engine/plugins/tools.ts(682,5): error TS2353: Object literal may only specify known properties, and 'label' does not exist in type 'AnyAgentTool'.
engine/plugins/tools.ts(696,50): error TS7006: Parameter 'candidate' implicitly has an 'any' type.
engine/plugins/tools.ts(719,10): error TS7006: Parameter 'candidate' implicitly has an 'any' type.
engine/plugins/tools.ts(721,33): error TS7006: Parameter 'name' implicitly has an 'any' type.
engine/plugins/tools.ts(723,52): error TS7006: Parameter 'candidate' implicitly has an 'any' type.
engine/plugins/tools.ts(777,30): error TS2345: Argument of type 'unknown' is not assignable to parameter of type 'string'.
engine/plugins/tools.ts(780,32): error TS2322: Type 'unknown' is not assignable to type 'string'.
engine/plugins/tools.ts(786,9): error TS2741: Property 'id' is missing in type 'PluginManifestRecord' but required in type 'Pick<PluginManifestRecord, "id" | "origin" | "enabledByDefault" | "enabledByDefaultOnPlatforms">'.
engine/plugins/tools.ts(792,49): error TS2339: Property 'tools' does not exist on type '{}'.
engine/plugins/tools.ts(794,7): error TS2740: Type 'PluginManifestRecord' is missing the following properties from type 'PluginManifestRecord': id, channels, providers, cliBackends, and 3 more.
engine/plugins/tools.ts(796,7): error TS2322: Type 'unknown' is not assignable to type 'string'.
engine/plugins/tools.ts(801,11): error TS2322: Type 'unknown' is not assignable to type 'string'.
engine/plugins/tools.ts(807,7): error TS2740: Type 'PluginManifestRecord' is missing the following properties from type 'PluginManifestRecord': id, channels, providers, cliBackends, and 3 more.
engine/plugins/tools.ts(821,9): error TS2740: Type 'PluginManifestRecord' is missing the following properties from type 'PluginManifestRecord': id, channels, providers, cliBackends, and 3 more.
engine/plugins/tools.ts(852,11): error TS2322: Type 'unknown' is not assignable to type 'string'.
engine/plugins/tools.ts(861,11): error TS2322: Type 'unknown' is not assignable to type 'string'.
engine/plugins/tools.ts(879,11): error TS2740: Type 'PluginManifestRecord' is missing the following properties from type 'PluginManifestRecord': id, channels, providers, cliBackends, and 3 more.
engine/plugins/tools.ts(894,26): error TS2345: Argument of type 'unknown' is not assignable to parameter of type 'string'.
engine/plugins/tools.ts(1079,5): error TS2322: Type 'Set<[string, string]>' is not assignable to type 'Set<string>'.
  Type '[string, string]' is not assignable to type 'string'.
engine/plugins/tools.ts(1195,11): error TS2740: Type 'PluginManifestRecord' is missing the following properties from type 'PluginManifestRecord': id, channels, providers, cliBackends, and 3 more.
engine/plugins/tools.ts(1217,9): error TS2322: Type 'Set<[string, string]>' is not assignable to type 'Set<string>'.
  Type '[string, string]' is not assignable to type 'string'.
engine/plugins/tools.ts(1256,36): error TS2345: Argument of type 'import("/Users/chouray/WorkBuddy/2026-05-25-10-01-22/cross-wms/server/engine/plugins/plugin-metadata-snapshot.types").PluginManifestRecord' is not assignable to parameter of type 'import("/Users/chouray/WorkBuddy/2026-05-25-10-01-22/cross-wms/server/engine/plugins/manifest-registry").PluginManifestRecord'.
  Type 'PluginManifestRecord' is missing the following properties from type 'PluginManifestRecord': id, channels, providers, cliBackends, and 3 more.
engine/plugins/tools.ts(1260,15): error TS2322: Type 'Set<[string, string]>' is not assignable to type 'Set<string>'.
  Type '[string, string]' is not assignable to type 'string'.
engine/plugins/tools.ts(1273,13): error TS2740: Type 'PluginManifestRecord' is missing the following properties from type 'PluginManifestRecord': id, channels, providers, cliBackends, and 3 more.
engine/plugins/tools.ts(1294,13): error TS2322: Type 'Set<[string, string]>' is not assignable to type 'Set<string>'.
  Type '[string, string]' is not assignable to type 'string'.
engine/plugins/tools.ts(1354,9): error TS2322: Type 'import("/Users/chouray/WorkBuddy/2026-05-25-10-01-22/cross-wms/server/engine/plugins/plugin-metadata-snapshot.types").PluginManifestRecord | undefined' is not assignable to type 'import("/Users/chouray/WorkBuddy/2026-05-25-10-01-22/cross-wms/server/engine/plugins/manifest-registry").PluginManifestRecord | undefined'.
  Type 'PluginManifestRecord' is missing the following properties from type 'PluginManifestRecord': id, channels, providers, cliBackends, and 3 more.
engine/plugins/tools.ts(1361,11): error TS2322: Type 'import("/Users/chouray/WorkBuddy/2026-05-25-10-01-22/cross-wms/server/engine/plugins/plugin-metadata-snapshot.types").PluginManifestRecord | undefined' is not assignable to type 'import("/Users/chouray/WorkBuddy/2026-05-25-10-01-22/cross-wms/server/engine/plugins/manifest-registry").PluginManifestRecord | undefined'.
  Type 'PluginManifestRecord' is missing the following properties from type 'PluginManifestRecord': id, channels, providers, cliBackends, and 3 more.
engine/plugins/tools.ts(1365,11): error TS2322: Type 'import("/Users/chouray/WorkBuddy/2026-05-25-10-01-22/cross-wms/server/engine/plugins/plugin-metadata-snapshot.types").PluginManifestRecord | undefined' is not assignable to type 'import("/Users/chouray/WorkBuddy/2026-05-25-10-01-22/cross-wms/server/engine/plugins/manifest-registry").PluginManifestRecord | undefined'.
  Type 'PluginManifestRecord' is missing the following properties from type 'PluginManifestRecord': id, channels, providers, cliBackends, and 3 more.
engine/plugins/tools.ts(1390,7): error TS2740: Type 'PluginManifestRecord' is missing the following properties from type 'PluginManifestRecord': id, channels, providers, cliBackends, and 3 more.
engine/plugins/tools.ts(1391,44): error TS2339: Property 'tools' does not exist on type '{}'.
engine/plugins/tools.ts(1393,7): error TS2322: Type 'Set<[string, string]>' is not assignable to type 'Set<string>'.
  Type '[string, string]' is not assignable to type 'string'.
engine/plugins/tools.ts(1410,11): error TS2740: Type 'PluginManifestRecord' is missing the following properties from type 'PluginManifestRecord': id, channels, providers, cliBackends, and 3 more.
engine/plugins/tools.ts(1426,20): error TS2339: Property 'isEnabled' does not exist on type 'SubsystemLogger'.
engine/plugins/trusted-tool-policy.ts(6,3): error TS2305: Module '"./hook-types.js"' has no exported member 'PluginHookBeforeToolCallEvent'.
engine/plugins/trusted-tool-policy.ts(7,3): error TS2305: Module '"./hook-types.js"' has no exported member 'PluginHookBeforeToolCallResult'.
engine/plugins/trusted-tool-policy.ts(8,3): error TS2305: Module '"./hook-types.js"' has no exported member 'PluginHookToolContext'.
engine/plugins/trusted-tool-policy.ts(9,3): error TS2305: Module '"./hook-types.js"' has no exported member 'PluginHookToolInputKind'.
engine/plugins/trusted-tool-policy.ts(10,3): error TS2305: Module '"./hook-types.js"' has no exported member 'PluginHookToolKind'.
engine/plugins/trusted-tool-policy.ts(102,36): error TS2339: Property 'evaluate' does not exist on type '{}'.
engine/plugins/trusted-tool-policy.ts(102,74): error TS2739: Type '{}' is missing the following properties from type 'PluginTrustedToolPolicyRegistration': pluginId, policyId, decision
engine/plugins/trusted-tool-policy.ts(115,30): error TS2339: Property 'id' does not exist on type 'PluginTrustedToolPolicyRegistration'.
engine/plugins/trusted-tool-policy.ts(158,7): error TS2741: Property 'derivedPaths' is missing in type '{}' but required in type 'Pick<PluginHookBeforeToolCallEvent, "derivedPaths">'.
engine/plugins/trusted-tool-policy.ts(206,33): error TS18046: 'getRuntimeConfig' is of type 'unknown'.
engine/plugins/trusted-tool-policy.ts(245,13): error TS2345: Argument of type 'unknown' is not assignable to parameter of type 'Record<string, PluginJsonValue> | undefined'.
engine/plugins/trusted-tool-policy.ts(247,19): error TS2353: Object literal may only specify known properties, and 'cfg' does not exist in type '{ sessionId: string; pluginId?: string | undefined; }'.
engine/plugins/trusted-tool-policy.ts(266,74): error TS2339: Property 'evaluate' does not exist on type 'PluginTrustedToolPolicyRegistration'.
engine/plugins/trusted-tool-policy.ts(268,38): error TS2339: Property 'evaluate' does not exist on type 'PluginTrustedToolPolicyRegistration'.
engine/plugins/uninstall.ts(93,87): error TS2345: Argument of type '"memory" | "contextEngine"' is not assignable to parameter of type 'never'.
  Type '"memory"' is not assignable to type 'never'.
engine/plugins/uninstall.ts(166,48): error TS2339: Property 'installPath' does not exist on type '{}'.
engine/plugins/uninstall.ts(196,45): error TS2339: Property 'installPath' does not exist on type '{}'.
engine/plugins/uninstall.ts(197,29): error TS2339: Property 'source' does not exist on type '{}'.
engine/plugins/uninstall.ts(279,45): error TS2339: Property 'installPath' does not exist on type '{}'.
engine/plugins/uninstall.ts(280,29): error TS2339: Property 'source' does not exist on type '{}'.
engine/plugins/uninstall.ts(322,22): error TS2339: Property 'source' does not exist on type '{}'.
engine/plugins/uninstall.ts(325,22): error TS2339: Property 'sourcePath' does not exist on type '{}'.
engine/plugins/uninstall.ts(325,51): error TS2339: Property 'installPath' does not exist on type '{}'.
engine/plugins/uninstall.ts(329,41): error TS2339: Property 'sourcePath' does not exist on type '{}'.
engine/plugins/uninstall.ts(330,41): error TS2339: Property 'installPath' does not exist on type '{}'.
engine/plugins/uninstall.ts(391,25): error TS18046: 'cfg' is of type 'unknown'.
engine/plugins/uninstall.ts(453,35): error TS2345: Argument of type '"memory"' is not assignable to parameter of type 'never'.
engine/plugins/uninstall.ts(460,42): error TS2345: Argument of type '"contextEngine"' is not assignable to parameter of type 'never'.
engine/plugins/uninstall.ts(501,42): error TS18046: 'cfg' is of type 'unknown'.
engine/plugins/uninstall.ts(502,18): error TS18046: 'cfg' is of type 'unknown'.
engine/plugins/uninstall.ts(518,5): error TS2698: Spread types may only be created from object types.
engine/plugins/uninstall.ts(520,42): error TS2339: Property 'channels' does not exist on type 'unknown'.
engine/plugins/uninstall.ts(542,33): error TS18046: 'config' is of type 'unknown'.
engine/plugins/uninstall.ts(543,35): error TS18046: 'config' is of type 'unknown'.
engine/plugins/uninstall.ts(544,25): error TS18046: 'config' is of type 'unknown'.
engine/plugins/uninstall.ts(646,7): error TS2345: Argument of type 'string[]' is not assignable to parameter of type 'string'.
engine/plugins/uninstall.ts(667,19): error TS2339: Property 'code' does not exist on type 'RunCommandResult'.
engine/plugins/uninstall.ts(672,45): error TS2339: Property 'code' does not exist on type 'RunCommandResult'.
engine/plugins/uninstall.ts(684,11): error TS2345: Argument of type 'string[]' is not assignable to parameter of type 'string'.
engine/plugins/uninstall.ts(706,21): error TS2339: Property 'code' does not exist on type 'RunCommandResult'.
engine/plugins/uninstall.ts(711,47): error TS2339: Property 'code' does not exist on type 'RunCommandResult'.
engine/plugins/web-provider-public-artifacts.explicit.ts(6,3): error TS2305: Module '"./types.js"' has no exported member 'PluginWebFetchProviderEntry'.
engine/plugins/web-provider-public-artifacts.explicit.ts(7,3): error TS2305: Module '"./types.js"' has no exported member 'PluginWebSearchProviderEntry'.
engine/plugins/web-provider-public-artifacts.explicit.ts(8,3): error TS2305: Module '"./types.js"' has no exported member 'WebFetchProviderPlugin'.
engine/plugins/web-provider-public-artifacts.explicit.ts(9,3): error TS2305: Module '"./types.js"' has no exported member 'WebSearchProviderPlugin'.
engine/plugins/web-provider-resolution-shared.ts(3,15): error TS2305: Module '"./loader.js"' has no exported member 'PluginLoadOptions'.
engine/plugins/web-provider-resolution-shared.ts(58,47): error TS2339: Property 'configUiHints' does not exist on type 'PluginManifestRecord'.
engine/plugins/web-provider-resolution-shared.ts(78,24): error TS2322: Type 'PluginManifestRecord[]' is not assignable to type 'readonly PluginManifestRecord[]'.
  Type 'PluginManifestRecord' is missing the following properties from type 'PluginManifestRecord': channels, providers, cliBackends, rootDir, manifestPath
engine/plugins/web-provider-resolution-shared.ts(78,81): error TS2322: Type 'PluginManifestRecord[]' is not assignable to type 'readonly PluginManifestRecord[]'.
  Type 'PluginManifestRecord' is missing the following properties from type 'PluginManifestRecord': channels, providers, cliBackends, rootDir, manifestPath
engine/plugins/web-provider-resolution-shared.ts(128,18): error TS2339: Property 'trustedOfficialInstall' does not exist on type 'PluginManifestRecord'.
engine/plugins/web-search-credential-presence.ts(27,28): error TS18046: 'config' is of type 'unknown'.
engine/plugins/web-search-credential-presence.ts(27,55): error TS18046: 'config' is of type 'unknown'.
engine/plugins/web-search-credential-presence.ts(57,18): error TS2339: Property 'setup' does not exist on type 'PluginManifestRecord'.
engine/plugins/web-search-credential-presence.ts(57,51): error TS7006: Parameter 'provider' implicitly has an 'any' type.
engine/plugins/web-search-credential-presence.ts(58,31): error TS2339: Property 'providerAuthEnvVars' does not exist on type 'PluginManifestRecord'.
engine/plugins/web-search-credential-presence.ts(72,6): error TS18046: 'params.config' is of type 'unknown'.
engine/plugins/web-search-install-catalog.ts(118,5): error TS2353: Object literal may only specify known properties, and 'getCredentialValue' does not exist in type 'PluginWebSearchProviderEntry'.
engine/plugins/web-search-install-catalog.ts(159,7): error TS18048: 'left.provider.label' is possibly 'undefined'.
engine/plugins/web-search-install-catalog.ts(159,41): error TS2769: No overload matches this call.
  Overload 1 of 3, '(that: string, locales?: LocalesArgument, options?: CollatorOptions | undefined): number', gave the following error.
    Argument of type 'string | undefined' is not assignable to parameter of type 'string'.
      Type 'undefined' is not assignable to type 'string'.
  Overload 2 of 3, '(that: string, locales?: string | string[] | undefined, options?: CollatorOptions | undefined): number', gave the following error.
    Argument of type 'string | undefined' is not assignable to parameter of type 'string'.
      Type 'undefined' is not assignable to type 'string'.
  Overload 3 of 3, '(that: string): number', gave the following error.
    Argument of type 'string | undefined' is not assignable to parameter of type 'string'.
      Type 'undefined' is not assignable to type 'string'.
engine/plugins/web-search-install-catalog.ts(170,22): error TS2339: Property 'requiresCredential' does not exist on type 'PluginWebSearchProviderEntry'.
engine/plugins/web-search-install-catalog.ts(171,22): error TS2339: Property 'envVars' does not exist on type 'PluginWebSearchProviderEntry'.
engine/plugins/web-search-install-catalog.ts(171,36): error TS7006: Parameter 'envVar' implicitly has an 'any' type.
engine/provider-registry/unifiedProviderRegistry.ts(361,7): error TS2740: Type '{ 'openai-chat': number; 'openai-responses': number; 'openai-completions': number; 'anthropic-messages': number; 'google-generative-ai': number; 'qwen-chat': number; 'moonshot-chat': number; 'azure-openai': number; }' is missing the following properties from type 'Record<ModelApiType, number>': "groq-chat", "xai-chat", "vllm-chat", "zai-chat", and 48 more.
engine/secrets/resolve.ts(41,52): error TS2353: Object literal may only specify known properties, and 'env' does not exist in type '(key: string, source: string) => string | null'.
engine/skills/config/mutations.ts(259,7): error TS2353: Object literal may only specify known properties, and 'changes' does not exist in type 'Omit<SkillConfigMutation, "id" | "timestamp" | "skillName">'.
engine/skills/discovery/agent-allowlist.ts(13,31): error TS2345: Argument of type 'string' is not assignable to parameter of type 'Record<string, unknown>'.
engine/skills/discovery/agent-filter.ts(90,28): error TS2339: Property 'map' does not exist on type 'never'.
engine/skills/discovery/agent-filter.ts(90,33): error TS7006: Parameter 't' implicitly has an 'any' type.
engine/skills/discovery/agent-filter.ts(92,30): error TS7006: Parameter 't' implicitly has an 'any' type.
engine/skills/discovery/chat-commands.ts(19,31): error TS2345: Argument of type 'string' is not assignable to parameter of type 'Record<string, unknown>'.
engine/skills/discovery/chat-commands.ts(105,37): error TS2345: Argument of type 'ChatCommandType | null' is not assignable to parameter of type 'ChatCommandType'.
  Type 'null' is not assignable to type 'ChatCommandType'.
engine/skills/discovery/chat-commands.ts(441,42): error TS2339: Property 'name' does not exist on type 'SkillCommandSpec'.
engine/skills/discovery/chat-commands.ts(452,15): error TS2339: Property 'name' does not exist on type 'SkillCommandSpec'.
engine/skills/discovery/skill-gating.ts(17,31): error TS2345: Argument of type 'string' is not assignable to parameter of type 'Record<string, unknown>'.
engine/skills/discovery/skill-gating.ts(303,24): error TS2344: Type 'typeof SkillGatingManager' does not satisfy the constraint '(...args: any) => any'.
  Type 'typeof SkillGatingManager' provides no match for the signature '(...args: any): any'.
engine/skills/discovery/skill-priority.ts(20,31): error TS2345: Argument of type 'string' is not assignable to parameter of type 'Record<string, unknown>'.
engine/skills/discovery/status.ts(10,31): error TS2345: Argument of type 'string' is not assignable to parameter of type 'Record<string, unknown>'.
engine/skills/discovery/status.ts(83,34): error TS2339: Property 'disabled' does not exist on type 'SkillMetadata'.
engine/skills/discovery/status.ts(84,46): error TS2339: Property 'disableModelInvocation' does not exist on type 'SkillMetadata'.
engine/skills/discovery/status.ts(195,29): error TS2488: Type 'Promise<SkillEntry[]>' must have a '[Symbol.iterator]()' method that returns an iterator.
engine/skills/discovery/status.ts(203,27): error TS2488: Type 'Promise<SkillEntry[]>' must have a '[Symbol.iterator]()' method that returns an iterator.
engine/skills/discovery/status.ts(203,69): error TS2345: Argument of type '"managed"' is not assignable to parameter of type 'SkillSource | undefined'.
engine/skills/discovery/status.ts(259,27): error TS2339: Property 'disabled' does not exist on type 'SkillMetadata'.
engine/skills/discovery/status.ts(264,32): error TS2339: Property 'disableModelInvocation' does not exist on type 'SkillMetadata'.
engine/skills/lifecycle/install.ts(247,60): error TS2554: Expected 1 arguments, but got 3.
engine/skills/lifecycle/install.ts(249,17): error TS2339: Property 'success' does not exist on type 'void'.
engine/skills/lifecycle/install.ts(250,46): error TS2339: Property 'error' does not exist on type 'void'.
engine/skills/lifecycle/install.ts(258,29): error TS2339: Property 'skillDir' does not exist on type 'void'.
engine/skills/lifecycle/plugin-skills.ts(13,31): error TS2345: Argument of type 'string' is not assignable to parameter of type 'Record<string, unknown>'.
engine/skills/lifecycle/skill-origin.ts(15,31): error TS2345: Argument of type 'string' is not assignable to parameter of type 'Record<string, unknown>'.
engine/skills/lifecycle/version-manager.ts(152,21): error TS2339: Property 'fullPath' does not exist on type 'Dirent<string>'.
engine/skills/lifecycle/version-manager.ts(153,21): error TS2339: Property 'fullPath' does not exist on type 'Dirent<string>'.
engine/skills/lifecycle/version-manager.ts(158,28): error TS2339: Property 'fullPath' does not exist on type 'Dirent<string>'.
engine/skills/loading/bundled-context.ts(4,31): error TS2345: Argument of type 'string' is not assignable to parameter of type 'Record<string, unknown>'.
engine/skills/loading/bundled-context.ts(42,23): error TS2488: Type 'Promise<SkillEntry[]>' must have a '[Symbol.iterator]()' method that returns an iterator.
engine/skills/loading/bundled-context.ts(72,41): error TS1343: The 'import.meta' meta-property is only allowed when the '--module' option is 'es2020', 'es2022', 'esnext', 'system', 'node16', 'node18', 'node20', or 'nodenext'.
engine/skills/loading/config.ts(2,28): error TS2305: Module '"../../config/types.skills.js"' has no exported member 'OpenClawConfig'.
engine/skills/loading/config.ts(101,44): error TS2559: Type 'SkillEntry' has no properties in common with type 'SkillMetadata'.
engine/skills/loading/config.ts(158,49): error TS2559: Type 'SkillEntry' has no properties in common with type 'SkillMetadata'.
engine/skills/loading/config.ts(161,20): error TS2339: Property 'enabled' does not exist on type '{}'.
engine/skills/loading/config.ts(178,22): error TS2339: Property 'env' does not exist on type '{}'.
engine/skills/loading/config.ts(179,23): error TS2339: Property 'apiKey' does not exist on type '{}'.
engine/skills/loading/session.ts(182,46): error TS2558: Expected 0 type arguments, but got 1.
engine/skills/loading/session.ts(186,56): error TS2339: Property 'description' does not exist on type 'string'.
engine/skills/loading/session.ts(191,30): error TS2339: Property 'name' does not exist on type 'string'.
engine/skills/loading/session.ts(198,22): error TS2339: Property 'description' does not exist on type 'string'.
engine/skills/loading/session.ts(198,49): error TS2339: Property 'description' does not exist on type 'string'.
engine/skills/loading/session.ts(205,34): error TS2339: Property 'description' does not exist on type 'string'.
engine/skills/loading/session.ts(211,45): error TS7015: Element implicitly has an 'any' type because index expression is not of type 'number'.
engine/skills/loading/session.ts(224,39): error TS2345: Argument of type 'import("/Users/chouray/WorkBuddy/2026-05-25-10-01-22/cross-wms/server/engine/skills/loading/session").Skill[]' is not assignable to parameter of type 'import("/Users/chouray/WorkBuddy/2026-05-25-10-01-22/cross-wms/server/engine/skills/types").Skill[]'.
  Type 'import("/Users/chouray/WorkBuddy/2026-05-25-10-01-22/cross-wms/server/engine/skills/loading/session").Skill' is not assignable to type 'import("/Users/chouray/WorkBuddy/2026-05-25-10-01-22/cross-wms/server/engine/skills/types").Skill'.
    Types of property 'source' are incompatible.
      Type 'string' is not assignable to type 'SkillSource'.
engine/skills/loading/skill-diagnostics.ts(12,31): error TS2345: Argument of type 'string' is not assignable to parameter of type 'Record<string, unknown>'.
engine/skills/loading/source.ts(1,15): error TS2459: Module '"./skill-contract.js"' declares 'Skill' locally, but it is not exported.
engine/skills/loading/source.ts(13,33): error TS2339: Property 'source' does not exist on type 'SkillSourceCompat'.
engine/skills/research/autocapture.ts(13,31): error TS2345: Argument of type 'string' is not assignable to parameter of type 'Record<string, unknown>'.
engine/skills/research/autocapture.ts(205,54): error TS18048: 'filter.startTime' is possibly 'undefined'.
engine/skills/research/autocapture.ts(209,54): error TS18048: 'filter.endTime' is possibly 'undefined'.
engine/skills/runtime/cron-snapshot.ts(90,39): error TS2345: Argument of type '{ [key: string]: unknown; skill: { [key: string]: unknown; name: string; }; }[]' is not assignable to parameter of type 'readonly SkillEntry[]'.
  Property 'frontmatter' is missing in type '{ [key: string]: unknown; skill: { [key: string]: unknown; name: string; }; }' but required in type 'SkillEntry'.
engine/skills/runtime/cron-snapshot.ts(91,48): error TS2345: Argument of type '{ [key: string]: unknown; skill: { [key: string]: unknown; name: string; }; }[]' is not assignable to parameter of type '{ skill: { [key: string]: unknown; name: string; disableModelInvocation?: boolean | undefined; }; frontmatter: Record<string, unknown>; }[]'.
  Property 'frontmatter' is missing in type '{ [key: string]: unknown; skill: { [key: string]: unknown; name: string; }; }' but required in type '{ skill: { [key: string]: unknown; name: string; disableModelInvocation?: boolean | undefined; }; frontmatter: Record<string, unknown>; }'.
engine/skills/runtime/embedded-run-entries.ts(1,15): error TS2305: Module '"../../config/types.skills.js"' has no exported member 'OpenClawConfig'.
engine/skills/runtime/embedded-run-entries.ts(26,5): error TS2322: Type 'never[] | Promise<SkillEntry[]>' is not assignable to type 'SkillEntry[]'.
  Type 'Promise<SkillEntry[]>' is missing the following properties from type 'SkillEntry[]': length, pop, push, concat, and 35 more.
engine/skills/runtime/hot-reload.ts(251,24): error TS2345: Argument of type 'string' is not assignable to parameter of type '"rename" | "change"'.
engine/skills/runtime/refresh.ts(5,15): error TS2305: Module '"../../config/types.skills.js"' has no exported member 'OpenClawConfig'.
engine/skills/runtime/refresh.ts(22,31): error TS2345: Argument of type 'string' is not assignable to parameter of type 'Record<string, unknown>'.
engine/skills/runtime/refresh.ts(182,12): error TS2367: This comparison appears to be unintentional because the types 'Platform' and '"os400"' have no overlap.
engine/skills/runtime/refresh.ts(217,5): error TS2322: Type '(watchPath: any, stats: any) => boolean' is not assignable to type 'AnymatchMatcher | undefined'.
  Type '(watchPath: any, stats: any) => boolean' is not assignable to type 'AnymatchFn'.
    Target signature provides too few arguments. Expected 2 or more, but got 1.
engine/skills/runtime/refresh.ts(217,15): error TS7006: Parameter 'watchPath' implicitly has an 'any' type.
engine/skills/runtime/refresh.ts(217,26): error TS7006: Parameter 'stats' implicitly has an 'any' type.
engine/skills/runtime/refresh.ts(454,5): error TS2322: Type 'SkillEntry[]' is not assignable to type '{ [key: string]: unknown; skill: { [key: string]: unknown; name: string; }; }[]'.
  Type 'SkillEntry' is not assignable to type '{ [key: string]: unknown; skill: { [key: string]: unknown; name: string; }; }'.
    Types of property 'skill' are incompatible.
      Type 'Skill' is not assignable to type '{ [key: string]: unknown; name: string; }'.
        Index signature for type 'string' is missing in type 'Skill'.
engine/skills/runtime/remote-prober.ts(13,31): error TS2345: Argument of type 'string' is not assignable to parameter of type 'Record<string, unknown>'.
engine/skills/runtime/remote-prober.ts(142,28): error TS2339: Property 'platform' does not exist on type 'RemoteNodeProber'.
engine/skills/runtime/session-snapshot.ts(17,31): error TS2345: Argument of type 'string' is not assignable to parameter of type 'Record<string, unknown>'.
engine/skills/runtime/session-snapshot.ts(308,11): error TS2345: Argument of type 'Record<string, unknown>' is not assignable to parameter of type 'Record<string, SkillOrigin>'.
  'string' index signatures are incompatible.
    Type 'unknown' is not assignable to type 'SkillOrigin'.
engine/skills/runtime/session-snapshot.ts(456,5): error TS2322: Type '{ [key: string]: unknown; name: string; disableModelInvocation?: boolean | undefined; }[]' is not assignable to type '{ skill: { [key: string]: unknown; name: string; }; frontmatter: Record<string, unknown>; }[]'.
  Type '{ [key: string]: unknown; name: string; disableModelInvocation?: boolean | undefined; }' is missing the following properties from type '{ skill: { [key: string]: unknown; name: string; }; frontmatter: Record<string, unknown>; }': skill, frontmatter
engine/skills/runtime/session-snapshot.ts(483,3): error TS2322: Type 'SessionSkillSnapshot' is not assignable to type '{ [key: string]: unknown; skills: { [key: string]: unknown; name: string; }[]; resolvedSkills?: { [key: string]: unknown; name: string; description?: string | undefined; }[] | undefined; promptFormatVersion?: string | undefined; prompt?: string | undefined; }'.
  Types of property 'skills' are incompatible.
    Type '{ skill: { [key: string]: unknown; name: string; }; frontmatter: Record<string, unknown>; }[]' is not assignable to type '{ [key: string]: unknown; name: string; }[]'.
      Property 'name' is missing in type '{ skill: { [key: string]: unknown; name: string; }; frontmatter: Record<string, unknown>; }' but required in type '{ [key: string]: unknown; name: string; }'.
engine/skills/runtime/session-snapshot.ts(497,48): error TS2339: Property 'name' does not exist on type '{ skill: { [key: string]: unknown; name: string; }; frontmatter: Record<string, unknown>; }'.
engine/skills/runtime/session-snapshot.ts(498,48): error TS2339: Property 'name' does not exist on type '{ skill: { [key: string]: unknown; name: string; }; frontmatter: Record<string, unknown>; }'.
engine/skills/runtime/session-snapshot.ts(518,45): error TS2339: Property 'name' does not exist on type '{ skill: { [key: string]: unknown; name: string; }; frontmatter: Record<string, unknown>; }'.
engine/skills/runtime/session-snapshot.ts(519,45): error TS2339: Property 'name' does not exist on type '{ skill: { [key: string]: unknown; name: string; }; frontmatter: Record<string, unknown>; }'.
engine/skills/runtime/session-snapshot.ts(534,3): error TS2322: Type '{ skill: { [key: string]: unknown; name: string; }; frontmatter: Record<string, unknown>; } | undefined' is not assignable to type '{ [key: string]: unknown; name: string; } | undefined'.
  Property 'name' is missing in type '{ skill: { [key: string]: unknown; name: string; }; frontmatter: Record<string, unknown>; }' but required in type '{ [key: string]: unknown; name: string; }'.
engine/skills/runtime/session-snapshot.ts(535,14): error TS2339: Property 'name' does not exist on type '{ skill: { [key: string]: unknown; name: string; }; frontmatter: Record<string, unknown>; }'.
engine/skills/runtime/session-snapshot.ts(541,39): error TS2339: Property 'name' does not exist on type '{ skill: { [key: string]: unknown; name: string; }; frontmatter: Record<string, unknown>; }'.
engine/skills/security/install-policy.ts(17,31): error TS2345: Argument of type 'string' is not assignable to parameter of type 'Record<string, unknown>'.
engine/skills/security/sandbox.ts(19,31): error TS2345: Argument of type 'string' is not assignable to parameter of type 'Record<string, unknown>'.
engine/skills/security/scanner.ts(395,16): error TS2367: This comparison appears to be unintentional because the types '"low" | "medium"' and '"warn"' have no overlap.
engine/skills/security/signature-verifier.ts(13,31): error TS2345: Argument of type 'string' is not assignable to parameter of type 'Record<string, unknown>'.
engine/skills/security/signature-verifier.ts(276,36): error TS2345: Argument of type 'string | Buffer<ArrayBufferLike>' is not assignable to parameter of type 'ArrayBufferView<ArrayBufferLike>'.
  Type 'string' is not assignable to type 'ArrayBufferView<ArrayBufferLike>'.
engine/skills/security/signature-verifier.ts(290,50): error TS2345: Argument of type 'string | Buffer<ArrayBufferLike>' is not assignable to parameter of type 'ArrayBufferView<ArrayBufferLike>'.
  Type 'string' is not assignable to type 'ArrayBufferView<ArrayBufferLike>'.
engine/skills/security/signature-verifier.ts(475,24): error TS2344: Type 'typeof SourceVerifier' does not satisfy the constraint '(...args: any) => any'.
  Type 'typeof SourceVerifier' provides no match for the signature '(...args: any): any'.
engine/skills/security/workspace-audit.ts(5,31): error TS2345: Argument of type 'string' is not assignable to parameter of type 'Record<string, unknown>'.
engine/skills/test-support/test-helpers.ts(3,15): error TS2459: Module '"../loading/skill-contract.js"' declares 'Skill' locally, but it is not exported.
engine/skills/workshop/config.ts(1,15): error TS2305: Module '"../../config/types.skills.js"' has no exported member 'OpenClawConfig'.
engine/skills/workshop/policy.ts(1,15): error TS2305: Module '"../../config/types.skills.js"' has no exported member 'OpenClawConfig'.
engine/skills/workshop/service.ts(220,10): error TS18047: 'updatedRecord' is possibly 'null'.
engine/skills/workshop/service.ts(220,33): error TS18047: 'updatedRecord' is possibly 'null'.
engine/skills/workshop/service.ts(221,5): error TS18047: 'updatedRecord' is possibly 'null'.
engine/skills/workshop/service.ts(222,18): error TS18047: 'updatedRecord' is possibly 'null'.
engine/skills/workshop/service.ts(227,38): error TS2345: Argument of type 'SkillProposalRecord | null' is not assignable to parameter of type 'SkillProposalRecord'.
  Type 'null' is not assignable to type 'SkillProposalRecord'.
engine/skills/workshop/service.ts(231,19): error TS18047: 'updatedRecord' is possibly 'null'.
engine/skills/workshop/service.ts(232,18): error TS18047: 'updatedRecord' is possibly 'null'.
engine/skills/workshop/service.ts(235,18): error TS18047: 'updatedRecord' is possibly 'null'.
engine/skills/workshop/service.ts(239,7): error TS2322: Type 'SkillProposalRecord | null' is not assignable to type 'SkillProposalRecord'.
  Type 'null' is not assignable to type 'SkillProposalRecord'.
engine/skills/workshop/service.ts(262,10): error TS18047: 'updatedRecord' is possibly 'null'.
engine/skills/workshop/service.ts(262,33): error TS18047: 'updatedRecord' is possibly 'null'.
engine/skills/workshop/service.ts(263,5): error TS18047: 'updatedRecord' is possibly 'null'.
engine/skills/workshop/service.ts(264,18): error TS18047: 'updatedRecord' is possibly 'null'.
engine/skills/workshop/service.ts(269,38): error TS2345: Argument of type 'SkillProposalRecord | null' is not assignable to parameter of type 'SkillProposalRecord'.
  Type 'null' is not assignable to type 'SkillProposalRecord'.
engine/skills/workshop/service.ts(273,19): error TS18047: 'updatedRecord' is possibly 'null'.
engine/skills/workshop/service.ts(274,18): error TS18047: 'updatedRecord' is possibly 'null'.
engine/skills/workshop/service.ts(277,18): error TS18047: 'updatedRecord' is possibly 'null'.
engine/skills/workshop/service.ts(538,10): error TS18047: 'updatedRecord' is possibly 'null'.
engine/skills/workshop/service.ts(538,33): error TS18047: 'updatedRecord' is possibly 'null'.
engine/skills/workshop/service.ts(539,5): error TS18047: 'updatedRecord' is possibly 'null'.
engine/skills/workshop/service.ts(540,18): error TS18047: 'updatedRecord' is possibly 'null'.
engine/skills/workshop/service.ts(545,38): error TS2345: Argument of type 'SkillProposalRecord | null' is not assignable to parameter of type 'SkillProposalRecord'.
  Type 'null' is not assignable to type 'SkillProposalRecord'.
engine/skills/workshop/service.ts(549,19): error TS18047: 'updatedRecord' is possibly 'null'.
engine/skills/workshop/service.ts(550,18): error TS18047: 'updatedRecord' is possibly 'null'.
engine/skills/workshop/service.ts(553,18): error TS18047: 'updatedRecord' is possibly 'null'.
engine/skills/workshop/service.ts(557,7): error TS2322: Type 'SkillProposalRecord | null' is not assignable to type 'SkillProposalRecord'.
  Type 'null' is not assignable to type 'SkillProposalRecord'.
engine/skills/workshop/workshop-service.ts(15,31): error TS2345: Argument of type 'string' is not assignable to parameter of type 'Record<string, unknown>'.
index.ts(790,13): error TS2339: Property 'stop' does not exist on type 'Promise<{ stop: () => void; }>'.
middleware/errorHandler.ts(6,36): error TS2307: Cannot find module 'koa' or its corresponding type declarations.
routes/skills-api.ts(149,9): error TS18046: 's.name' is of type 'unknown'.
routes/skills-api.ts(150,9): error TS18046: 's.desc' is of type 'unknown'.
routes/skills-api.ts(151,27): error TS2339: Property 'toLowerCase' does not exist on type '{}'.
routes/skills-api.ts(170,29): error TS2554: Expected 2 arguments, but got 1.
routes/skills-api.ts(175,24): error TS2339: Property 'score' does not exist on type 'AuditResult'.
routes/skills-api.ts(176,24): error TS2339: Property 'level' does not exist on type 'AuditResult'.
routes/skills-api.ts(177,25): error TS2339: Property 'issues' does not exist on type 'AuditResult'.
routes/skills-api.ts(201,24): error TS2554: Expected 1 arguments, but got 0.
